Archive member included to satisfy reference by file (symbol)

/n64_toolchain/lib/gcc/mips64-elf/14.2.0/../../../../mips64-elf/lib/libdragon.a(n64sys.o)
                              build/testrom.o (__boot_consoletype)
/n64_toolchain/lib/gcc/mips64-elf/14.2.0/../../../../mips64-elf/lib/libdragon.a(interrupt.o)
                              build/testrom.o (register_VI_handler)
/n64_toolchain/lib/gcc/mips64-elf/14.2.0/../../../../mips64-elf/lib/libdragon.a(backtrace.o)
                              build/testrom.o (__bt_analyze_func)
/n64_toolchain/lib/gcc/mips64-elf/14.2.0/../../../../mips64-elf/lib/libdragon.a(inthandler.o)
                              /n64_toolchain/lib/gcc/mips64-elf/14.2.0/../../../../mips64-elf/lib/libdragon.a(backtrace.o) (inthandler)
/n64_toolchain/lib/gcc/mips64-elf/14.2.0/../../../../mips64-elf/lib/libdragon.a(entrypoint.o)
                              (_start)
/n64_toolchain/lib/gcc/mips64-elf/14.2.0/../../../../mips64-elf/lib/libdragon.a(debug.o)
                              build/testrom.o (debug_init_usblog)
/n64_toolchain/lib/gcc/mips64-elf/14.2.0/../../../../mips64-elf/lib/libdragon.a(usb.o)
                              /n64_toolchain/lib/gcc/mips64-elf/14.2.0/../../../../mips64-elf/lib/libdragon.a(debug.o) (usb_write)
/n64_toolchain/lib/gcc/mips64-elf/14.2.0/../../../../mips64-elf/lib/libdragon.a(cart.o)
                              /n64_toolchain/lib/gcc/mips64-elf/14.2.0/../../../../mips64-elf/lib/libdragon.a(debug.o) (cart_init)
/n64_toolchain/lib/gcc/mips64-elf/14.2.0/../../../../mips64-elf/lib/libdragon.a(ff.o)
                              /n64_toolchain/lib/gcc/mips64-elf/14.2.0/../../../../mips64-elf/lib/libdragon.a(debug.o) (f_mount)
/n64_toolchain/lib/gcc/mips64-elf/14.2.0/../../../../mips64-elf/lib/libdragon.a(ffunicode.o)
                              /n64_toolchain/lib/gcc/mips64-elf/14.2.0/../../../../mips64-elf/lib/libdragon.a(ff.o) (ff_uni2oem)
/n64_toolchain/lib/gcc/mips64-elf/14.2.0/../../../../mips64-elf/lib/libdragon.a(fat.o)
                              /n64_toolchain/lib/gcc/mips64-elf/14.2.0/../../../../mips64-elf/lib/libdragon.a(ff.o) (disk_initialize)
/n64_toolchain/lib/gcc/mips64-elf/14.2.0/../../../../mips64-elf/lib/libdragon.a(rompak.o)
                              /n64_toolchain/lib/gcc/mips64-elf/14.2.0/../../../../mips64-elf/lib/libdragon.a(backtrace.o) (rompak_search_ext)
/n64_toolchain/lib/gcc/mips64-elf/14.2.0/../../../../mips64-elf/lib/libdragon.a(dragonfs.o)
                              build/testrom.o (dfs_open)
/n64_toolchain/lib/gcc/mips64-elf/14.2.0/../../../../mips64-elf/lib/libdragon.a(surface.o)
                              build/testrom.o (tex_format_name)
/n64_toolchain/lib/gcc/mips64-elf/14.2.0/../../../../mips64-elf/lib/libdragon.a(console.o)
                              build/testrom.o (console_init)
/n64_toolchain/lib/gcc/mips64-elf/14.2.0/../../../../mips64-elf/lib/libdragon.a(eeprom.o)
                              build/testrom.o (eeprom_total_blocks)
/n64_toolchain/lib/gcc/mips64-elf/14.2.0/../../../../mips64-elf/lib/libdragon.a(eepromfs.o)
                              build/testrom.o (eepfs_init)
/n64_toolchain/lib/gcc/mips64-elf/14.2.0/../../../../mips64-elf/lib/libdragon.a(graphics.o)
                              /n64_toolchain/lib/gcc/mips64-elf/14.2.0/../../../../mips64-elf/lib/libdragon.a(console.o) (graphics_set_color)
/n64_toolchain/lib/gcc/mips64-elf/14.2.0/../../../../mips64-elf/lib/libdragon.a(rdp.o)
                              build/testrom.o (rdp_draw_filled_triangle)
/n64_toolchain/lib/gcc/mips64-elf/14.2.0/../../../../mips64-elf/lib/libdragon.a(rsp.o)
                              build/testrom.o (__rsp_check_assert)
/n64_toolchain/lib/gcc/mips64-elf/14.2.0/../../../../mips64-elf/lib/libdragon.a(rsp_crash.o)
                              /n64_toolchain/lib/gcc/mips64-elf/14.2.0/../../../../mips64-elf/lib/libdragon.a(rsp.o) (rsp_crash_data_start)
/n64_toolchain/lib/gcc/mips64-elf/14.2.0/../../../../mips64-elf/lib/libdragon.a(inspector.o)
                              /n64_toolchain/lib/gcc/mips64-elf/14.2.0/../../../../mips64-elf/lib/libdragon.a(debug.o) (__inspector_assertion)
/n64_toolchain/lib/gcc/mips64-elf/14.2.0/../../../../mips64-elf/lib/libdragon.a(sprite.o)
                              /n64_toolchain/lib/gcc/mips64-elf/14.2.0/../../../../mips64-elf/lib/libdragon.a(graphics.o) (__sprite_upgrade)
/n64_toolchain/lib/gcc/mips64-elf/14.2.0/../../../../mips64-elf/lib/libdragon.a(dma.o)
                              /n64_toolchain/lib/gcc/mips64-elf/14.2.0/../../../../mips64-elf/lib/libdragon.a(debug.o) (io_accessible)
/n64_toolchain/lib/gcc/mips64-elf/14.2.0/../../../../mips64-elf/lib/libdragon.a(timer.o)
                              build/testrom.o (timer_init)
/n64_toolchain/lib/gcc/mips64-elf/14.2.0/../../../../mips64-elf/lib/libdragon.a(exception.o)
                              build/testrom.o (register_exception_handler)
[...]
Memory Configuration

Name             Origin             Length             Attributes
*default*        0x00000000         0xffffffff

Linker script and memory map

LOAD /n64_toolchain/lib/gcc/mips64-elf/14.2.0/crti.o
LOAD /n64_toolchain/lib/gcc/mips64-elf/14.2.0/crtbegin.o
LOAD build/testrom.o
LOAD build/test_constructors_cpp.o
LOAD build/rsp_test.o
LOAD build/rsp_test2.o
LOAD build/backtrace.o
LOAD /n64_toolchain/lib/gcc/mips64-elf/14.2.0/../../../../mips64-elf/lib/libdragon.a
LOAD /n64_toolchain/lib/gcc/mips64-elf/14.2.0/../../../../mips64-elf/lib/libm.a
LOAD /n64_toolchain/lib/gcc/mips64-elf/14.2.0/../../../../mips64-elf/lib/libdragonsys.a

.intvectors     0x80000000      0x188
                0x80000000                        . = ALIGN (0x20)
 *(.intvectors)
 .intvectors    0x80000000      0x188 /n64_toolchain/lib/gcc/mips64-elf/14.2.0/../../../../mips64-elf/lib/libdragon.a(inthandler.o)
                0x80000188                        __intvectors_end = .

.text           0x80000400    0x88cb0
                0x80000400                        __text_start = .
 *(.boot)
 .boot          0x80000400       0x74 /n64_toolchain/lib/gcc/mips64-elf/14.2.0/../../../../mips64-elf/lib/libdragon.a(entrypoint.o)
                0x80000400                _start
                0x80000480                        . = ALIGN (0x10)
 *fill*         0x80000474        0xc 
 *(.text)
 .text          0x80000480      0x1c0 build/backtrace.o
                0x800004c4                test_bt_1_start
                0x8000055c                test_bt_2_start
                0x80000580                test_bt_3_start
                0x800005e0                test_bt_4_start
                0x800005f8                test_bt_5
                0x80000638                test_bt_5_start
 .text          0x80000640      0x400 /n64_toolchain/lib/gcc/mips64-elf/14.2.0/../../../../mips64-elf/lib/libdragon.a(inthandler.o)
                0x80000640                inthandler
                0x80000a40                inthandler_end
 .text          0x80000a40      0x110 /n64_toolchain/lib/gcc/mips64-elf/14.2.0/../../../../mips64-elf/lib/libm.a(libm_a-sf_floor.o)
                0x80000a40                floorf
 .text          0x80000b50      0x160 /n64_toolchain/lib/gcc/mips64-elf/14.2.0/../../../../mips64-elf/lib/libm.a(libm_a-wf_pow.o)
                0x80000b50                powf
 .text          0x80000cb0       0x20 /n64_toolchain/lib/gcc/mips64-elf/14.2.0/../../../../mips64-elf/lib/libm.a(libm_a-sf_finite.o)
                0x80000cb0                finitef
 .text          0x80000cd0       0x98 /n64_toolchain/lib/gcc/mips64-elf/14.2.0/../../../../mips64-elf/lib/libm.a(libm_a-sf_round.o)
                0x80000cd0                roundf
 .text          0x80000d68      0x1c0 /n64_toolchain/lib/gcc/mips64-elf/14.2.0/../../../../mips64-elf/lib/libm.a(libm_a-s_floor.o)
                0x80000d68                floor
 .text          0x80000f28       0x20 /n64_toolchain/lib/gcc/mips64-elf/14.2.0/../../../../mips64-elf/lib/libm.a(libm_a-sf_fabs.o)
                0x80000f28                fabsf
 .text          0x80000f48      0x9d0 /n64_toolchain/lib/gcc/mips64-elf/14.2.0/../../../../mips64-elf/lib/libm.a(libm_a-ef_pow.o)
                0x80000f48                __ieee754_powf
 .text          0x80001918      0x188 /n64_toolchain/lib/gcc/mips64-elf/14.2.0/../../../../mips64-elf/lib/libm.a(libm_a-sf_scalbn.o)
                0x80001918                scalbnf
 .text          0x80001aa0       0xd0 /n64_toolchain/lib/gcc/mips64-elf/14.2.0/../../../../mips64-elf/lib/libm.a(libm_a-math_errf.o)
                0x80001b08                __math_uflowf
                0x80001b10                __math_oflowf
                0x80001b18                __math_divzerof
                0x80001b48                __math_invalidf
 .text          0x80001b70      0x190 /n64_toolchain/lib/gcc/mips64-elf/14.2.0/../../../../mips64-elf/lib/libm.a(libm_a-ef_sqrt.o)
                0x80001b70                __ieee754_sqrtf
 .text          0x80001d00       0x58 /n64_toolchain/lib/gcc/mips64-elf/14.2.0/../../../../mips64-elf/lib/libc.a(libc_a-rand.o)
                0x80001d00                srand
                0x80001d18                rand
 .text          0x80001d58      0x3d0 /n64_toolchain/lib/gcc/mips64-elf/14.2.0/../../../../mips64-elf/lib/libc.a(libc_a-fread.o)
                0x80001d58                _fread_r
                0x800020f8                fread
 .text          0x80002128      0x1b8 /n64_toolchain/lib/gcc/mips64-elf/14.2.0/../../../../mips64-elf/lib/libc.a(libc_a-vsnprintf.o)
                0x80002128                vsnprintf
                0x80002200                _vsnprintf_r
 .text          0x800022e0       0x10 /n64_toolchain/lib/gcc/mips64-elf/14.2.0/../../../../mips64-elf/lib/libc.a(libc_a-strtok.o)
                0x800022e0                strtok
 .text          0x800022f0       0xf8 /n64_toolchain/lib/gcc/mips64-elf/14.2.0/../../../../mips64-elf/lib/libc.a(libc_a-fileno.o)
                0x800022f0                fileno
 .text          0x800023e8     0x2a08 /n64_toolchain/lib/gcc/mips64-elf/14.2.0/../../../../mips64-elf/lib/libc.a(libc_a-vfprintf.o)
                0x800023e8                _vfprintf_r
                0x80004cd8                vfprintf
 .text          0x80004df0       0x18 /n64_toolchain/lib/gcc/mips64-elf/14.2.0/../../../../mips64-elf/lib/libc.a(libc_a-ftell.o)
                0x80004df0                _ftell_r
                0x80004df8                ftell
 .text          0x80004e08      0x11c /n64_toolchain/lib/gcc/mips64-elf/14.2.0/../../../../mips64-elf/lib/libc.a(libc_a-memset.o)
                0x80004e08                memset
 *fill*         0x80004f24        0x4 
 .text          0x80004f28       0x10 /n64_toolchain/lib/gcc/mips64-elf/14.2.0/../../../../mips64-elf/lib/libc.a(libc_a-lcltime.o)
                0x80004f28                localtime
 .text          0x80004f38      0x188 /n64_toolchain/lib/gcc/mips64-elf/14.2.0/../../../../mips64-elf/lib/libc.a(libc_a-strchr.o)
                0x80004f38                strchr
 .text          0x800050c0     0x2718 /n64_toolchain/lib/gcc/mips64-elf/14.2.0/../../../../mips64-elf/lib/libc.a(libc_a-svfprintf.o)
                0x800050c0                _svfprintf_r
 .text          0x800077d8      0xbb8 /n64_toolchain/lib/gcc/mips64-elf/14.2.0/../../../../mips64-elf/lib/libc.a(libc_a-strstr.o)
                0x80008090                strstr
 .text          0x80008390       0x78 /n64_toolchain/lib/gcc/mips64-elf/14.2.0/../../../../mips64-elf/lib/libc.a(libc_a-rewind.o)
                0x80008390                _rewind_r
                0x800083c8                rewind
 .text          0x80008408       0x30 /n64_toolchain/lib/gcc/mips64-elf/14.2.0/../../../../mips64-elf/lib/libc.a(libc_a-vprintf.o)
                0x80008408                vprintf
                0x80008420                _vprintf_r
 .text          0x80008438      0x1e8 /n64_toolchain/lib/gcc/mips64-elf/14.2.0/../../../../mips64-elf/lib/libc.a(libc_a-ftello.o)
                0x80008438                _ftello_r
                0x80008610                ftello
 .text          0x80008620      0x458 /n64_toolchain/lib/gcc/mips64-elf/14.2.0/../../../../mips64-elf/lib/libc.a(libc_a-fflush.o)
                0x80008620                __sflush_r
                0x80008878                _fflush_r
                0x80008980                fflush
 .text          0x80008a78      0x2f0 /n64_toolchain/lib/gcc/mips64-elf/14.2.0/../../../../mips64-elf/lib/libc.a(libc_a-setvbuf.o)
                0x80008a78                setvbuf
 .text          0x80008d68       0xc8 /n64_toolchain/lib/gcc/mips64-elf/14.2.0/../../../../mips64-elf/lib/libc.a(libc_a-strncmp.o)
                0x80008d68                strncmp
 .text          0x80008e30      0x5c8 /n64_toolchain/lib/gcc/mips64-elf/14.2.0/../../../../mips64-elf/lib/libc.a(libc_a-fmemopen.o)
                0x80009148                _fmemopen_r
                0x800093e0                fmemopen
 .text          0x800093f8       0x90 /n64_toolchain/lib/gcc/mips64-elf/14.2.0/../../../../mips64-elf/lib/libc.a(libc_a-stpcpy.o)
                0x800093f8                stpcpy
 .text          0x80009488      0x168 /n64_toolchain/lib/gcc/mips64-elf/14.2.0/../../../../mips64-elf/lib/libc.a(libc_a-memmove.o)
                0x80009488                memmove
 .text          0x800095f0       0x18 /n64_toolchain/lib/gcc/mips64-elf/14.2.0/../../../../mips64-elf/lib/libc.a(libc_a-calloc.o)
                0x800095f0                calloc
 .text          0x80009608       0xc0 /n64_toolchain/lib/gcc/mips64-elf/14.2.0/../../../../mips64-elf/lib/libc.a(libc_a-vsprintf.o)
                0x80009608                vsprintf
                0x80009670                _vsprintf_r
 .text          0x800096c8        0x8 /n64_toolchain/lib/gcc/mips64-elf/14.2.0/../../../../mips64-elf/lib/libc.a(libc_a-errno.o)
                0x800096c8                __errno
 .text          0x800096d0      0x240 /n64_toolchain/lib/gcc/mips64-elf/14.2.0/../../../../mips64-elf/lib/libc.a(libc_a-strcmp.o)
                0x800096d0                strcmp
 .text          0x80009910       0x18 /n64_toolchain/lib/gcc/mips64-elf/14.2.0/../../../../mips64-elf/lib/libc.a(libc_a-abort.o)
                0x80009910                abort
 .text          0x80009928      0x120 /n64_toolchain/lib/gcc/mips64-elf/14.2.0/../../../../mips64-elf/lib/libc.a(libc_a-callocr.o)
                0x80009928                _calloc_r
 .text          0x80009a48      0x190 /n64_toolchain/lib/gcc/mips64-elf/14.2.0/../../../../mips64-elf/lib/libc.a(libc_a-fputc.o)
                0x80009a48                _fputc_r
                0x80009b10                fputc
 .text          0x80009bd8       0xc8 /n64_toolchain/lib/gcc/mips64-elf/14.2.0/../../../../mips64-elf/lib/libc.a(libc_a-flags.o)
                0x80009bd8                __sflags
 .text          0x80009ca0      0x8c8 /n64_toolchain/lib/gcc/mips64-elf/14.2.0/../../../../mips64-elf/lib/libc.a(libc_a-mallocr.o)
                0x80009ca0                _malloc_r
 .text          0x8000a568       0x20 /n64_toolchain/lib/gcc/mips64-elf/14.2.0/../../../../mips64-elf/lib/libc.a(libc_a-putchar.o)
                0x8000a568                _putchar_r
                0x8000a570                putchar
 .text          0x8000a588       0x98 /n64_toolchain/lib/gcc/mips64-elf/14.2.0/../../../../mips64-elf/lib/libc.a(libc_a-strcat.o)
                0x8000a588                strcat
 .text          0x8000a620     0x1810 /n64_toolchain/lib/gcc/mips64-elf/14.2.0/../../../../mips64-elf/lib/libc.a(libc_a-dtoa.o)
                0x8000a870                _dtoa_r
 .text          0x8000be30      0x1e0 /n64_toolchain/lib/gcc/mips64-elf/14.2.0/../../../../mips64-elf/lib/libc.a(libc_a-wsetup.o)
                0x8000be30                __swsetup_r
 .text          0x8000c010      0x470 /n64_toolchain/lib/gcc/mips64-elf/14.2.0/../../../../mips64-elf/lib/libc.a(libc_a-freer.o)
                0x8000c010                _malloc_trim_r
                0x8000c150                _free_r
 .text          0x8000c480       0xc0 /n64_toolchain/lib/gcc/mips64-elf/14.2.0/../../../../mips64-elf/lib/libc.a(libc_a-strtok_r.o)
                0x8000c480                __strtok_r
                0x8000c538                strtok_r
 .text          0x8000c540       0x20 /n64_toolchain/lib/gcc/mips64-elf/14.2.0/../../../../mips64-elf/lib/libc.a(libc_a-fseek.o)
                0x8000c540                _fseek_r
                0x8000c548                fseek
 .text          0x8000c560       0x80 /n64_toolchain/lib/gcc/mips64-elf/14.2.0/../../../../mips64-elf/lib/libc.a(libc_a-memcmp.o)
                0x8000c560                memcmp
 .text          0x8000c5e0      0x1b0 /n64_toolchain/lib/gcc/mips64-elf/14.2.0/../../../../mips64-elf/lib/libc.a(libc_a-fclose.o)
                0x8000c5e0                _fclose_r
                0x8000c780                fclose
 .text          0x8000c790       0x70 /n64_toolchain/lib/gcc/mips64-elf/14.2.0/../../../../mips64-elf/lib/libc.a(libc_a-strrchr.o)
                0x8000c790                strrchr
 .text          0x8000c800      0x550 /n64_toolchain/lib/gcc/mips64-elf/14.2.0/../../../../mips64-elf/lib/libc.a(libc_a-fseeko.o)
                0x8000c800                _fseeko_r
                0x8000cd38                fseeko
 .text          0x8000cd50      0x1c8 /n64_toolchain/lib/gcc/mips64-elf/14.2.0/../../../../mips64-elf/lib/libc.a(libc_a-snprintf.o)
                0x8000cd50                _snprintf_r
                0x8000ce30                snprintf
 .text          0x8000cf18       0xa8 /n64_toolchain/lib/gcc/mips64-elf/14.2.0/../../../../mips64-elf/lib/libc.a(libc_a-strcpy.o)
                0x8000cf18                strcpy
 .text          0x8000cfc0       0xd0 /n64_toolchain/lib/gcc/mips64-elf/14.2.0/../../../../mips64-elf/lib/libc.a(libc_a-bsearch.o)
                0x8000cfc0                bsearch
 .text          0x8000d090       0x20 /n64_toolchain/lib/gcc/mips64-elf/14.2.0/../../../../mips64-elf/lib/libc.a(libc_a-malloc.o)
                0x8000d090                malloc
                0x8000d0a0                free
 .text          0x8000d0b0      0x240 /n64_toolchain/lib/gcc/mips64-elf/14.2.0/../../../../mips64-elf/lib/libc.a(libc_a-putc.o)
                0x8000d0b0                _putc_r
                0x8000d1c0                putc
 .text          0x8000d2f0      0x190 /n64_toolchain/lib/gcc/mips64-elf/14.2.0/../../../../mips64-elf/lib/libc.a(libc_a-stdio.o)
                0x8000d2f0                __sread
                0x8000d348                __seofread
                0x8000d350                __swrite
                0x8000d410                __sseek
                0x8000d478                __sclose
 .text          0x8000d480       0x68 /n64_toolchain/lib/gcc/mips64-elf/14.2.0/../../../../mips64-elf/lib/libc.a(libc_a-fprintf.o)
                0x8000d480                _fprintf_r
                0x8000d4a8                fprintf
 .text          0x8000d4e8       0x50 /n64_toolchain/lib/gcc/mips64-elf/14.2.0/../../../../mips64-elf/lib/libc.a(libc_a-strlcpy.o)
                0x8000d4e8                strlcpy
 .text          0x8000d538       0x18 /n64_toolchain/lib/gcc/mips64-elf/14.2.0/../../../../mips64-elf/lib/libc.a(libc_a-strlen.o)
                0x8000d538                strlen
 .text          0x8000d550      0x200 /n64_toolchain/lib/gcc/mips64-elf/14.2.0/../../../../mips64-elf/lib/libc.a(libc_a-refill.o)
                0x8000d578                __srefill_r
 .text          0x8000d750      0x180 /n64_toolchain/lib/gcc/mips64-elf/14.2.0/../../../../mips64-elf/lib/libc.a(libc_a-fputs.o)
                0x8000d750                _fputs_r
                0x8000d8b8                fputs
 .text          0x8000d8d0      0x1d0 /n64_toolchain/lib/gcc/mips64-elf/14.2.0/../../../../mips64-elf/lib/libc.a(libc_a-wbuf.o)
                0x8000d8d0                __swbuf_r
                0x8000da88                __swbuf
 .text          0x8000daa0      0x600 /n64_toolchain/lib/gcc/mips64-elf/14.2.0/../../../../mips64-elf/lib/libc.a(libc_a-reallocr.o)
                0x8000daa0                _realloc_r
 .text          0x8000e0a0       0x60 /n64_toolchain/lib/gcc/mips64-elf/14.2.0/../../../../mips64-elf/lib/libc.a(libc_a-writer.o)
                0x8000e0a0                _write_r
 .text          0x8000e100      0xa00 /n64_toolchain/lib/gcc/mips64-elf/14.2.0/../../../../mips64-elf/lib/libc.a(libc_a-mktime.o)
                0x8000e4f8                mktime
 .text          0x8000eb00      0x460 /n64_toolchain/lib/gcc/mips64-elf/14.2.0/../../../../mips64-elf/lib/libc.a(libc_a-strerror.o)
                0x8000eb00                _strerror_r
                0x8000ef30                strerror
                0x8000ef48                strerror_l
 .text          0x8000ef60       0x58 /n64_toolchain/lib/gcc/mips64-elf/14.2.0/../../../../mips64-elf/lib/libc.a(libc_a-fstatr.o)
                0x8000ef60                _fstat_r
 .text          0x8000efb8      0x250 /n64_toolchain/lib/gcc/mips64-elf/14.2.0/../../../../mips64-elf/lib/libc.a(libc_a-fwrite.o)
                0x8000efb8                _fwrite_r
                0x8000f1d8                fwrite
 .text          0x8000f208       0x20 /n64_toolchain/lib/gcc/mips64-elf/14.2.0/../../../../mips64-elf/lib/libc.a(libc_a-mlock.o)
                0x8000f208                __malloc_lock
                0x8000f218                __malloc_unlock
 .text          0x8000f228      0x510 /n64_toolchain/lib/gcc/mips64-elf/14.2.0/../../../../mips64-elf/lib/libc.a(libc_a-findfp.o)
                0x8000f4c0                __sfp
                0x8000f630                __sinit
                0x8000f6a8                __sfp_lock_acquire
                0x8000f6b8                __sfp_lock_release
                0x8000f6c8                __fp_lock_all
                0x8000f700                __fp_unlock_all
 .text          0x8000f738       0x20 /n64_toolchain/lib/gcc/mips64-elf/14.2.0/../../../../mips64-elf/lib/libc.a(libc_a-tzlock.o)
                0x8000f738                __tz_lock
                0x8000f748                __tz_unlock
 .text          0x8000f758      0x1a8 /n64_toolchain/lib/gcc/mips64-elf/14.2.0/../../../../mips64-elf/lib/libc.a(libc_a-puts.o)
                0x8000f758                _puts_r
                0x8000f8f0                puts
 .text          0x8000f900      0x508 /n64_toolchain/lib/gcc/mips64-elf/14.2.0/../../../../mips64-elf/lib/libc.a(libc_a-fvwrite.o)
                0x8000f900                __sfvwrite_r
 .text          0x8000fe08       0x10 /n64_toolchain/lib/gcc/mips64-elf/14.2.0/../../../../mips64-elf/lib/libc.a(libc_a-cxa_finalize.o)
                0x8000fe08                __cxa_finalize
 .text          0x8000fe18       0xf0 /n64_toolchain/lib/gcc/mips64-elf/14.2.0/../../../../mips64-elf/lib/libc.a(libc_a-memchr.o)
                0x8000fe18                memchr
 .text          0x8000ff08       0xc8 /n64_toolchain/lib/gcc/mips64-elf/14.2.0/../../../../mips64-elf/lib/libc.a(libc_a-ssprint_r.o)
                0x8000ff08                __ssprint_r
 .text          0x8000ffd0      0x370 /n64_toolchain/lib/gcc/mips64-elf/14.2.0/../../../../mips64-elf/lib/libc.a(libc_a-memcpy.o)
                0x8000ffd0                memcpy
 .text          0x80010340      0x4b0 /n64_toolchain/lib/gcc/mips64-elf/14.2.0/../../../../mips64-elf/lib/libc.a(libc_a-lcltime_r.o)
                0x80010340                localtime_r
 .text          0x800107f0       0xe0 /n64_toolchain/lib/gcc/mips64-elf/14.2.0/../../../../mips64-elf/lib/libc.a(libc_a-sprintf.o)
                0x800107f0                _sprintf_r
                0x80010858                sprintf
 .text          0x800108d0       0x40 /n64_toolchain/lib/gcc/mips64-elf/14.2.0/../../../../mips64-elf/lib/libc.a(libc_a-strnlen.o)
                0x800108d0                strnlen
 .text          0x80010910       0x78 /n64_toolchain/lib/gcc/mips64-elf/14.2.0/../../../../mips64-elf/lib/libc.a(libc_a-printf.o)
                0x80010910                _printf_r
                0x80010948                printf
 .text          0x80010988       0x50 /n64_toolchain/lib/gcc/mips64-elf/14.2.0/../../../../mips64-elf/lib/libc.a(libc_a-sbrkr.o)
                0x80010988                _sbrk_r
 .text          0x800109d8      0x1b8 /n64_toolchain/lib/gcc/mips64-elf/14.2.0/../../../../mips64-elf/lib/libc.a(libc_a-fopen.o)
                0x800109d8                _fopen_r
                0x80010b78                fopen
 .text          0x80010b90       0x50 /n64_toolchain/lib/gcc/mips64-elf/14.2.0/../../../../mips64-elf/lib/libc.a(libc_a-time.o)
                0x80010b90                time
 .text          0x80010be0       0x50 /n64_toolchain/lib/gcc/mips64-elf/14.2.0/../../../../mips64-elf/lib/libc.a(libc_a-closer.o)
                0x80010be0                _close_r
 .text          0x80010c30       0x18 /n64_toolchain/lib/gcc/mips64-elf/14.2.0/../../../../mips64-elf/lib/libc.a(libc_a-malign.o)
                0x80010c30                memalign
 .text          0x80010c48      0x598 /n64_toolchain/lib/gcc/mips64-elf/14.2.0/../../../../mips64-elf/lib/libc.a(libc_a-signal.o)
                0x80010c48                _init_signal_r
                0x80010cb0                _signal_r
                0x80010d60                _raise_r
                0x80010e18                __sigtramp_r
                0x80010f08                raise
                0x80010fd0                signal
                0x80011088                _init_signal
                0x800110f8                __sigtramp
 .text          0x800111e0       0x60 /n64_toolchain/lib/gcc/mips64-elf/14.2.0/../../../../mips64-elf/lib/libc.a(libc_a-openr.o)
                0x800111e0                _open_r
 .text          0x80011240       0x40 /n64_toolchain/lib/gcc/mips64-elf/14.2.0/../../../../mips64-elf/lib/libc.a(libc_a-sprint_r.o)
                0x80011240                __sprint_r
 .text          0x80011280     0x1480 /n64_toolchain/lib/gcc/mips64-elf/14.2.0/../../../../mips64-elf/lib/libc.a(libc_a-mprec.o)
                0x80011280                _Balloc
                0x80011330                _Bfree
                0x80011360                __multadd
                0x800114b8                __s2b
                0x80011638                __hi0bits
                0x800116e0                __lo0bits
                0x800117f8                __i2b
                0x800118d0                __multiply
                0x80011b58                __pow5mult
                0x80011cc0                __lshift
                0x80011e78                __mcmp
                0x80011ee0                __mdiff
                0x80012158                __ulp
                0x80012208                __b2d
                0x800123a0                __d2b
                0x800124f8                __ratio
                0x800125b8                _mprec_log10
                0x800125f8                __copybits
                0x80012680                __any_on
 .text          0x80012700       0xc0 /n64_toolchain/lib/gcc/mips64-elf/14.2.0/../../../../mips64-elf/lib/libc.a(libc_a-fwalk.o)
                0x80012700                _fwalk_sglue
 .text          0x800127c0       0x28 /n64_toolchain/lib/gcc/mips64-elf/14.2.0/../../../../mips64-elf/lib/libc.a(libc_a-localeconv.o)
                0x800127c0                __localeconv_l
                0x800127c8                _localeconv_r
                0x800127d8                localeconv
 .text          0x800127e8      0x230 /n64_toolchain/lib/gcc/mips64-elf/14.2.0/../../../../mips64-elf/lib/libc.a(libc_a-makebuf.o)
                0x800127e8                __smakebuf_r
                0x80012968                __swhatbuf_r
 .text          0x80012a18      0x120 /n64_toolchain/lib/gcc/mips64-elf/14.2.0/../../../../mips64-elf/lib/libc.a(libc_a-locale.o)
                0x80012a18                _setlocale_r
                0x80012aa0                __locale_mb_cur_max
                0x80012ab0                setlocale
 .text          0x80012b38       0x20 /n64_toolchain/lib/gcc/mips64-elf/14.2.0/../../../../mips64-elf/lib/libc.a(libc_a-div.o)
                0x80012b38                div
 .text          0x80012b58       0x60 /n64_toolchain/lib/gcc/mips64-elf/14.2.0/../../../../mips64-elf/lib/libc.a(libc_a-signalr.o)
                0x80012b58                _kill_r
                0x80012bb0                _getpid_r
 .text          0x80012bb8       0x70 /n64_toolchain/lib/gcc/mips64-elf/14.2.0/../../../../mips64-elf/lib/libc.a(libc_a-mbtowc_r.o)
                0x80012bb8                _mbtowc_r
                0x80012bc8                __ascii_mbtowc
 .text          0x80012c28        0x8 /n64_toolchain/lib/gcc/mips64-elf/14.2.0/../../../../mips64-elf/lib/libc.a(libc_a-u_strerr.o)
                0x80012c28                _user_strerror
 .text          0x80012c30      0x188 /n64_toolchain/lib/gcc/mips64-elf/14.2.0/../../../../mips64-elf/lib/libc.a(libc_a-ssputs_r.o)
                0x80012c30                __ssputs_r
 .text          0x80012db8       0x60 /n64_toolchain/lib/gcc/mips64-elf/14.2.0/../../../../mips64-elf/lib/libc.a(libc_a-readr.o)
                0x80012db8                _read_r
 .text          0x80012e18      0x200 /n64_toolchain/lib/gcc/mips64-elf/14.2.0/../../../../mips64-elf/lib/libc.a(libc_a-malignr.o)
                0x80012e18                _memalign_r
 .text          0x80013018       0x58 /n64_toolchain/lib/gcc/mips64-elf/14.2.0/../../../../mips64-elf/lib/libc.a(libc_a-gettimeofdayr.o)
                0x80013018                _gettimeofday_r
 .text          0x80013070       0x30 /n64_toolchain/lib/gcc/mips64-elf/14.2.0/../../../../mips64-elf/lib/libc.a(libc_a-tzset.o)
                0x80013070                _tzset_unlocked
                0x80013078                tzset
 .text          0x800130a0       0x10 /n64_toolchain/lib/gcc/mips64-elf/14.2.0/../../../../mips64-elf/lib/libc.a(libc_a-gettzinfo.o)
                0x800130a0                __gettzinfo
 .text          0x800130b0       0x48 /n64_toolchain/lib/gcc/mips64-elf/14.2.0/../../../../mips64-elf/lib/libc.a(libc_a-wctomb_r.o)
                0x800130b0                _wctomb_r
                0x800130c0                __ascii_wctomb
 .text          0x800130f8       0x60 /n64_toolchain/lib/gcc/mips64-elf/14.2.0/../../../../mips64-elf/lib/libc.a(libc_a-lseekr.o)
                0x800130f8                _lseek_r
 .text          0x80013158      0x180 /n64_toolchain/lib/gcc/mips64-elf/14.2.0/../../../../mips64-elf/lib/libc.a(libc_a-__call_atexit.o)
                0x80013158                __call_exitprocs
 .text          0x800132d8      0x330 /n64_toolchain/lib/gcc/mips64-elf/14.2.0/../../../../mips64-elf/lib/libc.a(libc_a-tzcalc_limits.o)
                0x800132d8                __tzcalc_limits
 .text          0x80013608      0x438 /n64_toolchain/lib/gcc/mips64-elf/14.2.0/../../../../mips64-elf/lib/libc.a(libc_a-gmtime_r.o)
                0x80013608                gmtime_r
 .text          0x80013a40       0x50 /n64_toolchain/lib/gcc/mips64-elf/14.2.0/../../../../mips64-elf/lib/libc.a(libc_a-isattyr.o)
                0x80013a40                _isatty_r
 .text          0x80013a90      0x6f8 /n64_toolchain/lib/gcc/mips64-elf/14.2.0/../../../../mips64-elf/lib/libc.a(libc_a-tzset_r.o)
                0x80013a90                _tzset_unlocked_r
                0x80014158                _tzset_r
 .text          0x80014188      0x150 /n64_toolchain/lib/gcc/mips64-elf/14.2.0/../../../../mips64-elf/lib/libc.a(libc_a-getenv_r.o)
                0x80014188                _findenv_r
                0x800142b8                _getenv_r
 .text          0x800142d8      0x108 /n64_toolchain/lib/gcc/mips64-elf/14.2.0/../../../../mips64-elf/lib/libc.a(libc_a-siscanf.o)
                0x800142d8                siscanf
                0x80014358                _siscanf_r
 .text          0x800143e0       0x20 /n64_toolchain/lib/gcc/mips64-elf/14.2.0/../../../../mips64-elf/lib/libc.a(libc_a-envlock.o)
                0x800143e0                __env_lock
                0x800143f0                __env_unlock
 .text          0x80014400      0x250 /n64_toolchain/lib/gcc/mips64-elf/14.2.0/../../../../mips64-elf/lib/libc.a(libc_a-strtoul.o)
                0x80014618                _strtoul_r
                0x80014620                strtoul_l
                0x80014638                strtoul
 .text          0x80014650     0x19a8 /n64_toolchain/lib/gcc/mips64-elf/14.2.0/../../../../mips64-elf/lib/libc.a(libc_a-svfiscanf.o)
                0x80014650                _sungetc_r
                0x80014770                __ssrefill_r
                0x800147e8                _sfread_r
                0x80014980                __ssvfiscanf_r
 .text          0x80015ff8      0x378 /n64_toolchain/lib/gcc/mips64-elf/14.2.0/../../../../mips64-elf/lib/libc.a(libc_a-ungetc.o)
                0x80015ff8                __submore
                0x800160c8                _ungetc_r
                0x80016358                ungetc
 .text          0x80016370      0x258 /n64_toolchain/lib/gcc/mips64-elf/14.2.0/../../../../mips64-elf/lib/libc.a(libc_a-strtoll.o)
                0x80016590                _strtoll_r
                0x80016598                strtoll_l
                0x800165b0                strtoll
 .text          0x800165c8      0x100 /n64_toolchain/lib/gcc/mips64-elf/14.2.0/../../../../mips64-elf/lib/libc.a(libc_a-sccl.o)
                0x800165c8                __sccl
 .text          0x800166c8      0x270 /n64_toolchain/lib/gcc/mips64-elf/14.2.0/../../../../mips64-elf/lib/libc.a(libc_a-strtoull.o)
                0x80016900                _strtoull_r
                0x80016908                strtoull_l
                0x80016920                strtoull
 .text          0x80016938      0x278 /n64_toolchain/lib/gcc/mips64-elf/14.2.0/../../../../mips64-elf/lib/libc.a(libc_a-strtol.o)
                0x80016b78                _strtol_r
                0x80016b80                strtol_l
                0x80016b98                strtol
 .text          0x80016bb0        0x8 /n64_toolchain/lib/gcc/mips64-elf/14.2.0/../../../../mips64-elf/lib/libc.a(libc_a-iswspace.o)
                0x80016bb0                iswspace
 .text          0x80016bb8      0x128 /n64_toolchain/lib/gcc/mips64-elf/14.2.0/../../../../mips64-elf/lib/libc.a(libc_a-mbrtowc.o)
                0x80016bb8                _mbrtowc_r
                0x80016c48                mbrtowc
 .text          0x80016ce0       0x28 /n64_toolchain/lib/gcc/mips64-elf/14.2.0/../../../../mips64-elf/lib/libc.a(libc_a-iswspace_l.o)
                0x80016ce0                iswspace_l
 .text          0x80016d08     0x1de8 /n64_toolchain/lib/gcc/mips64-elf/14.2.0/libgcc.a(unwind-dw2-fde.o)
                0x80018628                __register_frame_info_bases
                0x80018670                __register_frame_info
                0x800186b8                __register_frame
                0x80018728                __register_frame_info_table_bases
                0x80018758                __register_frame_info_table
                0x80018788                __register_frame_table
                0x800187e0                __deregister_frame_info_bases
                0x800188c8                __deregister_frame_info
                0x800188d0                __deregister_frame
                0x80018908                _Unwind_Find_FDE
 *(.text.*)
 *fill*         0x80018af0       0x10 
 .text.cb1.28   0x80018b00       0x20 build/testrom.o
 .text.cb2.31   0x80018b20       0x20 build/testrom.o
 .text.cb1.36   0x80018b40       0x20 build/testrom.o
 .text.cb2.35   0x80018b60       0x20 build/testrom.o
 .text.cb3.34   0x80018b80       0x20 build/testrom.o
 .text.fast.41  0x80018ba0       0x20 build/testrom.o
 .text.cb_ctx.48
                0x80018bc0       0x20 build/testrom.o
 .text.tcb.52   0x80018be0       0x20 build/testrom.o
 .text.cb1.55   0x80018c00       0x20 build/testrom.o
 .text.cb1.58   0x80018c20       0x20 build/testrom.o
 .text.cb2.63   0x80018c40       0x40 build/testrom.o
 .text.test_syscall_handler
                0x80018c80       0x20 build/testrom.o
                0x80018c80                test_syscall_handler
 .text.btt_dummy
                0x80018ca0       0x20 build/testrom.o
 .text.__check_surface.167
                0x80018cc0       0x20 build/testrom.o
 .text.cb1.219  0x80018ce0       0x20 build/testrom.o
 .text.cb2.218  0x80018d00       0x20 build/testrom.o
 .text.__check_surface.257
                0x80018d20       0x20 build/testrom.o
 .text.__check_surface.256
                0x80018d40       0x40 build/testrom.o
 .text.__check_surface.255
                0x80018d80       0x20 build/testrom.o
 .text.__check_surface.254
                0x80018da0       0x40 build/testrom.o
 .text.__check_surface.274
                0x80018de0       0x20 build/testrom.o
 .text.__check_surface.347
                0x80018e00       0x20 build/testrom.o
 .text.__check_surface.348
                0x80018e20       0x80 build/testrom.o
 .text.__check_surface.357
                0x80018ea0       0x20 build/testrom.o
 .text.__check_surface.364
                0x80018ec0       0x20 build/testrom.o
 .text.__check_surface.371
                0x80018ee0       0x80 build/testrom.o
 .text.__check_surface.377
                0x80018f60       0xa0 build/testrom.o
 .text.test_constructors
                0x80019000      0x1e0 build/testrom.o
                0x80019000                test_constructors
 .text.cb1.121  0x800191e0      0x120 build/testrom.o
 .text.test_cop1_denormalized_float
                0x80019300      0x120 build/testrom.o
                0x80019300                test_cop1_denormalized_float
 .text.func_th2.3
                0x80019420       0x80 build/testrom.o
 .text.func_th.0
                0x800194a0       0x80 build/testrom.o
 .text.func_th3.2
                0x80019520       0xa0 build/testrom.o
 .text.func_th1.4
                0x800195c0       0x80 build/testrom.o
 .text.func_th2.6
                0x80019640       0xe0 build/testrom.o
 .text.func_th1.7
                0x80019720      0x120 build/testrom.o
 .text.func_th.10
                0x80019840       0xa0 build/testrom.o
 .text.test_kernel_libc1
                0x800198e0      0x2a0 build/testrom.o
                0x800198e0                test_kernel_libc1
 .text.test_kernel_libc2
                0x80019b80      0x340 build/testrom.o
                0x80019b80                test_kernel_libc2
 .text.func_th.18
                0x80019ec0       0xc0 build/testrom.o
 .text.func_mkdir.14
                0x80019f80       0x60 build/testrom.o
 .text.func_strtok.16
                0x80019fe0       0x80 build/testrom.o
 .text.test_dfs_rom_size
                0x8001a060      0x260 build/testrom.o
                0x8001a060                test_dfs_rom_size
 .text.test_dfs_ioctl
                0x8001a2c0      0x240 build/testrom.o
                0x8001a2c0                test_dfs_ioctl
 .text.test_eepromfs
                0x8001a500      0xcc0 build/testrom.o
                0x8001a500                test_eepromfs
 .text.slow.42  0x8001b1c0       0x40 build/testrom.o
 .text.cb1.64   0x8001b200       0x60 build/testrom.o
 .text.cb2.61   0x8001b260       0x40 build/testrom.o
 .text.test_timer_continuous_short
                0x8001b2a0      0x260 build/testrom.o
                0x8001b2a0                test_timer_continuous_short
 .text.test_timer_oneshot
                0x8001b500      0x540 build/testrom.o
                0x8001b500                test_timer_oneshot
 .text.test_timer_continuous
                0x8001ba40      0x480 build/testrom.o
                0x8001ba40                test_timer_continuous
 .text.test_timer_slow_callback
                0x8001bec0      0x4c0 build/testrom.o
                0x8001bec0                test_timer_slow_callback
 .text.test_timer_ticks
                0x8001c380      0x840 build/testrom.o
                0x8001c380                test_timer_ticks
 .text.test_timer_disabled_start
                0x8001cbc0      0x5a0 build/testrom.o
                0x8001cbc0                test_timer_disabled_start
 .text.test_irq_reentrancy
                0x8001d160      0x300 build/testrom.o
                0x8001d160                test_irq_reentrancy
 .text.test_timer_context
                0x8001d460      0x340 build/testrom.o
                0x8001d460                test_timer_context
 .text.test_timer_disabled_restart
                0x8001d7a0      0x560 build/testrom.o
                0x8001d7a0                test_timer_disabled_restart
 .text.test_exception
                0x8001dd00     0x6ea0 build/testrom.o
                0x8001dd00                test_exception
 .text.ex_handler.68
                0x80024ba0      0x560 build/testrom.o
 .text.test_exception_syscall
                0x80025100      0x220 build/testrom.o
                0x80025100                test_exception_syscall
 .text.cb.81    0x80025320      0x180 build/testrom.o
 .text.test_backtrace_analyze
                0x800254a0      0x980 build/testrom.o
                0x800254a0                test_backtrace_analyze
 .text.test_rspq_wait_sync_in_block
                0x80025e20       0x60 build/testrom.o
                0x80025e20                test_rspq_wait_sync_in_block
 .text.debug_rdp_stream
                0x80025e80       0xc0 build/testrom.o
 .text.test_rdpq_syncfull_cb
                0x80025f40      0x4e0 build/testrom.o
                0x80025f40                test_rdpq_syncfull_cb
 .text.draw_tri.262
                0x80026420       0xa0 build/testrom.o
 .text.test_mpeg1_idct
                0x800264c0      0x300 build/testrom.o
                0x800264c0                test_mpeg1_idct
 .text.test_mpeg1_block_decode
                0x800267c0      0x4c0 build/testrom.o
                0x800267c0                test_mpeg1_block_decode
 .text.test_mpeg1_block_dequant
                0x80026c80      0x520 build/testrom.o
                0x80026c80                test_mpeg1_block_dequant
 .text.run_test.419
                0x800271a0      0x400 build/testrom.o
 .text.draw_tri.438
                0x800275a0       0x60 build/testrom.o
 .text.test_dl_ctors
                0x80027600      0x180 build/testrom.o
                0x80027600                test_dl_ctors
 .text.test_dlclose
                0x80027780      0x1a0 build/testrom.o
                0x80027780                test_dlclose
 .text.test_dlsym_rtld_default
                0x80027920      0x1c0 build/testrom.o
                0x80027920                test_dlsym_rtld_default
 .text.test_dl_imports
                0x80027ae0      0x320 build/testrom.o
                0x80027ae0                test_dl_imports
 .text.test_dl_relocs
                0x80027e00      0x380 build/testrom.o
                0x80027e00                test_dl_relocs
 .text.test_dl_syms
                0x80028180      0x1e0 build/testrom.o
                0x80028180                test_dl_syms
 .text.test_dladdr
                0x80028360      0x360 build/testrom.o
                0x80028360                test_dladdr
 .text.frame_callback
                0x800286c0       0x60 build/testrom.o
 .text.__check_surface.197
                0x80028720       0x40 build/testrom.o
 .text.__check_surface.196
                0x80028760       0x60 build/testrom.o
 .text.__check_surface.282
                0x800287c0       0x40 build/testrom.o
 .text.__check_surface.281
                0x80028800       0x60 build/testrom.o
 .text.__check_surface.323
                0x80028860       0x60 build/testrom.o
 .text.__check_surface.333
                0x800288c0       0x60 build/testrom.o
 .text.plm_video_process_macroblock.constprop.0
                0x80028920      0x3a0 build/testrom.o
 .text.test_mpeg1_block_predict
                0x80028cc0      0x600 build/testrom.o
                0x80028cc0                test_mpeg1_block_predict
 .text.assert_surface.part.0
                0x800292c0      0x340 build/testrom.o
 .text.test_ticks_func.constprop.0
                0x80029600      0x2e0 build/testrom.o
 .text.test_ticks
                0x800298e0      0x380 build/testrom.o
                0x800298e0                test_ticks
 .text.test_assert_handler
                0x80029c60       0x40 build/testrom.o
 .text.surface_debug_expected_color
                0x80029ca0      0x2c0 build/testrom.o
 .text.__check_surface.315
                0x80029f60       0x80 build/testrom.o
 .text.__check_surface.339
                0x80029fe0       0x40 build/testrom.o
 .text.__check_surface.166
                0x8002a020       0x20 build/testrom.o
 .text.__check_surface.253
                0x8002a040       0x20 build/testrom.o
 .text.__check_surface.273
                0x8002a060       0x20 build/testrom.o
 .text.__check_surface.272
                0x8002a080       0x20 build/testrom.o
 .text.__check_surface.356
                0x8002a0a0       0x20 build/testrom.o
 .text.__check_surface.363
                0x8002a0c0       0x20 build/testrom.o
 .text.test_mat4_mul_scale_translation
                0x8002a0e0      0x3e0 build/testrom.o
                0x8002a0e0                test_mat4_mul_scale_translation
 .text.surface_create_random
                0x8002a4c0      0x220 build/testrom.o
 .text.__check_surface.195
                0x8002a6e0       0x40 build/testrom.o
 .text.__check_surface.193
                0x8002a720       0x40 build/testrom.o
 .text.__check_surface.194
                0x8002a760       0x60 build/testrom.o
 .text.__check_surface.192
                0x8002a7c0       0x60 build/testrom.o
 .text.test_rdpq_syncfull_resume
                0x8002a820      0x460 build/testrom.o
                0x8002a820                test_rdpq_syncfull_resume
 .text.__autosync_pipe1
                0x8002ac80       0xa0 build/testrom.o
 .text.btt_crash_handler
                0x8002ad20       0x60 build/testrom.o
                0x8002ad20                btt_crash_handler
 .text.test_mat4_mul_two_identities
                0x8002ad80      0x320 build/testrom.o
                0x8002ad80                test_mat4_mul_two_identities
 .text.test_gl_texture_completeness
                0x8002b0a0      0x140 build/testrom.o
                0x8002b0a0                test_gl_texture_completeness
 .text.test_gl_list
                0x8002b1e0      0x6c0 build/testrom.o
                0x8002b1e0                test_gl_list
 .text.test_rdpq_rspqwait
                0x8002b8a0      0x1a0 build/testrom.o
                0x8002b8a0                test_rdpq_rspqwait
 .text.test_rdpq_clear
                0x8002ba40      0x1c0 build/testrom.o
                0x8002ba40                test_rdpq_clear
 .text.test_rdpq_triangle_w1
                0x8002bc00      0x320 build/testrom.o
                0x8002bc00                test_rdpq_triangle_w1
 .text.test_rdpq_tex_blit_normal
                0x8002bf20      0x460 build/testrom.o
                0x8002bf20                test_rdpq_tex_blit_normal
 .text.test_rdpq_tex_upload
                0x8002c380      0x580 build/testrom.o
                0x8002c380                test_rdpq_tex_upload
 .text.test_rdpq_mode_alphacompare
                0x8002c900      0x5c0 build/testrom.o
                0x8002c900                test_rdpq_mode_alphacompare
 .text.test_gl_draw_arrays
                0x8002cec0      0x240 build/testrom.o
                0x8002cec0                test_gl_draw_arrays
 .text.test_gl_draw_elements
                0x8002d100      0x240 build/testrom.o
                0x8002d100                test_gl_draw_elements
 .text.__autosync_load1
                0x8002d340      0x100 build/testrom.o
 .text.do_test.322
                0x8002d440       0xe0 build/testrom.o
 .text.test_rdpq_tex_upload_multi
                0x8002d520      0x340 build/testrom.o
                0x8002d520                test_rdpq_tex_upload_multi
 .text.test_rdpq_tex_multi_i4
                0x8002d860      0x1a0 build/testrom.o
                0x8002d860                test_rdpq_tex_multi_i4
 .text.test_rdpq_autotmem_reuse
                0x8002da00      0x3c0 build/testrom.o
                0x8002da00                test_rdpq_autotmem_reuse
 .text.test_rdpq_mipmap
                0x8002ddc0      0x580 build/testrom.o
                0x8002ddc0                test_rdpq_mipmap
 .text.test_rdpq_sprite_upload
                0x8002e340      0x220 build/testrom.o
                0x8002e340                test_rdpq_sprite_upload
 .text.test_gl_clear
                0x8002e560      0x340 build/testrom.o
                0x8002e560                test_gl_clear
 .text.__autosync_tile1
                0x8002e8a0      0x1a0 build/testrom.o
 .text.test_rdpq_mode_freeze_stack
                0x8002ea40      0x240 build/testrom.o
                0x8002ea40                test_rdpq_mode_freeze_stack
 .text.test_rdpq_autotmem
                0x8002ec80      0x460 build/testrom.o
                0x8002ec80                test_rdpq_autotmem
 .text.test_rdpq_texrect_passthrough
                0x8002f0e0      0x520 build/testrom.o
                0x8002f0e0                test_rdpq_texrect_passthrough
 .text.test_rdpq_change_other_modes
                0x8002f600      0x260 build/testrom.o
                0x8002f600                test_rdpq_change_other_modes
 .text.test_rdpq_attach_clear
                0x8002f860      0x2a0 build/testrom.o
                0x8002f860                test_rdpq_attach_clear
 .text.test_rdpq_attach_stack
                0x8002fb00      0x2c0 build/testrom.o
                0x8002fb00                test_rdpq_attach_stack
 .text.test_rdpq_tex_upload_tlut
                0x8002fdc0      0x540 build/testrom.o
                0x8002fdc0                test_rdpq_tex_upload_tlut
 .text.test_rdpq_sprite_lod
                0x80030300      0x360 build/testrom.o
                0x80030300                test_rdpq_sprite_lod
 .text.test_rdpq_triangle
                0x80030660     0x49c0 build/testrom.o
                0x80030660                test_rdpq_triangle
 .text.test_gl_cull
                0x80035020      0x540 build/testrom.o
                0x80035020                test_gl_cull
 .text.test_rdpq_fixup_fillrect
                0x80035560      0x520 build/testrom.o
                0x80035560                test_rdpq_fixup_fillrect
 .text.test_rdpq_fog
                0x80035a80      0x520 build/testrom.o
                0x80035a80                test_rdpq_fog
 .text.test_rdpq_mode_freeze
                0x80035fa0      0xc80 build/testrom.o
                0x80035fa0                test_rdpq_mode_freeze
 .text.test_rdpq_mode_antialias
                0x80036c20      0xd80 build/testrom.o
                0x80036c20                test_rdpq_mode_antialias
 .text.assert_equal_mem
                0x800379a0      0x2a0 build/testrom.o
                0x800379a0                assert_equal_mem
 .text.test_kernel_basic
                0x80037c40      0x1c0 build/testrom.o
                0x80037c40                test_kernel_basic
 .text.test_kernel_priority
                0x80037e00      0x280 build/testrom.o
                0x80037e00                test_kernel_priority
 .text.test_kernel_sleep
                0x80038080      0x2c0 build/testrom.o
                0x80038080                test_kernel_sleep
 .text.test_kernel_mutex_1
                0x80038340      0x2a0 build/testrom.o
                0x80038340                test_kernel_mutex_1
 .text.test_kernel_thread_local
                0x800385e0      0x380 build/testrom.o
                0x800385e0                test_kernel_thread_local
 .text.test_dfs_read
                0x80038960      0x7a0 build/testrom.o
                0x80038960                test_dfs_read
 .text.test_dfs_rom_addr
                0x80039100      0x3a0 build/testrom.o
                0x80039100                test_dfs_rom_addr
 .text.test_cache_invalidate
                0x800394a0      0x440 build/testrom.o
                0x800394a0                test_cache_invalidate
 .text.test_timer_mixed
                0x800398e0      0x420 build/testrom.o
                0x800398e0                test_timer_mixed
 .text.test_debug_sdfs
                0x80039d00      0xb40 build/testrom.o
                0x80039d00                test_debug_sdfs
 .text.test_dma_read_misalign
                0x8003a840      0x2a0 build/testrom.o
                0x8003a840                test_dma_read_misalign
 .text.test_rdpq_dynamic
                0x8003aae0      0x340 build/testrom.o
                0x8003aae0                test_rdpq_dynamic
 .text.test_rdpq_passthrough_big
                0x8003ae20      0x1e0 build/testrom.o
                0x8003ae20                test_rdpq_passthrough_big
 .text.test_rdpq_block
                0x8003b000      0x360 build/testrom.o
                0x8003b000                test_rdpq_block
 .text.test_rdpq_block_coalescing
                0x8003b360      0x1c0 build/testrom.o
                0x8003b360                test_rdpq_block_coalescing
 .text.test_rdpq_block_contiguous
                0x8003b520      0x320 build/testrom.o
                0x8003b520                test_rdpq_block_contiguous
 .text.test_rdpq_fixup_setfillcolor
                0x8003b840      0x3a0 build/testrom.o
                0x8003b840                test_rdpq_fixup_setfillcolor
 .text.test_rdpq_fixup_setscissor
                0x8003bbe0      0x460 build/testrom.o
                0x8003bbe0                test_rdpq_fixup_setscissor
 .text.test_rdpq_fixup_texturerect
                0x8003c040      0x6c0 build/testrom.o
                0x8003c040                test_rdpq_fixup_texturerect
 .text.test_rdpq_lookup_address
                0x8003c700      0x2a0 build/testrom.o
                0x8003c700                test_rdpq_lookup_address
 .text.test_rdpq_lookup_address_offset
                0x8003c9a0      0x300 build/testrom.o
                0x8003c9a0                test_rdpq_lookup_address_offset
 .text.__test_rdpq_autosyncs
                0x8003cca0      0x340 build/testrom.o
 .text.test_rdpq_autosync
                0x8003cfe0      0x200 build/testrom.o
                0x8003cfe0                test_rdpq_autosync
 .text.test_rdpq_automode
                0x8003d1e0      0xc60 build/testrom.o
                0x8003d1e0                test_rdpq_automode
 .text.test_rdpq_blender
                0x8003de40      0x580 build/testrom.o
                0x8003de40                test_rdpq_blender
 .text.test_rdpq_blender_memory
                0x8003e3c0      0x520 build/testrom.o
                0x8003e3c0                test_rdpq_blender_memory
 .text.startup.__global_constructor_test_prio1
                0x8003e8e0       0x20 build/testrom.o
                0x8003e8e0                __global_constructor_test_prio1
 .text.startup.__global_constructor_test_prio2
                0x8003e900       0x20 build/testrom.o
                0x8003e900                __global_constructor_test_prio2
 .text.startup.__global_constructor_test
                0x8003e920       0x20 build/testrom.o
                0x8003e920                __global_constructor_test
 .text.btt_fp   0x8003e940       0xa0 build/testrom.o
 .text.btt_syscall_handler
                0x8003e9e0       0x80 build/testrom.o
                0x8003e9e0                btt_syscall_handler
 .text.btt_b3   0x8003ea60       0x60 build/testrom.o
 .text.btt_b2   0x8003eac0       0x40 build/testrom.o
 .text.btt_b1   0x8003eb00       0x40 build/testrom.o
 .text.btt_c3   0x8003eb40       0xa0 build/testrom.o
 .text.btt_c2   0x8003ebe0       0x40 build/testrom.o
 .text.btt_c1   0x8003ec20       0x80 build/testrom.o
 .text.btt_d2   0x8003eca0       0x20 build/testrom.o
 .text.btt_d1   0x8003ecc0       0x40 build/testrom.o
 .text.btt_e2   0x8003ed00       0x20 build/testrom.o
 .text.btt_e1   0x8003ed20       0x40 build/testrom.o
 .text.btt_f3   0x8003ed60       0x20 build/testrom.o
 .text.btt_f2   0x8003ed80       0x60 build/testrom.o
 .text.btt_f1   0x8003ede0       0x40 build/testrom.o
 .text.btt_g2   0x8003ee20       0x40 build/testrom.o
 .text.btt_g1   0x8003ee60       0x40 build/testrom.o
 .text.btt_h2   0x8003eea0       0x40 build/testrom.o
 .text.btt_h1   0x8003eee0       0x40 build/testrom.o
 .text.btt_i2   0x8003ef20       0x40 build/testrom.o
 .text.btt_i1   0x8003ef60       0x40 build/testrom.o
 .text.btt_start
                0x8003efa0      0x240 build/testrom.o
                0x8003efa0                btt_start
 .text.test_backtrace_basic
                0x8003f1e0       0x60 build/testrom.o
                0x8003f1e0                test_backtrace_basic
 .text.test_backtrace_fp
                0x8003f240       0x60 build/testrom.o
                0x8003f240                test_backtrace_fp
 .text.test_backtrace_exception
                0x8003f2a0       0xa0 build/testrom.o
                0x8003f2a0                test_backtrace_exception
 .text.test_backtrace_exception_leaf
                0x8003f340       0xa0 build/testrom.o
                0x8003f340                test_backtrace_exception_leaf
 .text.test_backtrace_exception_fp
                0x8003f3e0       0xa0 build/testrom.o
                0x8003f3e0                test_backtrace_exception_fp
 .text.test_backtrace_invalidptr
                0x8003f480      0x200 build/testrom.o
                0x8003f480                test_backtrace_invalidptr
 .text.test_ovl_init
                0x8003f680       0x80 build/testrom.o
                0x8003f680                test_ovl_init
 .text.test_rspq_deferred_call
                0x8003f700      0x380 build/testrom.o
                0x8003f700                test_rspq_deferred_call
 .text.test_rdpq_block_nested
                0x8003fa80      0x780 build/testrom.o
                0x8003fa80                test_rdpq_block_nested
 .text.rspq_test_send_rdp_nops
                0x80040200       0x80 build/testrom.o
                0x80040200                rspq_test_send_rdp_nops
 .text.test_with_nops.154
                0x80040280      0x580 build/testrom.o
 .text.test_rdpq_block_dynamic
                0x80040800      0x120 build/testrom.o
                0x80040800                test_rdpq_block_dynamic
 .text.wait_for_syncpoint
                0x80040920       0xe0 build/testrom.o
                0x80040920                wait_for_syncpoint
 .text.test_rspq_queue_single
                0x80040a00      0x1c0 build/testrom.o
                0x80040a00                test_rspq_queue_single
 .text.test_rspq_queue_multiple
                0x80040bc0      0x1e0 build/testrom.o
                0x80040bc0                test_rspq_queue_multiple
 .text.test_rspq_queue_rapid
                0x80040da0      0x240 build/testrom.o
                0x80040da0                test_rspq_queue_rapid
 .text.test_rspq_wrap
                0x80040fe0      0x1e0 build/testrom.o
                0x80040fe0                test_rspq_wrap
 .text.test_rspq_high_load
                0x800411c0      0x480 build/testrom.o
                0x800411c0                test_rspq_high_load
 .text.test_rspq_flush
                0x80041640      0x420 build/testrom.o
                0x80041640                test_rspq_flush
 .text.test_rspq_rapid_flush
                0x80041a60      0x880 build/testrom.o
                0x80041a60                test_rspq_rapid_flush
 .text.test_rspq_load_overlay
                0x800422e0      0x2a0 build/testrom.o
                0x800422e0                test_rspq_load_overlay
 .text.test_rspq_switch_overlay
                0x80042580      0x340 build/testrom.o
                0x80042580                test_rspq_switch_overlay
 .text.test_rspq_multiple_flush
                0x800428c0      0x560 build/testrom.o
                0x800428c0                test_rspq_multiple_flush
 .text.test_rspq_wait
                0x80042e20      0x400 build/testrom.o
                0x80042e20                test_rspq_wait
 .text.test_rspq_rapid_sync
                0x80043220      0x2a0 build/testrom.o
                0x80043220                test_rspq_rapid_sync
 .text.test_rspq_block
                0x800434c0      0x9e0 build/testrom.o
                0x800434c0                test_rspq_block
 .text.test_rspq_highpri_basic
                0x80043ea0      0x7a0 build/testrom.o
                0x80043ea0                test_rspq_highpri_basic
 .text.test_rspq_highpri_multiple
                0x80044640      0x960 build/testrom.o
                0x80044640                test_rspq_highpri_multiple
 .text.test_rspq_highpri_overlay
                0x80044fa0      0x3c0 build/testrom.o
                0x80044fa0                test_rspq_highpri_overlay
 .text.test_rspq_big_command
                0x80045360      0x460 build/testrom.o
                0x80045360                test_rspq_big_command
 .text.test_rspq_rdp_dynamic
                0x800457c0      0x480 build/testrom.o
                0x800457c0                test_rspq_rdp_dynamic
 .text.test_rspq_rdp_dynamic_switch
                0x80045c40      0x520 build/testrom.o
                0x80045c40                test_rspq_rdp_dynamic_switch
 .text.debug_rdp_stream_last_cc_disasm
                0x80046160       0xa0 build/testrom.o
                0x80046160                debug_rdp_stream_last_cc_disasm
 .text.test_rdpq_mipmap_interpolate
                0x80046200      0xb80 build/testrom.o
                0x80046200                test_rdpq_mipmap_interpolate
 .text.startup.main
                0x80046d80      0x480 build/testrom.o
                0x80046d80                main
 .text.startup._GLOBAL__sub_I___global_cpp_constructor_test_value
                0x80047200       0x20 build/test_constructors_cpp.o
 .text.data_cache_hit_writeback
                0x80047220       0x60 /n64_toolchain/lib/gcc/mips64-elf/14.2.0/../../../../mips64-elf/lib/libdragon.a(n64sys.o)
                0x80047220                data_cache_hit_writeback
 .text.data_cache_hit_invalidate
                0x80047280       0x80 /n64_toolchain/lib/gcc/mips64-elf/14.2.0/../../../../mips64-elf/lib/libdragon.a(n64sys.o)
                0x80047280                data_cache_hit_invalidate
 .text.data_cache_hit_writeback_invalidate
                0x80047300       0x60 /n64_toolchain/lib/gcc/mips64-elf/14.2.0/../../../../mips64-elf/lib/libdragon.a(n64sys.o)
                0x80047300                data_cache_hit_writeback_invalidate
 .text.data_cache_index_writeback_invalidate
                0x80047360       0x60 /n64_toolchain/lib/gcc/mips64-elf/14.2.0/../../../../mips64-elf/lib/libdragon.a(n64sys.o)
                0x80047360                data_cache_index_writeback_invalidate
 .text.data_cache_writeback_invalidate_all
                0x800473c0       0x40 /n64_toolchain/lib/gcc/mips64-elf/14.2.0/../../../../mips64-elf/lib/libdragon.a(n64sys.o)
                0x800473c0                data_cache_writeback_invalidate_all
 .text.inst_cache_hit_invalidate
                0x80047400       0x60 /n64_toolchain/lib/gcc/mips64-elf/14.2.0/../../../../mips64-elf/lib/libdragon.a(n64sys.o)
                0x80047400                inst_cache_hit_invalidate
 .text.inst_cache_invalidate_all
                0x80047460       0x40 /n64_toolchain/lib/gcc/mips64-elf/14.2.0/../../../../mips64-elf/lib/libdragon.a(n64sys.o)
                0x80047460                inst_cache_invalidate_all
 .text.malloc_uncached
                0x800474a0       0x60 /n64_toolchain/lib/gcc/mips64-elf/14.2.0/../../../../mips64-elf/lib/libdragon.a(n64sys.o)
                0x800474a0                malloc_uncached
 .text.malloc_uncached_aligned
                0x80047500       0x80 /n64_toolchain/lib/gcc/mips64-elf/14.2.0/../../../../mips64-elf/lib/libdragon.a(n64sys.o)
                0x80047500                malloc_uncached_aligned
 .text.free_uncached
                0x80047580       0x20 /n64_toolchain/lib/gcc/mips64-elf/14.2.0/../../../../mips64-elf/lib/libdragon.a(n64sys.o)
                0x80047580                free_uncached
 .text.get_memory_size
                0x800475a0       0x20 /n64_toolchain/lib/gcc/mips64-elf/14.2.0/../../../../mips64-elf/lib/libdragon.a(n64sys.o)
                0x800475a0                get_memory_size
 .text.get_ticks
                0x800475c0       0x40 /n64_toolchain/lib/gcc/mips64-elf/14.2.0/../../../../mips64-elf/lib/libdragon.a(n64sys.o)
                0x800475c0                get_ticks
 .text.get_ticks_ms
                0x80047600       0x60 /n64_toolchain/lib/gcc/mips64-elf/14.2.0/../../../../mips64-elf/lib/libdragon.a(n64sys.o)
                0x80047600                get_ticks_ms
 .text.wait_ticks
                0x80047660       0x40 /n64_toolchain/lib/gcc/mips64-elf/14.2.0/../../../../mips64-elf/lib/libdragon.a(n64sys.o)
                0x80047660                wait_ticks
 .text.wait_ms  0x800476a0       0x40 /n64_toolchain/lib/gcc/mips64-elf/14.2.0/../../../../mips64-elf/lib/libdragon.a(n64sys.o)
                0x800476a0                wait_ms
 .text.die      0x800476e0       0x60 /n64_toolchain/lib/gcc/mips64-elf/14.2.0/../../../../mips64-elf/lib/libdragon.a(n64sys.o)
                0x800476e0                die
 .text.startup.__init_cop1
                0x80047740       0x40 /n64_toolchain/lib/gcc/mips64-elf/14.2.0/../../../../mips64-elf/lib/libdragon.a(n64sys.o)
                0x80047740                __init_cop1
 .text.__MI_handler
                0x80047780      0x380 /n64_toolchain/lib/gcc/mips64-elf/14.2.0/../../../../mips64-elf/lib/libdragon.a(interrupt.o)
                0x80047780                __MI_handler
 .text.__MI_BB_handler
                0x80047b00      0x300 /n64_toolchain/lib/gcc/mips64-elf/14.2.0/../../../../mips64-elf/lib/libdragon.a(interrupt.o)
                0x80047b00                __MI_BB_handler
 .text.__TI_handler
                0x80047e00       0x80 /n64_toolchain/lib/gcc/mips64-elf/14.2.0/../../../../mips64-elf/lib/libdragon.a(interrupt.o)
                0x80047e00                __TI_handler
 .text.__CART_handler
                0x80047e80      0x100 /n64_toolchain/lib/gcc/mips64-elf/14.2.0/../../../../mips64-elf/lib/libdragon.a(interrupt.o)
                0x80047e80                __CART_handler
 .text.__RESET_handler
                0x80047f80       0x60 /n64_toolchain/lib/gcc/mips64-elf/14.2.0/../../../../mips64-elf/lib/libdragon.a(interrupt.o)
                0x80047f80                __RESET_handler
 .text.register_VI_handler
                0x80047fe0       0x60 /n64_toolchain/lib/gcc/mips64-elf/14.2.0/../../../../mips64-elf/lib/libdragon.a(interrupt.o)
                0x80047fe0                register_VI_handler
 .text.unregister_VI_handler
                0x80048040       0x60 /n64_toolchain/lib/gcc/mips64-elf/14.2.0/../../../../mips64-elf/lib/libdragon.a(interrupt.o)
                0x80048040                unregister_VI_handler
 .text.register_DP_handler
                0x800480a0       0x60 /n64_toolchain/lib/gcc/mips64-elf/14.2.0/../../../../mips64-elf/lib/libdragon.a(interrupt.o)
                0x800480a0                register_DP_handler
 .text.unregister_DP_handler
                0x80048100       0x60 /n64_toolchain/lib/gcc/mips64-elf/14.2.0/../../../../mips64-elf/lib/libdragon.a(interrupt.o)
                0x80048100                unregister_DP_handler
 .text.register_SI_handler
                0x80048160       0x60 /n64_toolchain/lib/gcc/mips64-elf/14.2.0/../../../../mips64-elf/lib/libdragon.a(interrupt.o)
                0x80048160                register_SI_handler
 .text.register_SP_handler
                0x800481c0       0x60 /n64_toolchain/lib/gcc/mips64-elf/14.2.0/../../../../mips64-elf/lib/libdragon.a(interrupt.o)
                0x800481c0                register_SP_handler
 .text.unregister_SP_handler
                0x80048220       0x60 /n64_toolchain/lib/gcc/mips64-elf/14.2.0/../../../../mips64-elf/lib/libdragon.a(interrupt.o)
                0x80048220                unregister_SP_handler
 .text.register_TI_handler
                0x80048280       0x60 /n64_toolchain/lib/gcc/mips64-elf/14.2.0/../../../../mips64-elf/lib/libdragon.a(interrupt.o)
                0x80048280                register_TI_handler
 .text.unregister_TI_handler
                0x800482e0       0x60 /n64_toolchain/lib/gcc/mips64-elf/14.2.0/../../../../mips64-elf/lib/libdragon.a(interrupt.o)
                0x800482e0                unregister_TI_handler
 .text.set_VI_interrupt
                0x80048340       0x40 /n64_toolchain/lib/gcc/mips64-elf/14.2.0/../../../../mips64-elf/lib/libdragon.a(interrupt.o)
                0x80048340                set_VI_interrupt
 .text.set_DP_interrupt
                0x80048380       0x20 /n64_toolchain/lib/gcc/mips64-elf/14.2.0/../../../../mips64-elf/lib/libdragon.a(interrupt.o)
                0x80048380                set_DP_interrupt
 .text.set_SI_interrupt
                0x800483a0       0x20 /n64_toolchain/lib/gcc/mips64-elf/14.2.0/../../../../mips64-elf/lib/libdragon.a(interrupt.o)
                0x800483a0                set_SI_interrupt
 .text.set_SP_interrupt
                0x800483c0       0x20 /n64_toolchain/lib/gcc/mips64-elf/14.2.0/../../../../mips64-elf/lib/libdragon.a(interrupt.o)
                0x800483c0                set_SP_interrupt
 .text.set_TI_interrupt
                0x800483e0       0x40 /n64_toolchain/lib/gcc/mips64-elf/14.2.0/../../../../mips64-elf/lib/libdragon.a(interrupt.o)
                0x800483e0                set_TI_interrupt
 .text.startup.__init_interrupts
                0x80048420       0x60 /n64_toolchain/lib/gcc/mips64-elf/14.2.0/../../../../mips64-elf/lib/libdragon.a(interrupt.o)
                0x80048420                __init_interrupts
 .text.disable_interrupts
                0x80048480       0x40 /n64_toolchain/lib/gcc/mips64-elf/14.2.0/../../../../mips64-elf/lib/libdragon.a(interrupt.o)
                0x80048480                disable_interrupts
 .text.enable_interrupts
                0x800484c0       0x80 /n64_toolchain/lib/gcc/mips64-elf/14.2.0/../../../../mips64-elf/lib/libdragon.a(interrupt.o)
                0x800484c0                enable_interrupts
 .text.get_interrupts_state
                0x80048540       0x20 /n64_toolchain/lib/gcc/mips64-elf/14.2.0/../../../../mips64-elf/lib/libdragon.a(interrupt.o)
                0x80048540                get_interrupts_state
 .text.exception_reset_time
                0x80048560       0x20 /n64_toolchain/lib/gcc/mips64-elf/14.2.0/../../../../mips64-elf/lib/libdragon.a(interrupt.o)
                0x80048560                exception_reset_time
 .text.cb.0     0x80048580       0x40 /n64_toolchain/lib/gcc/mips64-elf/14.2.0/../../../../mips64-elf/lib/libdragon.a(backtrace.o)
 .text.cb.1     0x800485c0       0x40 /n64_toolchain/lib/gcc/mips64-elf/14.2.0/../../../../mips64-elf/lib/libdragon.a(backtrace.o)
 .text.symt_open
                0x80048600      0x200 /n64_toolchain/lib/gcc/mips64-elf/14.2.0/../../../../mips64-elf/lib/libdragon.a(backtrace.o)
 .text.symt_addrtab_entry.isra.0
                0x80048800       0x60 /n64_toolchain/lib/gcc/mips64-elf/14.2.0/../../../../mips64-elf/lib/libdragon.a(backtrace.o)
 .text.format_entry
                0x80048860      0x2a0 /n64_toolchain/lib/gcc/mips64-elf/14.2.0/../../../../mips64-elf/lib/libdragon.a(backtrace.o)
 .text.symt_addrtab_search
                0x80048b00      0x160 /n64_toolchain/lib/gcc/mips64-elf/14.2.0/../../../../mips64-elf/lib/libdragon.a(backtrace.o)
 .text.__symbolize
                0x80048c60      0x280 /n64_toolchain/lib/gcc/mips64-elf/14.2.0/../../../../mips64-elf/lib/libdragon.a(backtrace.o)
                0x80048c60                __symbolize
 .text.__bt_analyze_func
                0x80048ee0      0x1c0 /n64_toolchain/lib/gcc/mips64-elf/14.2.0/../../../../mips64-elf/lib/libdragon.a(backtrace.o)
                0x80048ee0                __bt_analyze_func
 .text.backtrace_foreach.constprop.0
                0x800490a0      0x360 /n64_toolchain/lib/gcc/mips64-elf/14.2.0/../../../../mips64-elf/lib/libdragon.a(backtrace.o)
 .text.backtrace
                0x80049400       0xe0 /n64_toolchain/lib/gcc/mips64-elf/14.2.0/../../../../mips64-elf/lib/libdragon.a(backtrace.o)
                0x80049400                backtrace
 .text.__backtrace_from
                0x800494e0      0x100 /n64_toolchain/lib/gcc/mips64-elf/14.2.0/../../../../mips64-elf/lib/libdragon.a(backtrace.o)
                0x800494e0                __backtrace_from
 .text.backtrace_symbols_cb
                0x800495e0      0x320 /n64_toolchain/lib/gcc/mips64-elf/14.2.0/../../../../mips64-elf/lib/libdragon.a(backtrace.o)
                0x800495e0                backtrace_symbols_cb
 .text.backtrace_frame_print
                0x80049900       0xa0 /n64_toolchain/lib/gcc/mips64-elf/14.2.0/../../../../mips64-elf/lib/libdragon.a(backtrace.o)
                0x80049900                backtrace_frame_print
 .text.backtrace_frame_print_compact
                0x800499a0      0x140 /n64_toolchain/lib/gcc/mips64-elf/14.2.0/../../../../mips64-elf/lib/libdragon.a(backtrace.o)
                0x800499a0                backtrace_frame_print_compact
 .text.fat_disk_status_default
                0x80049ae0       0x20 /n64_toolchain/lib/gcc/mips64-elf/14.2.0/../../../../mips64-elf/lib/libdragon.a(debug.o)
 .text.fat_disk_ioctl_default
                0x80049b00       0x20 /n64_toolchain/lib/gcc/mips64-elf/14.2.0/../../../../mips64-elf/lib/libdragon.a(debug.o)
 .text.__stderr_write
                0x80049b20       0x80 /n64_toolchain/lib/gcc/mips64-elf/14.2.0/../../../../mips64-elf/lib/libdragon.a(debug.o)
 .text.usblog_write
                0x80049ba0       0x20 /n64_toolchain/lib/gcc/mips64-elf/14.2.0/../../../../mips64-elf/lib/libdragon.a(debug.o)
 .text.isviewer_write
                0x80049bc0       0xe0 /n64_toolchain/lib/gcc/mips64-elf/14.2.0/../../../../mips64-elf/lib/libdragon.a(debug.o)
 .text.fat_disk_initialize_sd
                0x80049ca0       0x20 /n64_toolchain/lib/gcc/mips64-elf/14.2.0/../../../../mips64-elf/lib/libdragon.a(debug.o)
 .text.cb.0     0x80049cc0       0xa0 /n64_toolchain/lib/gcc/mips64-elf/14.2.0/../../../../mips64-elf/lib/libdragon.a(debug.o)
 .text.debug_init_usblog
                0x80049d60       0xe0 /n64_toolchain/lib/gcc/mips64-elf/14.2.0/../../../../mips64-elf/lib/libdragon.a(debug.o)
                0x80049d60                debug_init_usblog
 .text.debug_init_isviewer
                0x80049e40       0xe0 /n64_toolchain/lib/gcc/mips64-elf/14.2.0/../../../../mips64-elf/lib/libdragon.a(debug.o)
                0x80049e40                debug_init_isviewer
 .text.debug_init_sdfs
                0x80049f20       0xc0 /n64_toolchain/lib/gcc/mips64-elf/14.2.0/../../../../mips64-elf/lib/libdragon.a(debug.o)
                0x80049f20                debug_init_sdfs
 .text.debug_close_sdfs
                0x80049fe0       0x60 /n64_toolchain/lib/gcc/mips64-elf/14.2.0/../../../../mips64-elf/lib/libdragon.a(debug.o)
                0x80049fe0                debug_close_sdfs
 .text.debug_assert_func_f
                0x8004a040       0xe0 /n64_toolchain/lib/gcc/mips64-elf/14.2.0/../../../../mips64-elf/lib/libdragon.a(debug.o)
                0x8004a040                debug_assert_func_f
 .text.fat_disk_write_sd
                0x8004a120       0x60 /n64_toolchain/lib/gcc/mips64-elf/14.2.0/../../../../mips64-elf/lib/libdragon.a(debug.o)
 .text.fat_disk_read_sd
                0x8004a180      0x100 /n64_toolchain/lib/gcc/mips64-elf/14.2.0/../../../../mips64-elf/lib/libdragon.a(debug.o)
 .text.debug_assert_func
                0x8004a280       0x20 /n64_toolchain/lib/gcc/mips64-elf/14.2.0/../../../../mips64-elf/lib/libdragon.a(debug.o)
                0x8004a280                debug_assert_func
 .text.debug_hexdump
                0x8004a2a0      0x280 /n64_toolchain/lib/gcc/mips64-elf/14.2.0/../../../../mips64-elf/lib/libdragon.a(debug.o)
                0x8004a2a0                debug_hexdump
 .text.__debug_backtrace
                0x8004a520      0x120 /n64_toolchain/lib/gcc/mips64-elf/14.2.0/../../../../mips64-elf/lib/libdragon.a(debug.o)
                0x8004a520                __debug_backtrace
 .text.debug_backtrace
                0x8004a640       0x20 /n64_toolchain/lib/gcc/mips64-elf/14.2.0/../../../../mips64-elf/lib/libdragon.a(debug.o)
                0x8004a640                debug_backtrace
 .text.usb_64drive_read
                0x8004a660       0x60 /n64_toolchain/lib/gcc/mips64-elf/14.2.0/../../../../mips64-elf/lib/libdragon.a(usb.o)
 .text.usb_64drive_poll
                0x8004a6c0      0x1a0 /n64_toolchain/lib/gcc/mips64-elf/14.2.0/../../../../mips64-elf/lib/libdragon.a(usb.o)
 .text.usb_everdrive_usbbusy
                0x8004a860       0xe0 /n64_toolchain/lib/gcc/mips64-elf/14.2.0/../../../../mips64-elf/lib/libdragon.a(usb.o)
 .text.usb_everdrive_readusb
                0x8004a940       0xc0 /n64_toolchain/lib/gcc/mips64-elf/14.2.0/../../../../mips64-elf/lib/libdragon.a(usb.o)
 .text.usb_everdrive_poll
                0x8004aa00      0x220 /n64_toolchain/lib/gcc/mips64-elf/14.2.0/../../../../mips64-elf/lib/libdragon.a(usb.o)
 .text.usb_everdrive_write
                0x8004ac20      0x1c0 /n64_toolchain/lib/gcc/mips64-elf/14.2.0/../../../../mips64-elf/lib/libdragon.a(usb.o)
 .text.usb_everdrive_read
                0x8004ade0       0x60 /n64_toolchain/lib/gcc/mips64-elf/14.2.0/../../../../mips64-elf/lib/libdragon.a(usb.o)
 .text.usb_sc64_read
                0x8004ae40       0x60 /n64_toolchain/lib/gcc/mips64-elf/14.2.0/../../../../mips64-elf/lib/libdragon.a(usb.o)
 .text.usb_sc64_poll
                0x8004aea0      0x160 /n64_toolchain/lib/gcc/mips64-elf/14.2.0/../../../../mips64-elf/lib/libdragon.a(usb.o)
 .text.usb_write
                0x8004b000       0x40 /n64_toolchain/lib/gcc/mips64-elf/14.2.0/../../../../mips64-elf/lib/libdragon.a(usb.o)
                0x8004b000                usb_write
 .text.usb_sendheartbeat
                0x8004b040       0x60 /n64_toolchain/lib/gcc/mips64-elf/14.2.0/../../../../mips64-elf/lib/libdragon.a(usb.o)
                0x8004b040                usb_sendheartbeat
 .text.usb_initialize
                0x8004b0a0      0x1e0 /n64_toolchain/lib/gcc/mips64-elf/14.2.0/../../../../mips64-elf/lib/libdragon.a(usb.o)
                0x8004b0a0                usb_initialize
 .text.usb_64drive_wait
                0x8004b280       0xc0 /n64_toolchain/lib/gcc/mips64-elf/14.2.0/../../../../mips64-elf/lib/libdragon.a(usb.o)
                0x8004b280                usb_64drive_wait
 .text.usb_64drive_write
                0x8004b340      0x240 /n64_toolchain/lib/gcc/mips64-elf/14.2.0/../../../../mips64-elf/lib/libdragon.a(usb.o)
 .text.usb_sc64_execute_cmd
                0x8004b580       0xc0 /n64_toolchain/lib/gcc/mips64-elf/14.2.0/../../../../mips64-elf/lib/libdragon.a(usb.o)
                0x8004b580                usb_sc64_execute_cmd
 .text.usb_sc64_write
                0x8004b640      0x2c0 /n64_toolchain/lib/gcc/mips64-elf/14.2.0/../../../../mips64-elf/lib/libdragon.a(usb.o)
 .text.__cart_acs_get
                0x8004b900       0xe0 /n64_toolchain/lib/gcc/mips64-elf/14.2.0/../../../../mips64-elf/lib/libdragon.a(cart.o)
 .text.__cart_acs_rel
                0x8004b9e0       0x80 /n64_toolchain/lib/gcc/mips64-elf/14.2.0/../../../../mips64-elf/lib/libdragon.a(cart.o)
 .text.ci_card_init
                0x8004ba60       0x20 /n64_toolchain/lib/gcc/mips64-elf/14.2.0/../../../../mips64-elf/lib/libdragon.a(cart.o)
                0x8004ba60                ci_card_init
 .text.__edx_sd_mode
                0x8004ba80       0xc0 /n64_toolchain/lib/gcc/mips64-elf/14.2.0/../../../../mips64-elf/lib/libdragon.a(cart.o)
 .text.ed_init  0x8004bb40       0xe0 /n64_toolchain/lib/gcc/mips64-elf/14.2.0/../../../../mips64-elf/lib/libdragon.a(cart.o)
                0x8004bb40                ed_init
 .text.edx_init
                0x8004bc20      0x140 /n64_toolchain/lib/gcc/mips64-elf/14.2.0/../../../../mips64-elf/lib/libdragon.a(cart.o)
                0x8004bc20                edx_init
 .text.__edx_sd_cmd
                0x8004bd60      0x280 /n64_toolchain/lib/gcc/mips64-elf/14.2.0/../../../../mips64-elf/lib/libdragon.a(cart.o)
 .text.edx_card_init
                0x8004bfe0      0x260 /n64_toolchain/lib/gcc/mips64-elf/14.2.0/../../../../mips64-elf/lib/libdragon.a(cart.o)
                0x8004bfe0                edx_card_init
 .text.__sd_crc16.constprop.0
                0x8004c240      0x420 /n64_toolchain/lib/gcc/mips64-elf/14.2.0/../../../../mips64-elf/lib/libdragon.a(cart.o)
 .text.__edx_sd_close
                0x8004c660       0xe0 /n64_toolchain/lib/gcc/mips64-elf/14.2.0/../../../../mips64-elf/lib/libdragon.a(cart.o)
 .text.edx_card_rd_cart
                0x8004c740      0x160 /n64_toolchain/lib/gcc/mips64-elf/14.2.0/../../../../mips64-elf/lib/libdragon.a(cart.o)
                0x8004c740                edx_card_rd_cart
 .text.edx_card_rd_dram
                0x8004c8a0      0x240 /n64_toolchain/lib/gcc/mips64-elf/14.2.0/../../../../mips64-elf/lib/libdragon.a(cart.o)
                0x8004c8a0                edx_card_rd_dram
 .text.edx_card_wr_dram
                0x8004cae0      0x2a0 /n64_toolchain/lib/gcc/mips64-elf/14.2.0/../../../../mips64-elf/lib/libdragon.a(cart.o)
                0x8004cae0                edx_card_wr_dram
 .text.ci_init  0x8004cd80      0x100 /n64_toolchain/lib/gcc/mips64-elf/14.2.0/../../../../mips64-elf/lib/libdragon.a(cart.o)
                0x8004cd80                ci_init
 .text.sc_card_init
                0x8004ce80       0xa0 /n64_toolchain/lib/gcc/mips64-elf/14.2.0/../../../../mips64-elf/lib/libdragon.a(cart.o)
                0x8004ce80                sc_card_init
 .text.sc_init  0x8004cf20      0x1a0 /n64_toolchain/lib/gcc/mips64-elf/14.2.0/../../../../mips64-elf/lib/libdragon.a(cart.o)
                0x8004cf20                sc_init
 .text.sc_card_rd_dram
                0x8004d0c0      0x260 /n64_toolchain/lib/gcc/mips64-elf/14.2.0/../../../../mips64-elf/lib/libdragon.a(cart.o)
                0x8004d0c0                sc_card_rd_dram
 .text.sc_card_wr_dram
                0x8004d320      0x260 /n64_toolchain/lib/gcc/mips64-elf/14.2.0/../../../../mips64-elf/lib/libdragon.a(cart.o)
                0x8004d320                sc_card_wr_dram
 .text.ci_card_rd_dram
                0x8004d580      0x260 /n64_toolchain/lib/gcc/mips64-elf/14.2.0/../../../../mips64-elf/lib/libdragon.a(cart.o)
                0x8004d580                ci_card_rd_dram
 .text.ci_card_wr_dram
                0x8004d7e0      0x260 /n64_toolchain/lib/gcc/mips64-elf/14.2.0/../../../../mips64-elf/lib/libdragon.a(cart.o)
                0x8004d7e0                ci_card_wr_dram
 .text.sc_card_rd_cart
                0x8004da40      0x1c0 /n64_toolchain/lib/gcc/mips64-elf/14.2.0/../../../../mips64-elf/lib/libdragon.a(cart.o)
                0x8004da40                sc_card_rd_cart
 .text.__ed_sd_cmd
                0x8004dc00      0x2e0 /n64_toolchain/lib/gcc/mips64-elf/14.2.0/../../../../mips64-elf/lib/libdragon.a(cart.o)
 .text.ed_card_init
                0x8004dee0      0x420 /n64_toolchain/lib/gcc/mips64-elf/14.2.0/../../../../mips64-elf/lib/libdragon.a(cart.o)
                0x8004dee0                ed_card_init
 .text.__ed_sd_close
                0x8004e300      0x120 /n64_toolchain/lib/gcc/mips64-elf/14.2.0/../../../../mips64-elf/lib/libdragon.a(cart.o)
 .text.ed_card_rd_dram
                0x8004e420      0x200 /n64_toolchain/lib/gcc/mips64-elf/14.2.0/../../../../mips64-elf/lib/libdragon.a(cart.o)
                0x8004e420                ed_card_rd_dram
 .text.ed_card_rd_cart
                0x8004e620      0x2e0 /n64_toolchain/lib/gcc/mips64-elf/14.2.0/../../../../mips64-elf/lib/libdragon.a(cart.o)
                0x8004e620                ed_card_rd_cart
 .text.ed_card_wr_dram
                0x8004e900      0x480 /n64_toolchain/lib/gcc/mips64-elf/14.2.0/../../../../mips64-elf/lib/libdragon.a(cart.o)
                0x8004e900                ed_card_wr_dram
 .text.ci_card_rd_cart
                0x8004ed80      0x240 /n64_toolchain/lib/gcc/mips64-elf/14.2.0/../../../../mips64-elf/lib/libdragon.a(cart.o)
                0x8004ed80                ci_card_rd_cart
 .text.cart_init
                0x8004efc0       0xe0 /n64_toolchain/lib/gcc/mips64-elf/14.2.0/../../../../mips64-elf/lib/libdragon.a(cart.o)
                0x8004efc0                cart_init
 .text.cart_card_init
                0x8004f0a0       0x40 /n64_toolchain/lib/gcc/mips64-elf/14.2.0/../../../../mips64-elf/lib/libdragon.a(cart.o)
                0x8004f0a0                cart_card_init
 .text.cart_card_rd_dram
                0x8004f0e0       0x40 /n64_toolchain/lib/gcc/mips64-elf/14.2.0/../../../../mips64-elf/lib/libdragon.a(cart.o)
                0x8004f0e0                cart_card_rd_dram
 .text.cart_card_rd_cart
                0x8004f120       0x40 /n64_toolchain/lib/gcc/mips64-elf/14.2.0/../../../../mips64-elf/lib/libdragon.a(cart.o)
                0x8004f120                cart_card_rd_cart
 .text.cart_card_wr_dram
                0x8004f160       0x40 /n64_toolchain/lib/gcc/mips64-elf/14.2.0/../../../../mips64-elf/lib/libdragon.a(cart.o)
                0x8004f160                cart_card_wr_dram
 .text.ld_qword
                0x8004f1a0       0x80 /n64_toolchain/lib/gcc/mips64-elf/14.2.0/../../../../mips64-elf/lib/libdragon.a(ff.o)
 .text.tchar2uni
                0x8004f220      0x100 /n64_toolchain/lib/gcc/mips64-elf/14.2.0/../../../../mips64-elf/lib/libdragon.a(ff.o)
 .text.get_ldnumber
                0x8004f320       0x80 /n64_toolchain/lib/gcc/mips64-elf/14.2.0/../../../../mips64-elf/lib/libdragon.a(ff.o)
 .text.validate
                0x8004f3a0       0xa0 /n64_toolchain/lib/gcc/mips64-elf/14.2.0/../../../../mips64-elf/lib/libdragon.a(ff.o)
 .text.sync_window
                0x8004f440       0xc0 /n64_toolchain/lib/gcc/mips64-elf/14.2.0/../../../../mips64-elf/lib/libdragon.a(ff.o)
 .text.put_utf  0x8004f500      0x180 /n64_toolchain/lib/gcc/mips64-elf/14.2.0/../../../../mips64-elf/lib/libdragon.a(ff.o)
 .text.get_fileinfo
                0x8004f680      0x4a0 /n64_toolchain/lib/gcc/mips64-elf/14.2.0/../../../../mips64-elf/lib/libdragon.a(ff.o)
 .text.dir_clear
                0x8004fb20      0x100 /n64_toolchain/lib/gcc/mips64-elf/14.2.0/../../../../mips64-elf/lib/libdragon.a(ff.o)
 .text.init_alloc_info.isra.0
                0x8004fc20       0xc0 /n64_toolchain/lib/gcc/mips64-elf/14.2.0/../../../../mips64-elf/lib/libdragon.a(ff.o)
 .text.move_window
                0x8004fce0       0xe0 /n64_toolchain/lib/gcc/mips64-elf/14.2.0/../../../../mips64-elf/lib/libdragon.a(ff.o)
 .text.change_bitmap
                0x8004fdc0      0x140 /n64_toolchain/lib/gcc/mips64-elf/14.2.0/../../../../mips64-elf/lib/libdragon.a(ff.o)
 .text.put_fat.part.0
                0x8004ff00      0x2e0 /n64_toolchain/lib/gcc/mips64-elf/14.2.0/../../../../mips64-elf/lib/libdragon.a(ff.o)
 .text.fill_last_frag
                0x800501e0       0xe0 /n64_toolchain/lib/gcc/mips64-elf/14.2.0/../../../../mips64-elf/lib/libdragon.a(ff.o)
 .text.fill_first_frag
                0x800502c0       0xc0 /n64_toolchain/lib/gcc/mips64-elf/14.2.0/../../../../mips64-elf/lib/libdragon.a(ff.o)
 .text.get_fat  0x80050380      0x300 /n64_toolchain/lib/gcc/mips64-elf/14.2.0/../../../../mips64-elf/lib/libdragon.a(ff.o)
 .text.dir_sdi  0x80050680      0x200 /n64_toolchain/lib/gcc/mips64-elf/14.2.0/../../../../mips64-elf/lib/libdragon.a(ff.o)
 .text.remove_chain
                0x80050880      0x2e0 /n64_toolchain/lib/gcc/mips64-elf/14.2.0/../../../../mips64-elf/lib/libdragon.a(ff.o)
 .text.create_chain
                0x80050b60      0x420 /n64_toolchain/lib/gcc/mips64-elf/14.2.0/../../../../mips64-elf/lib/libdragon.a(ff.o)
 .text.dir_next
                0x80050f80      0x1e0 /n64_toolchain/lib/gcc/mips64-elf/14.2.0/../../../../mips64-elf/lib/libdragon.a(ff.o)
 .text.dir_alloc
                0x80051160      0x1a0 /n64_toolchain/lib/gcc/mips64-elf/14.2.0/../../../../mips64-elf/lib/libdragon.a(ff.o)
 .text.dir_remove
                0x80051300      0x1e0 /n64_toolchain/lib/gcc/mips64-elf/14.2.0/../../../../mips64-elf/lib/libdragon.a(ff.o)
 .text.load_xdir
                0x800514e0      0x300 /n64_toolchain/lib/gcc/mips64-elf/14.2.0/../../../../mips64-elf/lib/libdragon.a(ff.o)
 .text.store_xdir
                0x800517e0      0x1e0 /n64_toolchain/lib/gcc/mips64-elf/14.2.0/../../../../mips64-elf/lib/libdragon.a(ff.o)
 .text.dir_read.constprop.0
                0x800519c0      0x320 /n64_toolchain/lib/gcc/mips64-elf/14.2.0/../../../../mips64-elf/lib/libdragon.a(ff.o)
 .text.dir_find
                0x80051ce0      0x4c0 /n64_toolchain/lib/gcc/mips64-elf/14.2.0/../../../../mips64-elf/lib/libdragon.a(ff.o)
 .text.follow_path
                0x800521a0      0x6c0 /n64_toolchain/lib/gcc/mips64-elf/14.2.0/../../../../mips64-elf/lib/libdragon.a(ff.o)
 .text.sync_fs  0x80052860      0x240 /n64_toolchain/lib/gcc/mips64-elf/14.2.0/../../../../mips64-elf/lib/libdragon.a(ff.o)
 .text.check_fs
                0x80052aa0      0x2e0 /n64_toolchain/lib/gcc/mips64-elf/14.2.0/../../../../mips64-elf/lib/libdragon.a(ff.o)
 .text.mount_volume
                0x80052d80      0xda0 /n64_toolchain/lib/gcc/mips64-elf/14.2.0/../../../../mips64-elf/lib/libdragon.a(ff.o)
 .text.dir_register
                0x80053b20      0x880 /n64_toolchain/lib/gcc/mips64-elf/14.2.0/../../../../mips64-elf/lib/libdragon.a(ff.o)
 .text.f_mount  0x800543a0       0xc0 /n64_toolchain/lib/gcc/mips64-elf/14.2.0/../../../../mips64-elf/lib/libdragon.a(ff.o)
                0x800543a0                f_mount
 .text.f_open   0x80054460      0x5a0 /n64_toolchain/lib/gcc/mips64-elf/14.2.0/../../../../mips64-elf/lib/libdragon.a(ff.o)
                0x80054460                f_open
 .text.f_read   0x80054a00      0x380 /n64_toolchain/lib/gcc/mips64-elf/14.2.0/../../../../mips64-elf/lib/libdragon.a(ff.o)
                0x80054a00                f_read
 .text.f_write  0x80054d80      0x420 /n64_toolchain/lib/gcc/mips64-elf/14.2.0/../../../../mips64-elf/lib/libdragon.a(ff.o)
                0x80054d80                f_write
 .text.f_sync   0x800551a0      0x360 /n64_toolchain/lib/gcc/mips64-elf/14.2.0/../../../../mips64-elf/lib/libdragon.a(ff.o)
                0x800551a0                f_sync
 .text.f_close  0x80055500       0x60 /n64_toolchain/lib/gcc/mips64-elf/14.2.0/../../../../mips64-elf/lib/libdragon.a(ff.o)
                0x80055500                f_close
 .text.f_lseek  0x80055560      0x380 /n64_toolchain/lib/gcc/mips64-elf/14.2.0/../../../../mips64-elf/lib/libdragon.a(ff.o)
                0x80055560                f_lseek
 .text.f_opendir
                0x800558e0      0x1a0 /n64_toolchain/lib/gcc/mips64-elf/14.2.0/../../../../mips64-elf/lib/libdragon.a(ff.o)
                0x800558e0                f_opendir
 .text.f_closedir
                0x80055a80       0x80 /n64_toolchain/lib/gcc/mips64-elf/14.2.0/../../../../mips64-elf/lib/libdragon.a(ff.o)
                0x80055a80                f_closedir
 .text.f_readdir
                0x80055b00       0xe0 /n64_toolchain/lib/gcc/mips64-elf/14.2.0/../../../../mips64-elf/lib/libdragon.a(ff.o)
                0x80055b00                f_readdir
 .text.f_stat   0x80055be0       0xc0 /n64_toolchain/lib/gcc/mips64-elf/14.2.0/../../../../mips64-elf/lib/libdragon.a(ff.o)
                0x80055be0                f_stat
 .text.f_unlink
                0x80055ca0      0x240 /n64_toolchain/lib/gcc/mips64-elf/14.2.0/../../../../mips64-elf/lib/libdragon.a(ff.o)
                0x80055ca0                f_unlink
 .text.f_mkdir  0x80055ee0      0x460 /n64_toolchain/lib/gcc/mips64-elf/14.2.0/../../../../mips64-elf/lib/libdragon.a(ff.o)
                0x80055ee0                f_mkdir
 .text.ff_uni2oem
                0x80056340       0x80 /n64_toolchain/lib/gcc/mips64-elf/14.2.0/../../../../mips64-elf/lib/libdragon.a(ffunicode.o)
                0x80056340                ff_uni2oem
 .text.ff_oem2uni
                0x800563c0       0x60 /n64_toolchain/lib/gcc/mips64-elf/14.2.0/../../../../mips64-elf/lib/libdragon.a(ffunicode.o)
                0x800563c0                ff_oem2uni
 .text.ff_wtoupper
                0x80056420      0x160 /n64_toolchain/lib/gcc/mips64-elf/14.2.0/../../../../mips64-elf/lib/libdragon.a(ffunicode.o)
                0x80056420                ff_wtoupper
 .text.__fresult_set_errno
                0x80056580      0x180 /n64_toolchain/lib/gcc/mips64-elf/14.2.0/../../../../mips64-elf/lib/libdragon.a(fat.o)
 .text.__fat_unlink
                0x80056700       0xa0 /n64_toolchain/lib/gcc/mips64-elf/14.2.0/../../../../mips64-elf/lib/libdragon.a(fat.o)
 .text.__fat_unlink_vol3
                0x800567a0       0x20 /n64_toolchain/lib/gcc/mips64-elf/14.2.0/../../../../mips64-elf/lib/libdragon.a(fat.o)
 .text.__fat_unlink_vol2
                0x800567c0       0x20 /n64_toolchain/lib/gcc/mips64-elf/14.2.0/../../../../mips64-elf/lib/libdragon.a(fat.o)
 .text.__fat_unlink_vol1
                0x800567e0       0x20 /n64_toolchain/lib/gcc/mips64-elf/14.2.0/../../../../mips64-elf/lib/libdragon.a(fat.o)
 .text.__fat_unlink_vol0
                0x80056800       0x20 /n64_toolchain/lib/gcc/mips64-elf/14.2.0/../../../../mips64-elf/lib/libdragon.a(fat.o)
 .text.__fat_findnext
                0x80056820       0xe0 /n64_toolchain/lib/gcc/mips64-elf/14.2.0/../../../../mips64-elf/lib/libdragon.a(fat.o)
 .text.__fat_findfirst
                0x80056900       0xe0 /n64_toolchain/lib/gcc/mips64-elf/14.2.0/../../../../mips64-elf/lib/libdragon.a(fat.o)
 .text.__fat_findfirst_vol3
                0x800569e0       0x20 /n64_toolchain/lib/gcc/mips64-elf/14.2.0/../../../../mips64-elf/lib/libdragon.a(fat.o)
 .text.__fat_findfirst_vol2
                0x80056a00       0x20 /n64_toolchain/lib/gcc/mips64-elf/14.2.0/../../../../mips64-elf/lib/libdragon.a(fat.o)
 .text.__fat_findfirst_vol1
                0x80056a20       0x20 /n64_toolchain/lib/gcc/mips64-elf/14.2.0/../../../../mips64-elf/lib/libdragon.a(fat.o)
 .text.__fat_findfirst_vol0
                0x80056a40       0x20 /n64_toolchain/lib/gcc/mips64-elf/14.2.0/../../../../mips64-elf/lib/libdragon.a(fat.o)
 .text.__fat_open
                0x80056a60      0x1c0 /n64_toolchain/lib/gcc/mips64-elf/14.2.0/../../../../mips64-elf/lib/libdragon.a(fat.o)
 .text.__fat_open_vol3
                0x80056c20       0x20 /n64_toolchain/lib/gcc/mips64-elf/14.2.0/../../../../mips64-elf/lib/libdragon.a(fat.o)
 .text.__fat_open_vol2
                0x80056c40       0x20 /n64_toolchain/lib/gcc/mips64-elf/14.2.0/../../../../mips64-elf/lib/libdragon.a(fat.o)
 .text.__fat_open_vol1
                0x80056c60       0x20 /n64_toolchain/lib/gcc/mips64-elf/14.2.0/../../../../mips64-elf/lib/libdragon.a(fat.o)
 .text.__fat_open_vol0
                0x80056c80       0x20 /n64_toolchain/lib/gcc/mips64-elf/14.2.0/../../../../mips64-elf/lib/libdragon.a(fat.o)
 .text.__fat_close
                0x80056ca0       0x80 /n64_toolchain/lib/gcc/mips64-elf/14.2.0/../../../../mips64-elf/lib/libdragon.a(fat.o)
 .text.__fat_write
                0x80056d20       0x60 /n64_toolchain/lib/gcc/mips64-elf/14.2.0/../../../../mips64-elf/lib/libdragon.a(fat.o)
 .text.__fat_read
                0x80056d80       0x60 /n64_toolchain/lib/gcc/mips64-elf/14.2.0/../../../../mips64-elf/lib/libdragon.a(fat.o)
 .text.__fat_lseek
                0x80056de0       0xa0 /n64_toolchain/lib/gcc/mips64-elf/14.2.0/../../../../mips64-elf/lib/libdragon.a(fat.o)
 .text.__fat_stat
                0x80056e80      0x180 /n64_toolchain/lib/gcc/mips64-elf/14.2.0/../../../../mips64-elf/lib/libdragon.a(fat.o)
 .text.__fat_stat_vol3
                0x80057000       0x20 /n64_toolchain/lib/gcc/mips64-elf/14.2.0/../../../../mips64-elf/lib/libdragon.a(fat.o)
 .text.__fat_stat_vol2
                0x80057020       0x20 /n64_toolchain/lib/gcc/mips64-elf/14.2.0/../../../../mips64-elf/lib/libdragon.a(fat.o)
 .text.__fat_stat_vol1
                0x80057040       0x20 /n64_toolchain/lib/gcc/mips64-elf/14.2.0/../../../../mips64-elf/lib/libdragon.a(fat.o)
 .text.__fat_stat_vol0
                0x80057060       0x20 /n64_toolchain/lib/gcc/mips64-elf/14.2.0/../../../../mips64-elf/lib/libdragon.a(fat.o)
 .text.__fat_ioctl
                0x80057080       0x80 /n64_toolchain/lib/gcc/mips64-elf/14.2.0/../../../../mips64-elf/lib/libdragon.a(fat.o)
 .text.__fat_mkdir.isra.0
                0x80057100       0xa0 /n64_toolchain/lib/gcc/mips64-elf/14.2.0/../../../../mips64-elf/lib/libdragon.a(fat.o)
 .text.__fat_mkdir_vol0
                0x800571a0       0x20 /n64_toolchain/lib/gcc/mips64-elf/14.2.0/../../../../mips64-elf/lib/libdragon.a(fat.o)
 .text.__fat_mkdir_vol1
                0x800571c0       0x20 /n64_toolchain/lib/gcc/mips64-elf/14.2.0/../../../../mips64-elf/lib/libdragon.a(fat.o)
 .text.__fat_mkdir_vol2
                0x800571e0       0x20 /n64_toolchain/lib/gcc/mips64-elf/14.2.0/../../../../mips64-elf/lib/libdragon.a(fat.o)
 .text.__fat_mkdir_vol3
                0x80057200       0x20 /n64_toolchain/lib/gcc/mips64-elf/14.2.0/../../../../mips64-elf/lib/libdragon.a(fat.o)
 .text.__fat_fstat
                0x80057220       0x80 /n64_toolchain/lib/gcc/mips64-elf/14.2.0/../../../../mips64-elf/lib/libdragon.a(fat.o)
 .text.disk_initialize
                0x800572a0       0x60 /n64_toolchain/lib/gcc/mips64-elf/14.2.0/../../../../mips64-elf/lib/libdragon.a(fat.o)
                0x800572a0                disk_initialize
 .text.disk_status
                0x80057300       0x60 /n64_toolchain/lib/gcc/mips64-elf/14.2.0/../../../../mips64-elf/lib/libdragon.a(fat.o)
                0x80057300                disk_status
 .text.disk_read
                0x80057360       0x40 /n64_toolchain/lib/gcc/mips64-elf/14.2.0/../../../../mips64-elf/lib/libdragon.a(fat.o)
                0x80057360                disk_read
 .text.disk_write
                0x800573a0       0x40 /n64_toolchain/lib/gcc/mips64-elf/14.2.0/../../../../mips64-elf/lib/libdragon.a(fat.o)
                0x800573a0                disk_write
 .text.disk_ioctl
                0x800573e0       0x40 /n64_toolchain/lib/gcc/mips64-elf/14.2.0/../../../../mips64-elf/lib/libdragon.a(fat.o)
                0x800573e0                disk_ioctl
 .text.get_fattime
                0x80057420       0xa0 /n64_toolchain/lib/gcc/mips64-elf/14.2.0/../../../../mips64-elf/lib/libdragon.a(fat.o)
                0x80057420                get_fattime
 .text.fat_mount
                0x800574c0      0x220 /n64_toolchain/lib/gcc/mips64-elf/14.2.0/../../../../mips64-elf/lib/libdragon.a(fat.o)
                0x800574c0                fat_mount
 .text.rompak_search_ext
                0x800576e0      0x220 /n64_toolchain/lib/gcc/mips64-elf/14.2.0/../../../../mips64-elf/lib/libdragon.a(rompak.o)
                0x800576e0                rompak_search_ext
 .text.get_next_token
                0x80057900       0xc0 /n64_toolchain/lib/gcc/mips64-elf/14.2.0/../../../../mips64-elf/lib/libdragon.a(dragonfs.o)
 .text.__fstat  0x800579c0       0x40 /n64_toolchain/lib/gcc/mips64-elf/14.2.0/../../../../mips64-elf/lib/libdragon.a(dragonfs.o)
 .text.lookup_file
                0x80057a00      0x260 /n64_toolchain/lib/gcc/mips64-elf/14.2.0/../../../../mips64-elf/lib/libdragon.a(dragonfs.o)
 .text.__close  0x80057c60       0x40 /n64_toolchain/lib/gcc/mips64-elf/14.2.0/../../../../mips64-elf/lib/libdragon.a(dragonfs.o)