
There are no discarded input sections

Memory Configuration

Name             Origin             Length             Attributes
*default*        0x00000000         0xffffffff

Linker script and memory map


.text           0x00000000        0x0
 *(.text)
 .text          0x00000000        0x0 build/dl_test_syms.o
 *(.text.*)
 *(.init)
 *(.fini)
 *(.gnu.linkonce.t.*)

.eh_frame_hdr
 *(.eh_frame_hdr)

.eh_frame       0x00000000        0x4
                0x00000000                        __EH_FRAME_BEGIN__ = .
 *(.eh_frame)
                0x00000000        0x4 LONG 0x0

.gcc_except_table
 *(.gcc_except_table*)

.rodata
 *(.rdata)
 *(.rodata)
 *(.rodata.*)
 *(.gnu.linkonce.r.*)

.MIPS.abiflags  0x00000008       0x18
 .MIPS.abiflags
                0x00000008       0x18 build/dl_test_syms.o

.ctors          0x00000020        0x4
                0x00000020        0x4 LONG 0x0
 *(.ctors)
 *(SORT_BY_NAME(.ctors.*))
                0x00000020                        __CTOR_LIST__ = (. - 0x4)

.dtors          0x00000024        0x4
                0x00000024                        __DTOR_LIST__ = .
 *(SORT_BY_NAME(.dtors.*))
 *(.dtors)
                0x00000024        0x4 LONG 0x0

.data           0x00000028       0x1c
 *(.data)
 .data          0x00000028       0x1c build/dl_test_syms.o
                0x00000028                dl_test_sym
                0x00000034                DLTestSym
                0x00000040                dl_test_ptr
 *(.data.*)
 *(.gnu.linkonce.d.*)

.sdata          0x00000044        0x4
 *(.sdata)
 *(.sdata.*)
 *(.gnu.linkonce.s.*)
                0x00000044                        . = ALIGN (0x4)
                0x00000044                        __dso_handle = .
                0x00000044        0x4 LONG 0x0

.lit8
 *(.lit8)

.lit4
 *(.lit4)

.sbss
 *(.sbss)
 *(.sbss.*)
 *(.gnu.linkonce.sb.*)
 *(.scommon)
 *(.scommon.*)

.bss            0x00000048        0x0
 *(.bss)
 .bss           0x00000048        0x0 build/dl_test_syms.o
 *(.bss*)
 *(.gnu.linkonce.b.*)
 *(COMMON)
LOAD build/dl_test_syms.o
OUTPUT(build/dso_elf/filesystem/dl_test_syms.elf elf32-bigmips)

.reginfo        0x00000000       0x18
 .reginfo       0x00000000       0x18 build/dl_test_syms.o

.pdr            0x00000000        0x0
 .pdr           0x00000000        0x0 build/dl_test_syms.o

.gnu.attributes
                0x00000000       0x10
 .gnu.attributes
                0x00000000       0x10 build/dl_test_syms.o
