
Discarded input sections

 .MIPS.abiflags
                0x00000000       0x18 /tmp/ccojukE1.o
 .data.rdpq_send
                0x00000000        0x4 /tmp/ccojukE1.o
 .bss.rdpq_send
                0x00000000       0xb0 /tmp/ccojukE1.o
 .text.rdpq_send_helpers
                0x00000000       0x4c /tmp/ccojukE1.o
 .data.rdpq_mode_api
                0x00000000       0x58 /tmp/ccojukE1.o
 .bss.rdpq_mode_api
                0x00000000       0x10 /tmp/ccojukE1.o
 .text.rdpq_mode_api
                0x00000000      0x258 /tmp/ccojukE1.o
 .text.rdpq_scissor
                0x00000000       0x20 /tmp/ccojukE1.o
 .text.rdpq_fillcolor
                0x00000000       0x4c /tmp/ccojukE1.o
 .text.rdpq_triangle_send_async
                0x00000000      0x47c /tmp/ccojukE1.o
 .data.rdpq_triangle
                0x00000000       0x10 /tmp/ccojukE1.o
 .text.rdpq_triangle
                0x00000000      0x38c /tmp/ccojukE1.o

Memory Configuration

Name             Origin             Length             Attributes
rom_dmem         0x00000000         0x00001000
rom_imem         0x00001000         0x00001000
ram_data         0xa4000000         0x00001000
ram_text         0xa4001000         0x00001000
*default*        0x00000000         0xffffffff

Linker script and memory map


.text           0xa4001000      0xbb4 load address 0x00001000
                0xa4001000                        _start = .
 *(.text)
 .text          0xa4001000      0xb30 /tmp/ccojukE1.o
 *(.text.*)
 .text.rdpq_send
                0xa4001b30       0x84 /tmp/ccojukE1.o
                0xa4001bb4                        _text_end = .

.data           0xa4000000      0x2c8 load address 0x00000000
 *(.data)
 .data          0xa4000000      0x2c8 /tmp/ccojukE1.o
 *(.data.*)
                0xa40002c8                        _data_end = .
                0xa40002c8                        . = ALIGN (0x8)

.bss            0xa40002d0      0xcd0 load address 0x000002c8
 *(.bss)
 .bss           0xa40002d0      0xcd0 /tmp/ccojukE1.o
 *(.bss.*)
                [!provide]                        PROVIDE (__load_start_bss = LOADADDR (.bss))
                [!provide]                        PROVIDE (__load_stop_bss = (LOADADDR (.bss) + SIZEOF (.bss)))

.bssovl1        0xa40002d0        0x0 load address 0x000002c8
 *(.bssovl1)
 *(.bssovl1.*)
                [!provide]                        PROVIDE (__load_start_bssovl1 = LOADADDR (.bssovl1))
                [!provide]                        PROVIDE (__load_stop_bssovl1 = (LOADADDR (.bssovl1) + SIZEOF (.bssovl1)))

.bssovl2        0xa40002d0        0x0 load address 0x000002c8
 *(.bssovl2)
 *(.bssovl2.*)
                [!provide]                        PROVIDE (__load_start_bssovl2 = LOADADDR (.bssovl2))
                [!provide]                        PROVIDE (__load_stop_bssovl2 = (LOADADDR (.bssovl2) + SIZEOF (.bssovl2)))

.bssovl3        0xa40002d0        0x0 load address 0x000002c8
 *(.bssovl3)
 *(.bssovl3.*)
                [!provide]                        PROVIDE (__load_start_bssovl3 = LOADADDR (.bssovl3))
                [!provide]                        PROVIDE (__load_stop_bssovl3 = (LOADADDR (.bssovl3) + SIZEOF (.bssovl3)))

.meta
 *(.meta)
 *(.meta.*)

/DISCARD/
 *(.MIPS.abiflags)
LOAD /tmp/ccojukE1.o
LOAD /n64_toolchain/lib/gcc/mips64-elf/14.2.0/libgcc.a
LOAD /n64_toolchain/lib/gcc/mips64-elf/14.2.0/libgcc.a
OUTPUT(build/rsp/rsp_tinypx.o elf32-bigmips)

.reginfo        0x00000000       0x18
 .reginfo       0x00000000       0x18 /tmp/ccojukE1.o

.pdr            0x00000000        0x0
 .pdr           0x00000000        0x0 /tmp/ccojukE1.o

.gnu.attributes
                0x00000000       0x10
 .gnu.attributes
                0x00000000       0x10 /tmp/ccojukE1.o
