Archive member included to satisfy reference by file (symbol)

/n64_toolchain/lib/gcc/mips64-elf/14.2.0/../../../../mips64-elf/lib/libdragon.a(entrypoint.o)
                              (_start)
/n64_toolchain/lib/gcc/mips64-elf/14.2.0/../../../../mips64-elf/lib/libdragon.a(debug.o)
                              /n64_toolchain/lib/gcc/mips64-elf/14.2.0/../../../../mips64-elf/lib/libdragon.a(entrypoint.o) (debug_assert_func)
/n64_toolchain/lib/gcc/mips64-elf/14.2.0/../../../../mips64-elf/lib/libdragon.a(usb.o)
                              /n64_toolchain/lib/gcc/mips64-elf/14.2.0/../../../../mips64-elf/lib/libdragon.a(debug.o) (usb_write)
/n64_toolchain/lib/gcc/mips64-elf/14.2.0/../../../../mips64-elf/lib/libdragon.a(cart.o)
                              /n64_toolchain/lib/gcc/mips64-elf/14.2.0/../../../../mips64-elf/lib/libdragon.a(debug.o) (cart_init)
/n64_toolchain/lib/gcc/mips64-elf/14.2.0/../../../../mips64-elf/lib/libdragon.a(ff.o)
                              /n64_toolchain/lib/gcc/mips64-elf/14.2.0/../../../../mips64-elf/lib/libdragon.a(debug.o) (f_mount)
/n64_toolchain/lib/gcc/mips64-elf/14.2.0/../../../../mips64-elf/lib/libdragon.a(ffunicode.o)
                              /n64_toolchain/lib/gcc/mips64-elf/14.2.0/../../../../mips64-elf/lib/libdragon.a(ff.o) (ff_uni2oem)
/n64_toolchain/lib/gcc/mips64-elf/14.2.0/../../../../mips64-elf/lib/libdragon.a(fat.o)
                              /n64_toolchain/lib/gcc/mips64-elf/14.2.0/../../../../mips64-elf/lib/libdragon.a(ff.o) (disk_initialize)
/n64_toolchain/lib/gcc/mips64-elf/14.2.0/../../../../mips64-elf/lib/libdragon.a(dragonfs.o)
                              build/test.o (dfs_init)
/n64_toolchain/lib/gcc/mips64-elf/14.2.0/../../../../mips64-elf/lib/libdragon.a(display.o)
                              build/test.o (display_init)
/n64_toolchain/lib/gcc/mips64-elf/14.2.0/../../../../mips64-elf/lib/libdragon.a(surface.o)
                              /n64_toolchain/lib/gcc/mips64-elf/14.2.0/../../../../mips64-elf/lib/libdragon.a(display.o) (surface_alloc)
/n64_toolchain/lib/gcc/mips64-elf/14.2.0/../../../../mips64-elf/lib/libdragon.a(joypad.o)
                              build/test.o (joypad_init)
/n64_toolchain/lib/gcc/mips64-elf/14.2.0/../../../../mips64-elf/lib/libdragon.a(joypad_accessory.o)
                              /n64_toolchain/lib/gcc/mips64-elf/14.2.0/../../../../mips64-elf/lib/libdragon.a(joypad.o) (joypad_accessory_reset)
/n64_toolchain/lib/gcc/mips64-elf/14.2.0/../../../../mips64-elf/lib/libdragon.a(graphics.o)
                              build/test.o (graphics_make_color)
/n64_toolchain/lib/gcc/mips64-elf/14.2.0/../../../../mips64-elf/lib/libdragon.a(rsp.o)
                              /n64_toolchain/lib/gcc/mips64-elf/14.2.0/../../../../mips64-elf/lib/libdragon.a(display.o) (__rsp_crash)
/n64_toolchain/lib/gcc/mips64-elf/14.2.0/../../../../mips64-elf/lib/libdragon.a(rsp_crash.o)
                              /n64_toolchain/lib/gcc/mips64-elf/14.2.0/../../../../mips64-elf/lib/libdragon.a(rsp.o) (rsp_crash_data_start)
/n64_toolchain/lib/gcc/mips64-elf/14.2.0/../../../../mips64-elf/lib/libdragon.a(inspector.o)
                              /n64_toolchain/lib/gcc/mips64-elf/14.2.0/../../../../mips64-elf/lib/libdragon.a(debug.o) (__inspector_assertion)
/n64_toolchain/lib/gcc/mips64-elf/14.2.0/../../../../mips64-elf/lib/libdragon.a(sprite.o)
                              /n64_toolchain/lib/gcc/mips64-elf/14.2.0/../../../../mips64-elf/lib/libdragon.a(graphics.o) (__sprite_upgrade)
/n64_toolchain/lib/gcc/mips64-elf/14.2.0/../../../../mips64-elf/lib/libdragon.a(dma.o)
                              /n64_toolchain/lib/gcc/mips64-elf/14.2.0/../../../../mips64-elf/lib/libdragon.a(debug.o) (io_accessible)
/n64_toolchain/lib/gcc/mips64-elf/14.2.0/../../../../mips64-elf/lib/libdragon.a(timer.o)
                              /n64_toolchain/lib/gcc/mips64-elf/14.2.0/../../../../mips64-elf/lib/libdragon.a(joypad.o) (timer_init)
/n64_toolchain/lib/gcc/mips64-elf/14.2.0/../../../../mips64-elf/lib/libdragon.a(exception.o)
                              /n64_toolchain/lib/gcc/mips64-elf/14.2.0/../../../../mips64-elf/lib/libdragon.a(inspector.o) (__exception_dump_header)
/n64_toolchain/lib/gcc/mips64-elf/14.2.0/../../../../mips64-elf/lib/libdragon.a(do_ctors.o)
                              /n64_toolchain/lib/gcc/mips64-elf/14.2.0/../../../../mips64-elf/lib/libdragon.a(entrypoint.o) (__wrap___do_global_ctors)
/n64_toolchain/lib/gcc/mips64-elf/14.2.0/../../../../mips64-elf/lib/libdragon.a(rdpq_debug.o)
                              /n64_toolchain/lib/gcc/mips64-elf/14.2.0/../../../../mips64-elf/lib/libdragon.a(rsp.o) (rdpq_trace)
/n64_toolchain/lib/gcc/mips64-elf/14.2.0/../../../../mips64-elf/lib/libdragon.a(rdpq_rect.o)
                              /n64_toolchain/lib/gcc/mips64-elf/14.2.0/../../../../mips64-elf/lib/libdragon.a(rdpq_debug.o) (__rdpq_texture_rectangle)
[...]
Memory Configuration

Name             Origin             Length             Attributes
*default*        0x00000000         0xffffffff

Linker script and memory map

LOAD /n64_toolchain/lib/gcc/mips64-elf/14.2.0/crti.o
LOAD /n64_toolchain/lib/gcc/mips64-elf/14.2.0/crtbegin.o
LOAD build/test.o
LOAD /n64_toolchain/lib/gcc/mips64-elf/14.2.0/../../../../mips64-elf/lib/libdragon.a
LOAD /n64_toolchain/lib/gcc/mips64-elf/14.2.0/../../../../mips64-elf/lib/libm.a
LOAD /n64_toolchain/lib/gcc/mips64-elf/14.2.0/../../../../mips64-elf/lib/libdragonsys.a

.intvectors     0x80000000      0x188
                0x80000000                        . = ALIGN (0x20)
 *(.intvectors)
 .intvectors    0x80000000      0x188 /n64_toolchain/lib/gcc/mips64-elf/14.2.0/../../../../mips64-elf/lib/libdragon.a(inthandler.o)
                0x80000188                        __intvectors_end = .

.text           0x80000400    0x23230
                0x80000400                        __text_start = .
 *(.boot)
 .boot          0x80000400       0x74 /n64_toolchain/lib/gcc/mips64-elf/14.2.0/../../../../mips64-elf/lib/libdragon.a(entrypoint.o)
                0x80000400                _start
                0x80000480                        . = ALIGN (0x10)
 *fill*         0x80000474        0xc 
 *(.text)
 .text          0x80000480      0x400 /n64_toolchain/lib/gcc/mips64-elf/14.2.0/../../../../mips64-elf/lib/libdragon.a(inthandler.o)
                0x80000480                inthandler
                0x80000880                inthandler_end
 .text          0x80000880       0x98 /n64_toolchain/lib/gcc/mips64-elf/14.2.0/../../../../mips64-elf/lib/libm.a(libm_a-sf_round.o)
                0x80000880                roundf
 .text          0x80000918      0x3d0 /n64_toolchain/lib/gcc/mips64-elf/14.2.0/../../../../mips64-elf/lib/libc.a(libc_a-fread.o)
                0x80000918                _fread_r
                0x80000cb8                fread
 .text          0x80000ce8     0x2a08 /n64_toolchain/lib/gcc/mips64-elf/14.2.0/../../../../mips64-elf/lib/libc.a(libc_a-vfprintf.o)
                0x80000ce8                _vfprintf_r
                0x800035d8                vfprintf
 .text          0x800036f0       0x18 /n64_toolchain/lib/gcc/mips64-elf/14.2.0/../../../../mips64-elf/lib/libc.a(libc_a-ftell.o)
                0x800036f0                _ftell_r
                0x800036f8                ftell
 .text          0x80003708      0x11c /n64_toolchain/lib/gcc/mips64-elf/14.2.0/../../../../mips64-elf/lib/libc.a(libc_a-memset.o)
                0x80003708                memset
 *fill*         0x80003824        0x4 
 .text          0x80003828      0x188 /n64_toolchain/lib/gcc/mips64-elf/14.2.0/../../../../mips64-elf/lib/libc.a(libc_a-strchr.o)
                0x80003828                strchr
 .text          0x800039b0     0x2718 /n64_toolchain/lib/gcc/mips64-elf/14.2.0/../../../../mips64-elf/lib/libc.a(libc_a-svfprintf.o)
                0x800039b0                _svfprintf_r
 .text          0x800060c8      0xbb8 /n64_toolchain/lib/gcc/mips64-elf/14.2.0/../../../../mips64-elf/lib/libc.a(libc_a-strstr.o)
                0x80006980                strstr
 .text          0x80006c80       0x78 /n64_toolchain/lib/gcc/mips64-elf/14.2.0/../../../../mips64-elf/lib/libc.a(libc_a-rewind.o)
                0x80006c80                _rewind_r
                0x80006cb8                rewind
 .text          0x80006cf8       0x30 /n64_toolchain/lib/gcc/mips64-elf/14.2.0/../../../../mips64-elf/lib/libc.a(libc_a-vprintf.o)
                0x80006cf8                vprintf
                0x80006d10                _vprintf_r
 .text          0x80006d28      0x1e8 /n64_toolchain/lib/gcc/mips64-elf/14.2.0/../../../../mips64-elf/lib/libc.a(libc_a-ftello.o)
                0x80006d28                _ftello_r
                0x80006f00                ftello
 .text          0x80006f10      0x458 /n64_toolchain/lib/gcc/mips64-elf/14.2.0/../../../../mips64-elf/lib/libc.a(libc_a-fflush.o)
                0x80006f10                __sflush_r
                0x80007168                _fflush_r
                0x80007270                fflush
 .text          0x80007368       0x90 /n64_toolchain/lib/gcc/mips64-elf/14.2.0/../../../../mips64-elf/lib/libc.a(libc_a-stpcpy.o)
                0x80007368                stpcpy
 .text          0x800073f8      0x168 /n64_toolchain/lib/gcc/mips64-elf/14.2.0/../../../../mips64-elf/lib/libc.a(libc_a-memmove.o)
                0x800073f8                memmove
 .text          0x80007560       0x18 /n64_toolchain/lib/gcc/mips64-elf/14.2.0/../../../../mips64-elf/lib/libc.a(libc_a-calloc.o)
                0x80007560                calloc
 .text          0x80007578        0x8 /n64_toolchain/lib/gcc/mips64-elf/14.2.0/../../../../mips64-elf/lib/libc.a(libc_a-errno.o)
                0x80007578                __errno
 .text          0x80007580      0x240 /n64_toolchain/lib/gcc/mips64-elf/14.2.0/../../../../mips64-elf/lib/libc.a(libc_a-strcmp.o)
                0x80007580                strcmp
 .text          0x800077c0       0x18 /n64_toolchain/lib/gcc/mips64-elf/14.2.0/../../../../mips64-elf/lib/libc.a(libc_a-abort.o)
                0x800077c0                abort
 .text          0x800077d8      0x120 /n64_toolchain/lib/gcc/mips64-elf/14.2.0/../../../../mips64-elf/lib/libc.a(libc_a-callocr.o)
                0x800077d8                _calloc_r
 .text          0x800078f8      0x190 /n64_toolchain/lib/gcc/mips64-elf/14.2.0/../../../../mips64-elf/lib/libc.a(libc_a-fputc.o)
                0x800078f8                _fputc_r
                0x800079c0                fputc
 .text          0x80007a88       0xc8 /n64_toolchain/lib/gcc/mips64-elf/14.2.0/../../../../mips64-elf/lib/libc.a(libc_a-flags.o)
                0x80007a88                __sflags
 .text          0x80007b50      0x8c8 /n64_toolchain/lib/gcc/mips64-elf/14.2.0/../../../../mips64-elf/lib/libc.a(libc_a-mallocr.o)
                0x80007b50                _malloc_r
 .text          0x80008418       0x20 /n64_toolchain/lib/gcc/mips64-elf/14.2.0/../../../../mips64-elf/lib/libc.a(libc_a-putchar.o)
                0x80008418                _putchar_r
                0x80008420                putchar
 .text          0x80008438       0x98 /n64_toolchain/lib/gcc/mips64-elf/14.2.0/../../../../mips64-elf/lib/libc.a(libc_a-strcat.o)
                0x80008438                strcat
 .text          0x800084d0     0x1810 /n64_toolchain/lib/gcc/mips64-elf/14.2.0/../../../../mips64-elf/lib/libc.a(libc_a-dtoa.o)
                0x80008720                _dtoa_r
 .text          0x80009ce0      0x1e0 /n64_toolchain/lib/gcc/mips64-elf/14.2.0/../../../../mips64-elf/lib/libc.a(libc_a-wsetup.o)
                0x80009ce0                __swsetup_r
 .text          0x80009ec0      0x470 /n64_toolchain/lib/gcc/mips64-elf/14.2.0/../../../../mips64-elf/lib/libc.a(libc_a-freer.o)
                0x80009ec0                _malloc_trim_r
                0x8000a000                _free_r
 .text          0x8000a330       0x20 /n64_toolchain/lib/gcc/mips64-elf/14.2.0/../../../../mips64-elf/lib/libc.a(libc_a-fseek.o)
                0x8000a330                _fseek_r
                0x8000a338                fseek
 .text          0x8000a350       0x80 /n64_toolchain/lib/gcc/mips64-elf/14.2.0/../../../../mips64-elf/lib/libc.a(libc_a-memcmp.o)
                0x8000a350                memcmp
 .text          0x8000a3d0      0x1b0 /n64_toolchain/lib/gcc/mips64-elf/14.2.0/../../../../mips64-elf/lib/libc.a(libc_a-fclose.o)
                0x8000a3d0                _fclose_r
                0x8000a570                fclose
 .text          0x8000a580       0x70 /n64_toolchain/lib/gcc/mips64-elf/14.2.0/../../../../mips64-elf/lib/libc.a(libc_a-strrchr.o)
                0x8000a580                strrchr
 .text          0x8000a5f0      0x550 /n64_toolchain/lib/gcc/mips64-elf/14.2.0/../../../../mips64-elf/lib/libc.a(libc_a-fseeko.o)
                0x8000a5f0                _fseeko_r
                0x8000ab28                fseeko
 .text          0x8000ab40      0x1c8 /n64_toolchain/lib/gcc/mips64-elf/14.2.0/../../../../mips64-elf/lib/libc.a(libc_a-snprintf.o)
                0x8000ab40                _snprintf_r
                0x8000ac20                snprintf
 .text          0x8000ad08       0xa8 /n64_toolchain/lib/gcc/mips64-elf/14.2.0/../../../../mips64-elf/lib/libc.a(libc_a-strcpy.o)
                0x8000ad08                strcpy
 .text          0x8000adb0       0x20 /n64_toolchain/lib/gcc/mips64-elf/14.2.0/../../../../mips64-elf/lib/libc.a(libc_a-malloc.o)
                0x8000adb0                malloc
                0x8000adc0                free
 .text          0x8000add0      0x240 /n64_toolchain/lib/gcc/mips64-elf/14.2.0/../../../../mips64-elf/lib/libc.a(libc_a-putc.o)
                0x8000add0                _putc_r
                0x8000aee0                putc
 .text          0x8000b010      0x190 /n64_toolchain/lib/gcc/mips64-elf/14.2.0/../../../../mips64-elf/lib/libc.a(libc_a-stdio.o)
                0x8000b010                __sread
                0x8000b068                __seofread
                0x8000b070                __swrite
                0x8000b130                __sseek
                0x8000b198                __sclose
 .text          0x8000b1a0       0x68 /n64_toolchain/lib/gcc/mips64-elf/14.2.0/../../../../mips64-elf/lib/libc.a(libc_a-fprintf.o)
                0x8000b1a0                _fprintf_r
                0x8000b1c8                fprintf
 .text          0x8000b208       0x18 /n64_toolchain/lib/gcc/mips64-elf/14.2.0/../../../../mips64-elf/lib/libc.a(libc_a-strlen.o)
                0x8000b208                strlen
 .text          0x8000b220      0x200 /n64_toolchain/lib/gcc/mips64-elf/14.2.0/../../../../mips64-elf/lib/libc.a(libc_a-refill.o)
                0x8000b248                __srefill_r
 .text          0x8000b420      0x1d0 /n64_toolchain/lib/gcc/mips64-elf/14.2.0/../../../../mips64-elf/lib/libc.a(libc_a-wbuf.o)
                0x8000b420                __swbuf_r
                0x8000b5d8                __swbuf
 .text          0x8000b5f0       0x60 /n64_toolchain/lib/gcc/mips64-elf/14.2.0/../../../../mips64-elf/lib/libc.a(libc_a-writer.o)
                0x8000b5f0                _write_r
 .text          0x8000b650       0x58 /n64_toolchain/lib/gcc/mips64-elf/14.2.0/../../../../mips64-elf/lib/libc.a(libc_a-fstatr.o)
                0x8000b650                _fstat_r
 .text          0x8000b6a8      0x250 /n64_toolchain/lib/gcc/mips64-elf/14.2.0/../../../../mips64-elf/lib/libc.a(libc_a-fwrite.o)
                0x8000b6a8                _fwrite_r
                0x8000b8c8                fwrite
 .text          0x8000b8f8       0x20 /n64_toolchain/lib/gcc/mips64-elf/14.2.0/../../../../mips64-elf/lib/libc.a(libc_a-mlock.o)
                0x8000b8f8                __malloc_lock
                0x8000b908                __malloc_unlock
 .text          0x8000b918      0x510 /n64_toolchain/lib/gcc/mips64-elf/14.2.0/../../../../mips64-elf/lib/libc.a(libc_a-findfp.o)
                0x8000bbb0                __sfp
                0x8000bd20                __sinit
                0x8000bd98                __sfp_lock_acquire
                0x8000bda8                __sfp_lock_release
                0x8000bdb8                __fp_lock_all
                0x8000bdf0                __fp_unlock_all
 .text          0x8000be28      0x1a8 /n64_toolchain/lib/gcc/mips64-elf/14.2.0/../../../../mips64-elf/lib/libc.a(libc_a-puts.o)
                0x8000be28                _puts_r
                0x8000bfc0                puts
 .text          0x8000bfd0      0x508 /n64_toolchain/lib/gcc/mips64-elf/14.2.0/../../../../mips64-elf/lib/libc.a(libc_a-fvwrite.o)
                0x8000bfd0                __sfvwrite_r
 .text          0x8000c4d8       0xf0 /n64_toolchain/lib/gcc/mips64-elf/14.2.0/../../../../mips64-elf/lib/libc.a(libc_a-memchr.o)
                0x8000c4d8                memchr
 .text          0x8000c5c8       0xc8 /n64_toolchain/lib/gcc/mips64-elf/14.2.0/../../../../mips64-elf/lib/libc.a(libc_a-ssprint_r.o)
                0x8000c5c8                __ssprint_r
 .text          0x8000c690      0x370 /n64_toolchain/lib/gcc/mips64-elf/14.2.0/../../../../mips64-elf/lib/libc.a(libc_a-memcpy.o)
                0x8000c690                memcpy
 .text          0x8000ca00       0xe0 /n64_toolchain/lib/gcc/mips64-elf/14.2.0/../../../../mips64-elf/lib/libc.a(libc_a-sprintf.o)
                0x8000ca00                _sprintf_r
                0x8000ca68                sprintf
 .text          0x8000cae0       0x40 /n64_toolchain/lib/gcc/mips64-elf/14.2.0/../../../../mips64-elf/lib/libc.a(libc_a-strnlen.o)
                0x8000cae0                strnlen
 .text          0x8000cb20       0x78 /n64_toolchain/lib/gcc/mips64-elf/14.2.0/../../../../mips64-elf/lib/libc.a(libc_a-printf.o)
                0x8000cb20                _printf_r
                0x8000cb58                printf
 .text          0x8000cb98       0x50 /n64_toolchain/lib/gcc/mips64-elf/14.2.0/../../../../mips64-elf/lib/libc.a(libc_a-sbrkr.o)
                0x8000cb98                _sbrk_r
 .text          0x8000cbe8      0x1b8 /n64_toolchain/lib/gcc/mips64-elf/14.2.0/../../../../mips64-elf/lib/libc.a(libc_a-fopen.o)
                0x8000cbe8                _fopen_r
                0x8000cd88                fopen
 .text          0x8000cda0       0x50 /n64_toolchain/lib/gcc/mips64-elf/14.2.0/../../../../mips64-elf/lib/libc.a(libc_a-closer.o)
                0x8000cda0                _close_r
 .text          0x8000cdf0       0x18 /n64_toolchain/lib/gcc/mips64-elf/14.2.0/../../../../mips64-elf/lib/libc.a(libc_a-malign.o)
                0x8000cdf0                memalign
 .text          0x8000ce08      0x598 /n64_toolchain/lib/gcc/mips64-elf/14.2.0/../../../../mips64-elf/lib/libc.a(libc_a-signal.o)
                0x8000ce08                _init_signal_r
                0x8000ce70                _signal_r
                0x8000cf20                _raise_r
                0x8000cfd8                __sigtramp_r
                0x8000d0c8                raise
                0x8000d190                signal
                0x8000d248                _init_signal
                0x8000d2b8                __sigtramp
 .text          0x8000d3a0       0x60 /n64_toolchain/lib/gcc/mips64-elf/14.2.0/../../../../mips64-elf/lib/libc.a(libc_a-openr.o)
                0x8000d3a0                _open_r
 .text          0x8000d400       0x40 /n64_toolchain/lib/gcc/mips64-elf/14.2.0/../../../../mips64-elf/lib/libc.a(libc_a-sprint_r.o)
                0x8000d400                __sprint_r
 .text          0x8000d440     0x1480 /n64_toolchain/lib/gcc/mips64-elf/14.2.0/../../../../mips64-elf/lib/libc.a(libc_a-mprec.o)
                0x8000d440                _Balloc
                0x8000d4f0                _Bfree
                0x8000d520                __multadd
                0x8000d678                __s2b
                0x8000d7f8                __hi0bits
                0x8000d8a0                __lo0bits
                0x8000d9b8                __i2b
                0x8000da90                __multiply
                0x8000dd18                __pow5mult
                0x8000de80                __lshift
                0x8000e038                __mcmp
                0x8000e0a0                __mdiff
                0x8000e318                __ulp
                0x8000e3c8                __b2d
                0x8000e560                __d2b
                0x8000e6b8                __ratio
                0x8000e778                _mprec_log10
                0x8000e7b8                __copybits
                0x8000e840                __any_on
 .text          0x8000e8c0       0xc0 /n64_toolchain/lib/gcc/mips64-elf/14.2.0/../../../../mips64-elf/lib/libc.a(libc_a-fwalk.o)
                0x8000e8c0                _fwalk_sglue
 .text          0x8000e980       0x28 /n64_toolchain/lib/gcc/mips64-elf/14.2.0/../../../../mips64-elf/lib/libc.a(libc_a-localeconv.o)
                0x8000e980                __localeconv_l
                0x8000e988                _localeconv_r
                0x8000e998                localeconv
 .text          0x8000e9a8      0x230 /n64_toolchain/lib/gcc/mips64-elf/14.2.0/../../../../mips64-elf/lib/libc.a(libc_a-makebuf.o)
                0x8000e9a8                __smakebuf_r
                0x8000eb28                __swhatbuf_r
 .text          0x8000ebd8       0x60 /n64_toolchain/lib/gcc/mips64-elf/14.2.0/../../../../mips64-elf/lib/libc.a(libc_a-signalr.o)
                0x8000ebd8                _kill_r
                0x8000ec30                _getpid_r
 .text          0x8000ec38       0x70 /n64_toolchain/lib/gcc/mips64-elf/14.2.0/../../../../mips64-elf/lib/libc.a(libc_a-mbtowc_r.o)
                0x8000ec38                _mbtowc_r
                0x8000ec48                __ascii_mbtowc
 .text          0x8000eca8      0x188 /n64_toolchain/lib/gcc/mips64-elf/14.2.0/../../../../mips64-elf/lib/libc.a(libc_a-ssputs_r.o)
                0x8000eca8                __ssputs_r
 .text          0x8000ee30       0x60 /n64_toolchain/lib/gcc/mips64-elf/14.2.0/../../../../mips64-elf/lib/libc.a(libc_a-readr.o)
                0x8000ee30                _read_r
 .text          0x8000ee90      0x200 /n64_toolchain/lib/gcc/mips64-elf/14.2.0/../../../../mips64-elf/lib/libc.a(libc_a-malignr.o)
                0x8000ee90                _memalign_r
 .text          0x8000f090       0x48 /n64_toolchain/lib/gcc/mips64-elf/14.2.0/../../../../mips64-elf/lib/libc.a(libc_a-wctomb_r.o)
                0x8000f090                _wctomb_r
                0x8000f0a0                __ascii_wctomb
 .text          0x8000f0d8       0x60 /n64_toolchain/lib/gcc/mips64-elf/14.2.0/../../../../mips64-elf/lib/libc.a(libc_a-lseekr.o)
                0x8000f0d8                _lseek_r
 .text          0x8000f138      0x600 /n64_toolchain/lib/gcc/mips64-elf/14.2.0/../../../../mips64-elf/lib/libc.a(libc_a-reallocr.o)
                0x8000f138                _realloc_r
 .text          0x8000f738       0x50 /n64_toolchain/lib/gcc/mips64-elf/14.2.0/../../../../mips64-elf/lib/libc.a(libc_a-isattyr.o)
                0x8000f738                _isatty_r
 .text          0x8000f788     0x1de8 /n64_toolchain/lib/gcc/mips64-elf/14.2.0/libgcc.a(unwind-dw2-fde.o)
                0x800110a8                __register_frame_info_bases
                0x800110f0                __register_frame_info
                0x80011138                __register_frame
                0x800111a8                __register_frame_info_table_bases
                0x800111d8                __register_frame_info_table
                0x80011208                __register_frame_table
                0x80011260                __deregister_frame_info_bases
                0x80011348                __deregister_frame_info
                0x80011350                __deregister_frame
                0x80011388                _Unwind_Find_FDE
 *(.text.*)
 *fill*         0x80011570       0x10 
 .text.read_sprite
                0x80011580       0xe0 build/test.o
                0x80011580                read_sprite
 .text.startup.main
                0x80011660      0x6a0 build/test.o
                0x80011660                main
 .text.cb.0     0x80011d00       0xa0 /n64_toolchain/lib/gcc/mips64-elf/14.2.0/../../../../mips64-elf/lib/libdragon.a(debug.o)
 .text.debug_assert_func_f
                0x80011da0       0xe0 /n64_toolchain/lib/gcc/mips64-elf/14.2.0/../../../../mips64-elf/lib/libdragon.a(debug.o)
                0x80011da0                debug_assert_func_f
 .text.debug_assert_func
                0x80011e80       0x20 /n64_toolchain/lib/gcc/mips64-elf/14.2.0/../../../../mips64-elf/lib/libdragon.a(debug.o)
                0x80011e80                debug_assert_func
 .text.debug_hexdump
                0x80011ea0      0x280 /n64_toolchain/lib/gcc/mips64-elf/14.2.0/../../../../mips64-elf/lib/libdragon.a(debug.o)
                0x80011ea0                debug_hexdump
 .text.__debug_backtrace
                0x80012120      0x120 /n64_toolchain/lib/gcc/mips64-elf/14.2.0/../../../../mips64-elf/lib/libdragon.a(debug.o)
                0x80012120                __debug_backtrace
 .text.debug_backtrace
                0x80012240       0x20 /n64_toolchain/lib/gcc/mips64-elf/14.2.0/../../../../mips64-elf/lib/libdragon.a(debug.o)
                0x80012240                debug_backtrace
 .text.get_next_token
                0x80012260       0xc0 /n64_toolchain/lib/gcc/mips64-elf/14.2.0/../../../../mips64-elf/lib/libdragon.a(dragonfs.o)
 .text.__fstat  0x80012320       0x40 /n64_toolchain/lib/gcc/mips64-elf/14.2.0/../../../../mips64-elf/lib/libdragon.a(dragonfs.o)
 .text.lookup_file
                0x80012360      0x260 /n64_toolchain/lib/gcc/mips64-elf/14.2.0/../../../../mips64-elf/lib/libdragon.a(dragonfs.o)
 .text.__close  0x800125c0       0x40 /n64_toolchain/lib/gcc/mips64-elf/14.2.0/../../../../mips64-elf/lib/libdragon.a(dragonfs.o)
 .text.__ioctl  0x80012600       0x60 /n64_toolchain/lib/gcc/mips64-elf/14.2.0/../../../../mips64-elf/lib/libdragon.a(dragonfs.o)
 .text.recurse_path
                0x80012660      0x3e0 /n64_toolchain/lib/gcc/mips64-elf/14.2.0/../../../../mips64-elf/lib/libdragon.a(dragonfs.o)
 .text.__findnext
                0x80012a40      0x100 /n64_toolchain/lib/gcc/mips64-elf/14.2.0/../../../../mips64-elf/lib/libdragon.a(dragonfs.o)
 .text.__dfs_findfirst
                0x80012b40       0xe0 /n64_toolchain/lib/gcc/mips64-elf/14.2.0/../../../../mips64-elf/lib/libdragon.a(dragonfs.o)
 .text.__findfirst
                0x80012c20       0x60 /n64_toolchain/lib/gcc/mips64-elf/14.2.0/../../../../mips64-elf/lib/libdragon.a(dragonfs.o)
 .text.__lseek  0x80012c80       0xa0 /n64_toolchain/lib/gcc/mips64-elf/14.2.0/../../../../mips64-elf/lib/libdragon.a(dragonfs.o)
 .text.dfs_open
                0x80012d20      0x1a0 /n64_toolchain/lib/gcc/mips64-elf/14.2.0/../../../../mips64-elf/lib/libdragon.a(dragonfs.o)
                0x80012d20                dfs_open
 .text.__open   0x80012ec0       0xc0 /n64_toolchain/lib/gcc/mips64-elf/14.2.0/../../../../mips64-elf/lib/libdragon.a(dragonfs.o)
 .text.dfs_read
                0x80012f80      0x1a0 /n64_toolchain/lib/gcc/mips64-elf/14.2.0/../../../../mips64-elf/lib/libdragon.a(dragonfs.o)
                0x80012f80                dfs_read
 .text.__read   0x80013120       0x20 /n64_toolchain/lib/gcc/mips64-elf/14.2.0/../../../../mips64-elf/lib/libdragon.a(dragonfs.o)
 .text.dfs_init
                0x80013140      0x220 /n64_toolchain/lib/gcc/mips64-elf/14.2.0/../../../../mips64-elf/lib/libdragon.a(dragonfs.o)
                0x80013140                dfs_init
 .text.__display_callback
                0x80013360      0x2e0 /n64_toolchain/lib/gcc/mips64-elf/14.2.0/../../../../mips64-elf/lib/libdragon.a(display.o)
 .text.display_init
                0x80013640      0x700 /n64_toolchain/lib/gcc/mips64-elf/14.2.0/../../../../mips64-elf/lib/libdragon.a(display.o)
                0x80013640                display_init
 .text.display_close
                0x80013d40      0x120 /n64_toolchain/lib/gcc/mips64-elf/14.2.0/../../../../mips64-elf/lib/libdragon.a(display.o)
                0x80013d40                display_close
 .text.display_try_get
                0x80013e60       0xc0 /n64_toolchain/lib/gcc/mips64-elf/14.2.0/../../../../mips64-elf/lib/libdragon.a(display.o)
                0x80013e60                display_try_get
 .text.display_get
                0x80013f20      0x140 /n64_toolchain/lib/gcc/mips64-elf/14.2.0/../../../../mips64-elf/lib/libdragon.a(display.o)
                0x80013f20                display_get
 .text.display_show
                0x80014060      0x160 /n64_toolchain/lib/gcc/mips64-elf/14.2.0/../../../../mips64-elf/lib/libdragon.a(display.o)
                0x80014060                display_show
 .text.display_get_bitdepth
                0x800141c0       0x20 /n64_toolchain/lib/gcc/mips64-elf/14.2.0/../../../../mips64-elf/lib/libdragon.a(display.o)
                0x800141c0                display_get_bitdepth
 .text.surface_alloc
                0x800141e0       0xe0 /n64_toolchain/lib/gcc/mips64-elf/14.2.0/../../../../mips64-elf/lib/libdragon.a(surface.o)
                0x800141e0                surface_alloc
 .text.surface_free
                0x800142c0       0x80 /n64_toolchain/lib/gcc/mips64-elf/14.2.0/../../../../mips64-elf/lib/libdragon.a(surface.o)
                0x800142c0                surface_free
 .text.joypad_inputs_from_n64_controller_read
                0x80014340       0xc0 /n64_toolchain/lib/gcc/mips64-elf/14.2.0/../../../../mips64-elf/lib/libdragon.a(joypad.o)
 .text.joypad_gcn_origin_callback
                0x80014400       0xe0 /n64_toolchain/lib/gcc/mips64-elf/14.2.0/../../../../mips64-elf/lib/libdragon.a(joypad.o)
 .text.joybus_input_read_n64_controllers
                0x800144e0       0xe0 /n64_toolchain/lib/gcc/mips64-elf/14.2.0/../../../../mips64-elf/lib/libdragon.a(joypad.o)
 .text.joypad_read_callback
                0x800145c0       0x60 /n64_toolchain/lib/gcc/mips64-elf/14.2.0/../../../../mips64-elf/lib/libdragon.a(joypad.o)
 .text.joypad_device_changed
                0x80014620       0x80 /n64_toolchain/lib/gcc/mips64-elf/14.2.0/../../../../mips64-elf/lib/libdragon.a(joypad.o)
 .text.joypad_identify_callback
                0x800146a0      0x2a0 /n64_toolchain/lib/gcc/mips64-elf/14.2.0/../../../../mips64-elf/lib/libdragon.a(joypad.o)
 .text.joypad_read_async.part.0
                0x80014940      0x220 /n64_toolchain/lib/gcc/mips64-elf/14.2.0/../../../../mips64-elf/lib/libdragon.a(joypad.o)
 .text.joypad_identify_async.part.0
                0x80014b60      0x140 /n64_toolchain/lib/gcc/mips64-elf/14.2.0/../../../../mips64-elf/lib/libdragon.a(joypad.o)
 .text.joypad_poll.part.0
                0x80014ca0      0x520 /n64_toolchain/lib/gcc/mips64-elf/14.2.0/../../../../mips64-elf/lib/libdragon.a(joypad.o)
 .text.joypad_vi_interrupt_callback
                0x800151c0       0xa0 /n64_toolchain/lib/gcc/mips64-elf/14.2.0/../../../../mips64-elf/lib/libdragon.a(joypad.o)
 .text.joypad_reset_interrupt_callback
                0x80015260      0x2c0 /n64_toolchain/lib/gcc/mips64-elf/14.2.0/../../../../mips64-elf/lib/libdragon.a(joypad.o)
 .text.joypad_read_n64_inputs
                0x80015520      0x1e0 /n64_toolchain/lib/gcc/mips64-elf/14.2.0/../../../../mips64-elf/lib/libdragon.a(joypad.o)
                0x80015520                joypad_read_n64_inputs
 .text.joypad_init
                0x80015700      0x1e0 /n64_toolchain/lib/gcc/mips64-elf/14.2.0/../../../../mips64-elf/lib/libdragon.a(joypad.o)
                0x80015700                joypad_init
 .text.joypad_poll
                0x800158e0       0x60 /n64_toolchain/lib/gcc/mips64-elf/14.2.0/../../../../mips64-elf/lib/libdragon.a(joypad.o)
                0x800158e0                joypad_poll
 .text.joypad_get_buttons_pressed
                0x80015940       0xa0 /n64_toolchain/lib/gcc/mips64-elf/14.2.0/../../../../mips64-elf/lib/libdragon.a(joypad.o)
                0x80015940                joypad_get_buttons_pressed
 .text.joypad_transfer_pak_wait_timer_callback
                0x800159e0      0x140 /n64_toolchain/lib/gcc/mips64-elf/14.2.0/../../../../mips64-elf/lib/libdragon.a(joypad_accessory.o)
 .text.joypad_accessory_check_read_crc_error
                0x80015b20      0x1c0 /n64_toolchain/lib/gcc/mips64-elf/14.2.0/../../../../mips64-elf/lib/libdragon.a(joypad_accessory.o)
 .text.joypad_transfer_pak_enable_read_callback
                0x80015ce0       0xc0 /n64_toolchain/lib/gcc/mips64-elf/14.2.0/../../../../mips64-elf/lib/libdragon.a(joypad_accessory.o)
 .text.joypad_accessory_check_write_crc_error
                0x80015da0      0x1c0 /n64_toolchain/lib/gcc/mips64-elf/14.2.0/../../../../mips64-elf/lib/libdragon.a(joypad_accessory.o)
 .text.joypad_accessory_detect_write_callback
                0x80015f60      0x360 /n64_toolchain/lib/gcc/mips64-elf/14.2.0/../../../../mips64-elf/lib/libdragon.a(joypad_accessory.o)
 .text.joypad_transfer_pak_enable_write_callback
                0x800162c0      0x180 /n64_toolchain/lib/gcc/mips64-elf/14.2.0/../../../../mips64-elf/lib/libdragon.a(joypad_accessory.o)
 .text.joypad_accessory_detect_read_callback
                0x80016440      0x4e0 /n64_toolchain/lib/gcc/mips64-elf/14.2.0/../../../../mips64-elf/lib/libdragon.a(joypad_accessory.o)
 .text.joypad_accessory_reset
                0x80016920      0x140 /n64_toolchain/lib/gcc/mips64-elf/14.2.0/../../../../mips64-elf/lib/libdragon.a(joypad_accessory.o)
                0x80016920                joypad_accessory_reset
 .text.joypad_transfer_pak_wait_timer_init
                0x80016a60       0xe0 /n64_toolchain/lib/gcc/mips64-elf/14.2.0/../../../../mips64-elf/lib/libdragon.a(joypad_accessory.o)
                0x80016a60                joypad_transfer_pak_wait_timer_init
 .text.joypad_accessory_detect_async
                0x80016b40      0x140 /n64_toolchain/lib/gcc/mips64-elf/14.2.0/../../../../mips64-elf/lib/libdragon.a(joypad_accessory.o)
                0x80016b40                joypad_accessory_detect_async
 .text.graphics_draw_character.part.0
                0x80016c80      0x4e0 /n64_toolchain/lib/gcc/mips64-elf/14.2.0/../../../../mips64-elf/lib/libdragon.a(graphics.o)
 .text.graphics_draw_sprite_stride.part.0
                0x80017160      0x2c0 /n64_toolchain/lib/gcc/mips64-elf/14.2.0/../../../../mips64-elf/lib/libdragon.a(graphics.o)
 .text.graphics_draw_sprite_trans_stride.part.0
                0x80017420      0x380 /n64_toolchain/lib/gcc/mips64-elf/14.2.0/../../../../mips64-elf/lib/libdragon.a(graphics.o)
 .text.graphics_make_color
                0x800177a0       0xc0 /n64_toolchain/lib/gcc/mips64-elf/14.2.0/../../../../mips64-elf/lib/libdragon.a(graphics.o)
                0x800177a0                graphics_make_color
 .text.graphics_set_color
                0x80017860       0x20 /n64_toolchain/lib/gcc/mips64-elf/14.2.0/../../../../mips64-elf/lib/libdragon.a(graphics.o)
                0x80017860                graphics_set_color
 .text.graphics_draw_box
                0x80017880      0x120 /n64_toolchain/lib/gcc/mips64-elf/14.2.0/../../../../mips64-elf/lib/libdragon.a(graphics.o)
                0x80017880                graphics_draw_box
 .text.graphics_fill_screen
                0x800179a0       0x80 /n64_toolchain/lib/gcc/mips64-elf/14.2.0/../../../../mips64-elf/lib/libdragon.a(graphics.o)
                0x800179a0                graphics_fill_screen
 .text.graphics_set_default_font
                0x80017a20       0x20 /n64_toolchain/lib/gcc/mips64-elf/14.2.0/../../../../mips64-elf/lib/libdragon.a(graphics.o)
                0x80017a20                graphics_set_default_font
 .text.graphics_draw_character
                0x80017a40       0x20 /n64_toolchain/lib/gcc/mips64-elf/14.2.0/../../../../mips64-elf/lib/libdragon.a(graphics.o)
                0x80017a40                graphics_draw_character
 .text.graphics_draw_text
                0x80017a60      0x120 /n64_toolchain/lib/gcc/mips64-elf/14.2.0/../../../../mips64-elf/lib/libdragon.a(graphics.o)
                0x80017a60                graphics_draw_text
 .text.graphics_draw_sprite
                0x80017b80       0x40 /n64_toolchain/lib/gcc/mips64-elf/14.2.0/../../../../mips64-elf/lib/libdragon.a(graphics.o)
                0x80017b80                graphics_draw_sprite
 .text.graphics_draw_sprite_trans
                0x80017bc0       0x40 /n64_toolchain/lib/gcc/mips64-elf/14.2.0/../../../../mips64-elf/lib/libdragon.a(graphics.o)
                0x80017bc0                graphics_draw_sprite_trans
 .text.rsp_load_code
                0x80017c00      0x100 /n64_toolchain/lib/gcc/mips64-elf/14.2.0/../../../../mips64-elf/lib/libdragon.a(rsp.o)
                0x80017c00                rsp_load_code
 .text.rsp_load_data
                0x80017d00       0xe0 /n64_toolchain/lib/gcc/mips64-elf/14.2.0/../../../../mips64-elf/lib/libdragon.a(rsp.o)
                0x80017d00                rsp_load_data
 .text.rsp_read_code
                0x80017de0       0xe0 /n64_toolchain/lib/gcc/mips64-elf/14.2.0/../../../../mips64-elf/lib/libdragon.a(rsp.o)
                0x80017de0                rsp_read_code
 .text.rsp_read_data
                0x80017ec0       0xe0 /n64_toolchain/lib/gcc/mips64-elf/14.2.0/../../../../mips64-elf/lib/libdragon.a(rsp.o)
                0x80017ec0                rsp_read_data
 .text.__rsp_crash
                0x80017fa0      0xc40 /n64_toolchain/lib/gcc/mips64-elf/14.2.0/../../../../mips64-elf/lib/libdragon.a(rsp.o)
                0x80017fa0                __rsp_crash
 .text.__rsp_check_assert
                0x80018be0       0x80 /n64_toolchain/lib/gcc/mips64-elf/14.2.0/../../../../mips64-elf/lib/libdragon.a(rsp.o)
                0x80018be0                __rsp_check_assert
 .text.rsp_wait
                0x80018c60      0x100 /n64_toolchain/lib/gcc/mips64-elf/14.2.0/../../../../mips64-elf/lib/libdragon.a(rsp.o)
                0x80018c60                rsp_wait
 .text.rsp_run  0x80018d60       0x60 /n64_toolchain/lib/gcc/mips64-elf/14.2.0/../../../../mips64-elf/lib/libdragon.a(rsp.o)
                0x80018d60                rsp_run
 .text.cb.2     0x80018dc0       0x60 /n64_toolchain/lib/gcc/mips64-elf/14.2.0/../../../../mips64-elf/lib/libdragon.a(inspector.o)
 .text.cb.1     0x80018e20       0x60 /n64_toolchain/lib/gcc/mips64-elf/14.2.0/../../../../mips64-elf/lib/libdragon.a(inspector.o)
 .text.inspector_print_backtrace
                0x80018e80      0x180 /n64_toolchain/lib/gcc/mips64-elf/14.2.0/../../../../mips64-elf/lib/libdragon.a(inspector.o)
 .text.cb.0     0x80019000      0x120 /n64_toolchain/lib/gcc/mips64-elf/14.2.0/../../../../mips64-elf/lib/libdragon.a(inspector.o)
 .text.cb.3     0x80019120      0x120 /n64_toolchain/lib/gcc/mips64-elf/14.2.0/../../../../mips64-elf/lib/libdragon.a(inspector.o)
 .text.inspector_stdout
                0x80019240      0x300 /n64_toolchain/lib/gcc/mips64-elf/14.2.0/../../../../mips64-elf/lib/libdragon.a(inspector.o)
 .text.title    0x80019540       0xa0 /n64_toolchain/lib/gcc/mips64-elf/14.2.0/../../../../mips64-elf/lib/libdragon.a(inspector.o)
 .text.mips_disasm
                0x800195e0      0x6e0 /n64_toolchain/lib/gcc/mips64-elf/14.2.0/../../../../mips64-elf/lib/libdragon.a(inspector.o)
 .text.inspector
                0x80019cc0     0x10a0 /n64_toolchain/lib/gcc/mips64-elf/14.2.0/../../../../mips64-elf/lib/libdragon.a(inspector.o)
 .text.handler.4
                0x8001ad60       0x40 /n64_toolchain/lib/gcc/mips64-elf/14.2.0/../../../../mips64-elf/lib/libdragon.a(inspector.o)
 .text.__inspector_exception
                0x8001ada0       0x20 /n64_toolchain/lib/gcc/mips64-elf/14.2.0/../../../../mips64-elf/lib/libdragon.a(inspector.o)
                0x8001ada0                __inspector_exception
 .text.__inspector_assertion
                0x8001adc0       0x20 /n64_toolchain/lib/gcc/mips64-elf/14.2.0/../../../../mips64-elf/lib/libdragon.a(inspector.o)
                0x8001adc0                __inspector_assertion
 .text.startup.__inspector_init
                0x8001ade0       0x20 /n64_toolchain/lib/gcc/mips64-elf/14.2.0/../../../../mips64-elf/lib/libdragon.a(inspector.o)
                0x8001ade0                __inspector_init
 .text.__sprite_upgrade.part.0
                0x8001ae00       0x40 /n64_toolchain/lib/gcc/mips64-elf/14.2.0/../../../../mips64-elf/lib/libdragon.a(sprite.o)
 .text.__sprite_upgrade
                0x8001ae40       0x80 /n64_toolchain/lib/gcc/mips64-elf/14.2.0/../../../../mips64-elf/lib/libdragon.a(sprite.o)
                0x8001ae40                __sprite_upgrade
 .text.dma_read_async
                0x8001aec0      0x4e0 /n64_toolchain/lib/gcc/mips64-elf/14.2.0/../../../../mips64-elf/lib/libdragon.a(dma.o)
                0x8001aec0                dma_read_async
 .text.dma_read
                0x8001b3a0       0x40 /n64_toolchain/lib/gcc/mips64-elf/14.2.0/../../../../mips64-elf/lib/libdragon.a(dma.o)
                0x8001b3a0                dma_read
 .text.io_read  0x8001b3e0       0x60 /n64_toolchain/lib/gcc/mips64-elf/14.2.0/../../../../mips64-elf/lib/libdragon.a(dma.o)
                0x8001b3e0                io_read
 .text.timer_update_compare
                0x8001b440       0x40 /n64_toolchain/lib/gcc/mips64-elf/14.2.0/../../../../mips64-elf/lib/libdragon.a(timer.o)
 .text.timer_poll
                0x8001b480      0x1a0 /n64_toolchain/lib/gcc/mips64-elf/14.2.0/../../../../mips64-elf/lib/libdragon.a(timer.o)
 .text.timer_init
                0x8001b620       0x60 /n64_toolchain/lib/gcc/mips64-elf/14.2.0/../../../../mips64-elf/lib/libdragon.a(timer.o)
                0x8001b620                timer_init
 .text.new_timer_context
                0x8001b680      0x100 /n64_toolchain/lib/gcc/mips64-elf/14.2.0/../../../../mips64-elf/lib/libdragon.a(timer.o)
                0x8001b680                new_timer_context
 .text.restart_timer
                0x8001b780       0x80 /n64_toolchain/lib/gcc/mips64-elf/14.2.0/../../../../mips64-elf/lib/libdragon.a(timer.o)
                0x8001b780                restart_timer
 .text.stop_timer
                0x8001b800       0xe0 /n64_toolchain/lib/gcc/mips64-elf/14.2.0/../../../../mips64-elf/lib/libdragon.a(timer.o)
                0x8001b800                stop_timer
 .text.cb.0     0x8001b8e0       0x40 /n64_toolchain/lib/gcc/mips64-elf/14.2.0/../../../../mips64-elf/lib/libdragon.a(exception.o)
 .text.cb.1     0x8001b920       0x80 /n64_toolchain/lib/gcc/mips64-elf/14.2.0/../../../../mips64-elf/lib/libdragon.a(exception.o)
 .text.is_unmapped_kx64
                0x8001b9a0      0x1e0 /n64_toolchain/lib/gcc/mips64-elf/14.2.0/../../../../mips64-elf/lib/libdragon.a(exception.o)
 .text.__get_exception_name.isra.0
                0x8001bb80      0x5c0 /n64_toolchain/lib/gcc/mips64-elf/14.2.0/../../../../mips64-elf/lib/libdragon.a(exception.o)
 .text.__exception_dump_header
                0x8001c140      0x340 /n64_toolchain/lib/gcc/mips64-elf/14.2.0/../../../../mips64-elf/lib/libdragon.a(exception.o)
                0x8001c140                __exception_dump_header
 .text.__exception_dump_gpr
                0x8001c480      0x180 /n64_toolchain/lib/gcc/mips64-elf/14.2.0/../../../../mips64-elf/lib/libdragon.a(exception.o)
                0x8001c480                __exception_dump_gpr
 .text.__exception_dump_fpr
                0x8001c600      0x2e0 /n64_toolchain/lib/gcc/mips64-elf/14.2.0/../../../../mips64-elf/lib/libdragon.a(exception.o)
                0x8001c600                __exception_dump_fpr
 .text.exception_default_handler
                0x8001c8e0      0x1a0 /n64_toolchain/lib/gcc/mips64-elf/14.2.0/../../../../mips64-elf/lib/libdragon.a(exception.o)
                0x8001c8e0                exception_default_handler
 .text.__onCriticalException
                0x8001ca80       0x80 /n64_toolchain/lib/gcc/mips64-elf/14.2.0/../../../../mips64-elf/lib/libdragon.a(exception.o)
                0x8001ca80                __onCriticalException
 .text.register_syscall_handler
                0x8001cb00      0x1a0 /n64_toolchain/lib/gcc/mips64-elf/14.2.0/../../../../mips64-elf/lib/libdragon.a(exception.o)
                0x8001cb00                register_syscall_handler
 .text.__onSyscallException
                0x8001cca0      0x1a0 /n64_toolchain/lib/gcc/mips64-elf/14.2.0/../../../../mips64-elf/lib/libdragon.a(exception.o)
                0x8001cca0                __onSyscallException
 .text.__wrap___do_global_ctors
                0x8001ce40       0xe0 /n64_toolchain/lib/gcc/mips64-elf/14.2.0/../../../../mips64-elf/lib/libdragon.a(do_ctors.o)
                0x8001ce40                __wrap___do_global_ctors
 .text.kthread_free
                0x8001cf20       0x60 /n64_toolchain/lib/gcc/mips64-elf/14.2.0/../../../../mips64-elf/lib/libdragon.a(kernel.o)
 .text.__thlist_add.part.0
                0x8001cf80       0x40 /n64_toolchain/lib/gcc/mips64-elf/14.2.0/../../../../mips64-elf/lib/libdragon.a(kernel.o)
 .text.startup.__kernel_tls_init
                0x8001cfc0       0x40 /n64_toolchain/lib/gcc/mips64-elf/14.2.0/../../../../mips64-elf/lib/libdragon.a(kernel.o)
                0x8001cfc0                __kernel_tls_init
 .text.__kthread_check_overflow
                0x8001d000       0xe0 /n64_toolchain/lib/gcc/mips64-elf/14.2.0/../../../../mips64-elf/lib/libdragon.a(kernel.o)
                0x8001d000                __kthread_check_overflow
 .text.__thlist_splice_pri
                0x8001d0e0      0x100 /n64_toolchain/lib/gcc/mips64-elf/14.2.0/../../../../mips64-elf/lib/libdragon.a(kernel.o)
                0x8001d0e0                __thlist_splice_pri
 .text.kmutex_unlock_internal
                0x8001d1e0       0xa0 /n64_toolchain/lib/gcc/mips64-elf/14.2.0/../../../../mips64-elf/lib/libdragon.a(kernel.o)
 .text.__kthread_syscall_schedule
                0x8001d280      0x340 /n64_toolchain/lib/gcc/mips64-elf/14.2.0/../../../../mips64-elf/lib/libdragon.a(kernel.o)
                0x8001d280                __kthread_syscall_schedule
 .text.kthread_current
                0x8001d5c0       0x20 /n64_toolchain/lib/gcc/mips64-elf/14.2.0/../../../../mips64-elf/lib/libdragon.a(kernel.o)
                0x8001d5c0                kthread_current
 .text.kthread_suspend
                0x8001d5e0       0x40 /n64_toolchain/lib/gcc/mips64-elf/14.2.0/../../../../mips64-elf/lib/libdragon.a(kernel.o)
                0x8001d5e0                kthread_suspend
 .text.kthread_backtrace
                0x8001d620       0x80 /n64_toolchain/lib/gcc/mips64-elf/14.2.0/../../../../mips64-elf/lib/libdragon.a(kernel.o)
                0x8001d620                kthread_backtrace
 .text.kmutex_init
                0x8001d6a0       0x60 /n64_toolchain/lib/gcc/mips64-elf/14.2.0/../../../../mips64-elf/lib/libdragon.a(kernel.o)
                0x8001d6a0                kmutex_init
 .text.kmutex_destroy
                0x8001d700       0xa0 /n64_toolchain/lib/gcc/mips64-elf/14.2.0/../../../../mips64-elf/lib/libdragon.a(kernel.o)
                0x8001d700                kmutex_destroy
 .text.kmutex_lock
                0x8001d7a0      0x1a0 /n64_toolchain/lib/gcc/mips64-elf/14.2.0/../../../../mips64-elf/lib/libdragon.a(kernel.o)
                0x8001d7a0                kmutex_lock
 .text.kmutex_unlock
                0x8001d940      0x180 /n64_toolchain/lib/gcc/mips64-elf/14.2.0/../../../../mips64-elf/lib/libdragon.a(kernel.o)
                0x8001d940                kmutex_unlock
 .text.__kcond_broadcast_isr
                0x8001dac0       0x40 /n64_toolchain/lib/gcc/mips64-elf/14.2.0/../../../../mips64-elf/lib/libdragon.a(kernel.o)
                0x8001dac0                __kcond_broadcast_isr
 .text.kcond_wait
                0x8001db00      0x160 /n64_toolchain/lib/gcc/mips64-elf/14.2.0/../../../../mips64-elf/lib/libdragon.a(kernel.o)
                0x8001db00                kcond_wait
 .text.kirq_begin_wait_si
                0x8001dc60       0x20 /n64_toolchain/lib/gcc/mips64-elf/14.2.0/../../../../mips64-elf/lib/libdragon.a(kirq.o)
                0x8001dc60                kirq_begin_wait_si
 .text.kirq_begin_wait_vi
                0x8001dc80       0x20 /n64_toolchain/lib/gcc/mips64-elf/14.2.0/../../../../mips64-elf/lib/libdragon.a(kirq.o)
                0x8001dc80                kirq_begin_wait_vi
 .text.kirq_wait
                0x8001dca0       0x80 /n64_toolchain/lib/gcc/mips64-elf/14.2.0/../../../../mips64-elf/lib/libdragon.a(kirq.o)
                0x8001dca0                kirq_wait
 .text.data_cache_hit_writeback
                0x8001dd20       0x60 /n64_toolchain/lib/gcc/mips64-elf/14.2.0/../../../../mips64-elf/lib/libdragon.a(n64sys.o)
                0x8001dd20                data_cache_hit_writeback
 .text.data_cache_hit_invalidate
                0x8001dd80       0x80 /n64_toolchain/lib/gcc/mips64-elf/14.2.0/../../../../mips64-elf/lib/libdragon.a(n64sys.o)
                0x8001dd80                data_cache_hit_invalidate
 .text.data_cache_hit_writeback_invalidate
                0x8001de00       0x60 /n64_toolchain/lib/gcc/mips64-elf/14.2.0/../../../../mips64-elf/lib/libdragon.a(n64sys.o)
                0x8001de00                data_cache_hit_writeback_invalidate
 .text.inst_cache_hit_invalidate
                0x8001de60       0x60 /n64_toolchain/lib/gcc/mips64-elf/14.2.0/../../../../mips64-elf/lib/libdragon.a(n64sys.o)
                0x8001de60                inst_cache_hit_invalidate
 .text.malloc_uncached_aligned
                0x8001dec0       0x80 /n64_toolchain/lib/gcc/mips64-elf/14.2.0/../../../../mips64-elf/lib/libdragon.a(n64sys.o)
                0x8001dec0                malloc_uncached_aligned
 .text.free_uncached
                0x8001df40       0x20 /n64_toolchain/lib/gcc/mips64-elf/14.2.0/../../../../mips64-elf/lib/libdragon.a(n64sys.o)
                0x8001df40                free_uncached
 .text.get_memory_size
                0x8001df60       0x20 /n64_toolchain/lib/gcc/mips64-elf/14.2.0/../../../../mips64-elf/lib/libdragon.a(n64sys.o)
                0x8001df60                get_memory_size
 .text.get_ticks
                0x8001df80       0x40 /n64_toolchain/lib/gcc/mips64-elf/14.2.0/../../../../mips64-elf/lib/libdragon.a(n64sys.o)
                0x8001df80                get_ticks
 .text.wait_ms  0x8001dfc0       0x40 /n64_toolchain/lib/gcc/mips64-elf/14.2.0/../../../../mips64-elf/lib/libdragon.a(n64sys.o)
                0x8001dfc0                wait_ms
 .text.die      0x8001e000       0x60 /n64_toolchain/lib/gcc/mips64-elf/14.2.0/../../../../mips64-elf/lib/libdragon.a(n64sys.o)
                0x8001e000                die
 .text.startup.__init_cop1
                0x8001e060       0x40 /n64_toolchain/lib/gcc/mips64-elf/14.2.0/../../../../mips64-elf/lib/libdragon.a(n64sys.o)
                0x8001e060                __init_cop1
 .text.__MI_handler
                0x8001e0a0      0x380 /n64_toolchain/lib/gcc/mips64-elf/14.2.0/../../../../mips64-elf/lib/libdragon.a(interrupt.o)
                0x8001e0a0                __MI_handler
 .text.__MI_BB_handler
                0x8001e420      0x300 /n64_toolchain/lib/gcc/mips64-elf/14.2.0/../../../../mips64-elf/lib/libdragon.a(interrupt.o)
                0x8001e420                __MI_BB_handler
 .text.__TI_handler
                0x8001e720       0x80 /n64_toolchain/lib/gcc/mips64-elf/14.2.0/../../../../mips64-elf/lib/libdragon.a(interrupt.o)
                0x8001e720                __TI_handler
 .text.__CART_handler
                0x8001e7a0      0x100 /n64_toolchain/lib/gcc/mips64-elf/14.2.0/../../../../mips64-elf/lib/libdragon.a(interrupt.o)
                0x8001e7a0                __CART_handler
 .text.__RESET_handler
                0x8001e8a0       0x60 /n64_toolchain/lib/gcc/mips64-elf/14.2.0/../../../../mips64-elf/lib/libdragon.a(interrupt.o)
                0x8001e8a0                __RESET_handler
 .text.register_VI_handler
                0x8001e900       0x60 /n64_toolchain/lib/gcc/mips64-elf/14.2.0/../../../../mips64-elf/lib/libdragon.a(interrupt.o)
                0x8001e900                register_VI_handler
 .text.register_SI_handler
                0x8001e960       0x60 /n64_toolchain/lib/gcc/mips64-elf/14.2.0/../../../../mips64-elf/lib/libdragon.a(interrupt.o)
                0x8001e960                register_SI_handler
 .text.register_TI_handler
                0x8001e9c0       0x60 /n64_toolchain/lib/gcc/mips64-elf/14.2.0/../../../../mips64-elf/lib/libdragon.a(interrupt.o)
                0x8001e9c0                register_TI_handler
 .text.register_RESET_handler
                0x8001ea20       0x80 /n64_toolchain/lib/gcc/mips64-elf/14.2.0/../../../../mips64-elf/lib/libdragon.a(interrupt.o)
                0x8001ea20                register_RESET_handler
 .text.set_VI_interrupt
                0x8001eaa0       0x40 /n64_toolchain/lib/gcc/mips64-elf/14.2.0/../../../../mips64-elf/lib/libdragon.a(interrupt.o)
                0x8001eaa0                set_VI_interrupt
 .text.set_SI_interrupt
                0x8001eae0       0x20 /n64_toolchain/lib/gcc/mips64-elf/14.2.0/../../../../mips64-elf/lib/libdragon.a(interrupt.o)
                0x8001eae0                set_SI_interrupt
 .text.set_TI_interrupt
                0x8001eb00       0x40 /n64_toolchain/lib/gcc/mips64-elf/14.2.0/../../../../mips64-elf/lib/libdragon.a(interrupt.o)
                0x8001eb00                set_TI_interrupt
 .text.startup.__init_interrupts
                0x8001eb40       0x60 /n64_toolchain/lib/gcc/mips64-elf/14.2.0/../../../../mips64-elf/lib/libdragon.a(interrupt.o)
                0x8001eb40                __init_interrupts
 .text.disable_interrupts
                0x8001eba0       0x40 /n64_toolchain/lib/gcc/mips64-elf/14.2.0/../../../../mips64-elf/lib/libdragon.a(interrupt.o)
                0x8001eba0                disable_interrupts
 .text.enable_interrupts
                0x8001ebe0       0x80 /n64_toolchain/lib/gcc/mips64-elf/14.2.0/../../../../mips64-elf/lib/libdragon.a(interrupt.o)
                0x8001ebe0                enable_interrupts
 .text.exception_reset_time
                0x8001ec60       0x20 /n64_toolchain/lib/gcc/mips64-elf/14.2.0/../../../../mips64-elf/lib/libdragon.a(interrupt.o)
                0x8001ec60                exception_reset_time
 .text.cb.0     0x8001ec80       0x40 /n64_toolchain/lib/gcc/mips64-elf/14.2.0/../../../../mips64-elf/lib/libdragon.a(backtrace.o)
 .text.cb.1     0x8001ecc0       0x40 /n64_toolchain/lib/gcc/mips64-elf/14.2.0/../../../../mips64-elf/lib/libdragon.a(backtrace.o)
 .text.symt_open
                0x8001ed00      0x200 /n64_toolchain/lib/gcc/mips64-elf/14.2.0/../../../../mips64-elf/lib/libdragon.a(backtrace.o)
 .text.symt_addrtab_entry.isra.0
                0x8001ef00       0x60 /n64_toolchain/lib/gcc/mips64-elf/14.2.0/../../../../mips64-elf/lib/libdragon.a(backtrace.o)
 .text.format_entry
                0x8001ef60      0x2a0 /n64_toolchain/lib/gcc/mips64-elf/14.2.0/../../../../mips64-elf/lib/libdragon.a(backtrace.o)
 .text.symt_addrtab_search
                0x8001f200      0x160 /n64_toolchain/lib/gcc/mips64-elf/14.2.0/../../../../mips64-elf/lib/libdragon.a(backtrace.o)
 .text.__symbolize
                0x8001f360      0x280 /n64_toolchain/lib/gcc/mips64-elf/14.2.0/../../../../mips64-elf/lib/libdragon.a(backtrace.o)
                0x8001f360                __symbolize
 .text.__bt_analyze_func
                0x8001f5e0      0x1c0 /n64_toolchain/lib/gcc/mips64-elf/14.2.0/../../../../mips64-elf/lib/libdragon.a(backtrace.o)
                0x8001f5e0                __bt_analyze_func
 .text.backtrace_foreach.constprop.0
                0x8001f7a0      0x360 /n64_toolchain/lib/gcc/mips64-elf/14.2.0/../../../../mips64-elf/lib/libdragon.a(backtrace.o)
 .text.backtrace
                0x8001fb00       0xe0 /n64_toolchain/lib/gcc/mips64-elf/14.2.0/../../../../mips64-elf/lib/libdragon.a(backtrace.o)
                0x8001fb00                backtrace
 .text.__backtrace_from
                0x8001fbe0      0x100 /n64_toolchain/lib/gcc/mips64-elf/14.2.0/../../../../mips64-elf/lib/libdragon.a(backtrace.o)
                0x8001fbe0                __backtrace_from
 .text.backtrace_symbols_cb
                0x8001fce0      0x320 /n64_toolchain/lib/gcc/mips64-elf/14.2.0/../../../../mips64-elf/lib/libdragon.a(backtrace.o)
                0x8001fce0                backtrace_symbols_cb
 .text.backtrace_frame_print
                0x80020000       0xa0 /n64_toolchain/lib/gcc/mips64-elf/14.2.0/../../../../mips64-elf/lib/libdragon.a(backtrace.o)
                0x80020000                backtrace_frame_print
 .text.backtrace_frame_print_compact
                0x800200a0      0x140 /n64_toolchain/lib/gcc/mips64-elf/14.2.0/../../../../mips64-elf/lib/libdragon.a(backtrace.o)
                0x800200a0                backtrace_frame_print_compact
 .text.rompak_search_ext
                0x800201e0      0x220 /n64_toolchain/lib/gcc/mips64-elf/14.2.0/../../../../mips64-elf/lib/libdragon.a(rompak.o)
                0x800201e0                rompak_search_ext
 .text.__vi_interrupt
                0x80020400       0xa0 /n64_toolchain/lib/gcc/mips64-elf/14.2.0/../../../../mips64-elf/lib/libdragon.a(vi.o)
                0x80020400                __vi_interrupt
 .text.__vblank_interrupt
                0x800204a0      0x200 /n64_toolchain/lib/gcc/mips64-elf/14.2.0/../../../../mips64-elf/lib/libdragon.a(vi.o)
 .text.__vi_validate_config
                0x800206a0      0x300 /n64_toolchain/lib/gcc/mips64-elf/14.2.0/../../../../mips64-elf/lib/libdragon.a(vi.o)
 .text.vi_write_idx_masked
                0x800209a0      0x140 /n64_toolchain/lib/gcc/mips64-elf/14.2.0/../../../../mips64-elf/lib/libdragon.a(vi.o)
 .text.vi_write_begin
                0x80020ae0       0x20 /n64_toolchain/lib/gcc/mips64-elf/14.2.0/../../../../mips64-elf/lib/libdragon.a(vi.o)
                0x80020ae0                vi_write_begin
 .text.vi_write_end
                0x80020b00       0xa0 /n64_toolchain/lib/gcc/mips64-elf/14.2.0/../../../../mips64-elf/lib/libdragon.a(vi.o)
                0x80020b00                vi_write_end
 .text.__set_output
                0x80020ba0       0x80 /n64_toolchain/lib/gcc/mips64-elf/14.2.0/../../../../mips64-elf/lib/libdragon.a(vi.o)
 .text.vi_write_end_forced
                0x80020c20       0x80 /n64_toolchain/lib/gcc/mips64-elf/14.2.0/../../../../mips64-elf/lib/libdragon.a(vi.o)
                0x80020c20                vi_write_end_forced
 .text.vi_write_masked
                0x80020ca0       0x20 /n64_toolchain/lib/gcc/mips64-elf/14.2.0/../../../../mips64-elf/lib/libdragon.a(vi.o)
                0x80020ca0                vi_write_masked
 .text.vi_set_origin
                0x80020cc0      0x140 /n64_toolchain/lib/gcc/mips64-elf/14.2.0/../../../../mips64-elf/lib/libdragon.a(vi.o)
                0x80020cc0                vi_set_origin
 .text.vi_show  0x80020e00      0x280 /n64_toolchain/lib/gcc/mips64-elf/14.2.0/../../../../mips64-elf/lib/libdragon.a(vi.o)
                0x80020e00                vi_show
 .text.vi_set_interlaced
                0x80021080       0x60 /n64_toolchain/lib/gcc/mips64-elf/14.2.0/../../../../mips64-elf/lib/libdragon.a(vi.o)
                0x80021080                vi_set_interlaced
 .text.vi_set_aa_mode
                0x800210e0       0x20 /n64_toolchain/lib/gcc/mips64-elf/14.2.0/../../../../mips64-elf/lib/libdragon.a(vi.o)
                0x800210e0                vi_set_aa_mode
 .text.vi_set_divot
                0x80021100       0x20 /n64_toolchain/lib/gcc/mips64-elf/14.2.0/../../../../mips64-elf/lib/libdragon.a(vi.o)
                0x80021100                vi_set_divot
 .text.vi_set_dedither
                0x80021120       0x20 /n64_toolchain/lib/gcc/mips64-elf/14.2.0/../../../../mips64-elf/lib/libdragon.a(vi.o)
                0x80021120                vi_set_dedither
 .text.vi_set_gamma
                0x80021140       0x20 /n64_toolchain/lib/gcc/mips64-elf/14.2.0/../../../../mips64-elf/lib/libdragon.a(vi.o)
                0x80021140                vi_set_gamma
 .text.vi_set_output
                0x80021160      0x100 /n64_toolchain/lib/gcc/mips64-elf/14.2.0/../../../../mips64-elf/lib/libdragon.a(vi.o)
                0x80021160                vi_set_output
 .text.vi_set_borders
                0x80021260       0x60 /n64_toolchain/lib/gcc/mips64-elf/14.2.0/../../../../mips64-elf/lib/libdragon.a(vi.o)
                0x80021260                vi_set_borders
 .text.vi_calc_borders
                0x800212c0      0x120 /n64_toolchain/lib/gcc/mips64-elf/14.2.0/../../../../mips64-elf/lib/libdragon.a(vi.o)
                0x800212c0                vi_calc_borders
 .text.vi_wait_vblank
                0x800213e0       0xc0 /n64_toolchain/lib/gcc/mips64-elf/14.2.0/../../../../mips64-elf/lib/libdragon.a(vi.o)
                0x800213e0                vi_wait_vblank
 .text.vi_install_vblank_handler
                0x800214a0       0x80 /n64_toolchain/lib/gcc/mips64-elf/14.2.0/../../../../mips64-elf/lib/libdragon.a(vi.o)
                0x800214a0                vi_install_vblank_handler
 .text.vi_uninstall_vblank_handler
                0x80021520       0xa0 /n64_toolchain/lib/gcc/mips64-elf/14.2.0/../../../../mips64-elf/lib/libdragon.a(vi.o)
                0x80021520                vi_uninstall_vblank_handler
 .text.vi_reset
                0x800215c0       0xe0 /n64_toolchain/lib/gcc/mips64-elf/14.2.0/../../../../mips64-elf/lib/libdragon.a(vi.o)
                0x800215c0                vi_reset
 .text.vi_init  0x800216a0      0x100 /n64_toolchain/lib/gcc/mips64-elf/14.2.0/../../../../mips64-elf/lib/libdragon.a(vi.o)
                0x800216a0                vi_init
 .text.__console_render.part.0
                0x800217a0      0x100 /n64_toolchain/lib/gcc/mips64-elf/14.2.0/../../../../mips64-elf/lib/libdragon.a(console.o)
 .text.__console_write
                0x800218a0      0x320 /n64_toolchain/lib/gcc/mips64-elf/14.2.0/../../../../mips64-elf/lib/libdragon.a(console.o)
 .text.console_set_render_mode
                0x80021bc0       0x20 /n64_toolchain/lib/gcc/mips64-elf/14.2.0/../../../../mips64-elf/lib/libdragon.a(console.o)
                0x80021bc0                console_set_render_mode
 .text.console_init
                0x80021be0       0xe0 /n64_toolchain/lib/gcc/mips64-elf/14.2.0/../../../../mips64-elf/lib/libdragon.a(console.o)
                0x80021be0                console_init
 .text.console_render
                0x80021cc0       0x40 /n64_toolchain/lib/gcc/mips64-elf/14.2.0/../../../../mips64-elf/lib/libdragon.a(console.o)
                0x80021cc0                console_render
 .text.console_set_debug
                0x80021d00       0x20 /n64_toolchain/lib/gcc/mips64-elf/14.2.0/../../../../mips64-elf/lib/libdragon.a(console.o)
                0x80021d00                console_set_debug
 .text.callback.0
                0x80021d20       0x80 /n64_toolchain/lib/gcc/mips64-elf/14.2.0/../../../../mips64-elf/lib/libdragon.a(joybus.o)
 .text.joybus_msg_send
                0x80021da0       0x80 /n64_toolchain/lib/gcc/mips64-elf/14.2.0/../../../../mips64-elf/lib/libdragon.a(joybus.o)
 .text.si_interrupt
                0x80021e20      0x1a0 /n64_toolchain/lib/gcc/mips64-elf/14.2.0/../../../../mips64-elf/lib/libdragon.a(joybus.o)
 .text.startup.__joybus_init
                0x80021fc0       0x60 /n64_toolchain/lib/gcc/mips64-elf/14.2.0/../../../../mips64-elf/lib/libdragon.a(joybus.o)
                0x80021fc0                __joybus_init
 .text.joybus_exec_async
                0x80022020      0x1a0 /n64_toolchain/lib/gcc/mips64-elf/14.2.0/../../../../mips64-elf/lib/libdragon.a(joybus.o)
                0x80022020                joybus_exec_async
 .text.joybus_exec
                0x800221c0      0x160 /n64_toolchain/lib/gcc/mips64-elf/14.2.0/../../../../mips64-elf/lib/libdragon.a(joybus.o)
                0x800221c0                joybus_exec
 .text.joybus_accessory_calculate_addr_checksum
                0x80022320       0x60 /n64_toolchain/lib/gcc/mips64-elf/14.2.0/../../../../mips64-elf/lib/libdragon.a(joybus_accessory.o)
                0x80022320                joybus_accessory_calculate_addr_checksum
 .text.joybus_accessory_calculate_data_crc
                0x80022380       0xa0 /n64_toolchain/lib/gcc/mips64-elf/14.2.0/../../../../mips64-elf/lib/libdragon.a(joybus_accessory.o)
                0x80022380                joybus_accessory_calculate_data_crc
 .text.joybus_accessory_compare_data_crc
                0x80022420       0x60 /n64_toolchain/lib/gcc/mips64-elf/14.2.0/../../../../mips64-elf/lib/libdragon.a(joybus_accessory.o)
                0x80022420                joybus_accessory_compare_data_crc
 .text.joybus_accessory_read_async
                0x80022480       0xe0 /n64_toolchain/lib/gcc/mips64-elf/14.2.0/../../../../mips64-elf/lib/libdragon.a(joybus_accessory.o)
                0x80022480                joybus_accessory_read_async
 .text.joybus_accessory_write_async
                0x80022560      0x120 /n64_toolchain/lib/gcc/mips64-elf/14.2.0/../../../../mips64-elf/lib/libdragon.a(joybus_accessory.o)
                0x80022560                joybus_accessory_write_async
 .text.__get_fs_link_by_name
                0x80022680       0xe0 /n64_toolchain/lib/gcc/mips64-elf/14.2.0/../../../../mips64-elf/lib/libdragonsys.a(system.o)
 .text.attach_filesystem
                0x80022760      0x200 /n64_toolchain/lib/gcc/mips64-elf/14.2.0/../../../../mips64-elf/lib/libdragonsys.a(system.o)
                0x80022760                attach_filesystem
 .text.close    0x80022960       0xe0 /n64_toolchain/lib/gcc/mips64-elf/14.2.0/../../../../mips64-elf/lib/libdragonsys.a(system.o)
                0x80022960                close
 .text._exit    0x80022a40       0x20 /n64_toolchain/lib/gcc/mips64-elf/14.2.0/../../../../mips64-elf/lib/libdragonsys.a(system.o)
                0x80022a40                _exit
 .text.fstat    0x80022a60      0x100 /n64_toolchain/lib/gcc/mips64-elf/14.2.0/../../../../mips64-elf/lib/libdragonsys.a(system.o)
                0x80022a60                fstat
 .text.getpid   0x80022b60       0x40 /n64_toolchain/lib/gcc/mips64-elf/14.2.0/../../../../mips64-elf/lib/libdragonsys.a(system.o)
                0x80022b60                getpid
 .text.isatty   0x80022ba0       0x40 /n64_toolchain/lib/gcc/mips64-elf/14.2.0/../../../../mips64-elf/lib/libdragonsys.a(system.o)
                0x80022ba0                isatty
 .text.kill     0x80022be0       0x40 /n64_toolchain/lib/gcc/mips64-elf/14.2.0/../../../../mips64-elf/lib/libdragonsys.a(system.o)
                0x80022be0                kill
 .text.lseek    0x80022c20      0x100 /n64_toolchain/lib/gcc/mips64-elf/14.2.0/../../../../mips64-elf/lib/libdragonsys.a(system.o)
                0x80022c20                lseek
 .text.open     0x80022d20      0x2c0 /n64_toolchain/lib/gcc/mips64-elf/14.2.0/../../../../mips64-elf/lib/libdragonsys.a(system.o)
                0x80022d20                open
 .text.read     0x80022fe0      0x120 /n64_toolchain/lib/gcc/mips64-elf/14.2.0/../../../../mips64-elf/lib/libdragonsys.a(system.o)
                0x80022fe0                read
 .text.sbrk     0x80023100       0xc0 /n64_toolchain/lib/gcc/mips64-elf/14.2.0/../../../../mips64-elf/lib/libdragonsys.a(system.o)
                0x80023100                sbrk
 .text.sbrk_top
                0x800231c0       0x80 /n64_toolchain/lib/gcc/mips64-elf/14.2.0/../../../../mips64-elf/lib/libdragonsys.a(system.o)
                0x800231c0                sbrk_top
 .text.write    0x80023240      0x140 /n64_toolchain/lib/gcc/mips64-elf/14.2.0/../../../../mips64-elf/lib/libdragonsys.a(system.o)
                0x80023240                write
 .text.__entropy_add
                0x80023380       0x80 /n64_toolchain/lib/gcc/mips64-elf/14.2.0/../../../../mips64-elf/lib/libdragonsys.a(system.o)
                0x80023380                __entropy_add
 .text.hook_stdio_calls
                0x80023400       0x60 /n64_toolchain/lib/gcc/mips64-elf/14.2.0/../../../../mips64-elf/lib/libdragonsys.a(system.o)
                0x80023400                hook_stdio_calls
 .text._flush_cache
                0x80023460       0x40 /n64_toolchain/lib/gcc/mips64-elf/14.2.0/../../../../mips64-elf/lib/libdragonsys.a(system.o)
                0x80023460                _flush_cache
 .text.__assert_func
                0x800234a0       0x20 /n64_toolchain/lib/gcc/mips64-elf/14.2.0/../../../../mips64-elf/lib/libdragonsys.a(system.o)
                0x800234a0                __assert_func
 .text.__retarget_lock_init_recursive
                0x800234c0       0xa0 /n64_toolchain/lib/gcc/mips64-elf/14.2.0/../../../../mips64-elf/lib/libdragonsys.a(system.o)
                0x800234c0                __retarget_lock_init_recursive
 .text.__retarget_lock_close_recursive
                0x80023560       0x60 /n64_toolchain/lib/gcc/mips64-elf/14.2.0/../../../../mips64-elf/lib/libdragonsys.a(system.o)
                0x80023560                __retarget_lock_close_recursive
 .text.__retarget_lock_acquire_recursive
                0x800235c0       0x40 /n64_toolchain/lib/gcc/mips64-elf/14.2.0/../../../../mips64-elf/lib/libdragonsys.a(system.o)
                0x800235c0                __retarget_lock_acquire_recursive
 .text.__retarget_lock_release_recursive
                0x80023600       0x20 /n64_toolchain/lib/gcc/mips64-elf/14.2.0/../../../../mips64-elf/lib/libdragonsys.a(system.o)
                0x80023600                __retarget_lock_release_recursive
 *(keep.text.*)
 *(.init)
 .init          0x80023620        0x8 /n64_toolchain/lib/gcc/mips64-elf/14.2.0/crti.o
                0x80023620                _init
 *(.fini)
 .fini          0x80023628        0x8 /n64_toolchain/lib/gcc/mips64-elf/14.2.0/crti.o
                0x80023628                _fini
 *(.gnu.linkonce.t.*)
                0x80023630                        . = ALIGN (0x10)
                0x80023630                        __text_end = .

.eh_frame_hdr
 *(.eh_frame_hdr)

.eh_frame       0x80023630      0x428
                0x80023630                        __EH_FRAME_BEGIN__ = .
 *(.eh_frame)
 .eh_frame      0x80023630        0x0 /n64_toolchain/lib/gcc/mips64-elf/14.2.0/crtbegin.o
 .eh_frame      0x80023630      0x424 /n64_toolchain/lib/gcc/mips64-elf/14.2.0/libgcc.a(unwind-dw2-fde.o)
 .eh_frame      0x80023a54        0x4 /n64_toolchain/lib/gcc/mips64-elf/14.2.0/crtend.o

.gcc_except_table
 *(.gcc_except_table*)

.jcr
 *(.jcr)

.rodata         0x80023a58     0x5640
 *(.rdata)
 *(.rodata)
 .rodata        0x80023a58      0x188 /n64_toolchain/lib/gcc/mips64-elf/14.2.0/../../../../mips64-elf/lib/libc.a(libc_a-vfprintf.o)
 .rodata        0x80023be0      0x188 /n64_toolchain/lib/gcc/mips64-elf/14.2.0/../../../../mips64-elf/lib/libc.a(libc_a-svfprintf.o)
 .rodata        0x80023d68      0x128 /n64_toolchain/lib/gcc/mips64-elf/14.2.0/../../../../mips64-elf/lib/libc.a(libc_a-mprec.o)
                0x80023d78                __mprec_tinytens
                0x80023da0                __mprec_bigtens
                0x80023dc8                __mprec_tens
 .rodata        0x80023e90      0x288 /n64_toolchain/lib/gcc/mips64-elf/14.2.0/../../../../mips64-elf/lib/libc.a(libc_a-ctype_.o)
                0x80023e90                _ctype_
                0x80023f98                _ctype_b
 .rodata        0x80024118       0x40 /n64_toolchain/lib/gcc/mips64-elf/14.2.0/libgcc.a(unwind-dw2-fde.o)
 *(.rodata.*)
 .rodata.read_sprite.str1.8
                0x80024158     0x3bbe build/test.o
                                  0x2 (size before relaxing)
 .rodata.main.str1.8
                0x80027d16      0x11f build/test.o
 .rodata.cb.0.str1.8
                0x80027d16       0x1d /n64_toolchain/lib/gcc/mips64-elf/14.2.0/../../../../mips64-elf/lib/libdragon.a(debug.o)
 .rodata.debug_assert_func_f.str1.8
                0x80027d16       0x45 /n64_toolchain/lib/gcc/mips64-elf/14.2.0/../../../../mips64-elf/lib/libdragon.a(debug.o)
 .rodata.debug_hexdump.str1.8
                0x80027d16       0x33 /n64_toolchain/lib/gcc/mips64-elf/14.2.0/../../../../mips64-elf/lib/libdragon.a(debug.o)
 .rodata.__debug_backtrace.str1.8
                0x80027d16        0xc /n64_toolchain/lib/gcc/mips64-elf/14.2.0/../../../../mips64-elf/lib/libdragon.a(debug.o)
 .rodata.__open.str1.8
                0x80027d16        0x2 /n64_toolchain/lib/gcc/mips64-elf/14.2.0/../../../../mips64-elf/lib/libdragon.a(dragonfs.o)
 .rodata.dfs_init.str1.8
                0x80027d16       0x9e /n64_toolchain/lib/gcc/mips64-elf/14.2.0/../../../../mips64-elf/lib/libdragon.a(dragonfs.o)
 *fill*         0x80027d16        0x2 
 .rodata.__func__.0
                0x80027d18       0x16 /n64_toolchain/lib/gcc/mips64-elf/14.2.0/../../../../mips64-elf/lib/libdragon.a(dragonfs.o)
 .rodata.display_init.str1.8
                0x80027d2e      0x321 /n64_toolchain/lib/gcc/mips64-elf/14.2.0/../../../../mips64-elf/lib/libdragon.a(display.o)
 *fill*         0x80027d2e        0x2 
 .rodata.display_init
                0x80027d30       0x14 /n64_toolchain/lib/gcc/mips64-elf/14.2.0/../../../../mips64-elf/lib/libdragon.a(display.o)
 .rodata.display_get.str1.8
                0x80027d44       0x4c /n64_toolchain/lib/gcc/mips64-elf/14.2.0/../../../../mips64-elf/lib/libdragon.a(display.o)
 .rodata.display_show.str1.8
                0x80027d44       0xe9 /n64_toolchain/lib/gcc/mips64-elf/14.2.0/../../../../mips64-elf/lib/libdragon.a(display.o)
 *fill*         0x80027d44        0x4 
 .rodata.__func__.1
                0x80027d48        0xd /n64_toolchain/lib/gcc/mips64-elf/14.2.0/../../../../mips64-elf/lib/libdragon.a(display.o)
 *fill*         0x80027d55        0x3 
 .rodata.__func__.2
                0x80027d58        0xc /n64_toolchain/lib/gcc/mips64-elf/14.2.0/../../../../mips64-elf/lib/libdragon.a(display.o)
 *fill*         0x80027d64        0x4 
 .rodata.__func__.6
                0x80027d68        0xd /n64_toolchain/lib/gcc/mips64-elf/14.2.0/../../../../mips64-elf/lib/libdragon.a(display.o)
 .rodata.surface_alloc.str1.8
                0x80027d75       0x62 /n64_toolchain/lib/gcc/mips64-elf/14.2.0/../../../../mips64-elf/lib/libdragon.a(surface.o)
 *fill*         0x80027d75        0x3 
 .rodata.__func__.1
                0x80027d78        0xe /n64_toolchain/lib/gcc/mips64-elf/14.2.0/../../../../mips64-elf/lib/libdragon.a(surface.o)
 .rodata.joypad_get_axis_values.constprop.0.str1.8
                0x80027d86       0x9f /n64_toolchain/lib/gcc/mips64-elf/14.2.0/../../../../mips64-elf/lib/libdragon.a(joypad.o)
 *fill*         0x80027d86        0x2 
 .rodata.__func__.3
                0x80027d88       0x1b /n64_toolchain/lib/gcc/mips64-elf/14.2.0/../../../../mips64-elf/lib/libdragon.a(joypad.o)
 *fill*         0x80027da3        0x5 
 .rodata.__func__.9
                0x80027da8       0x1c /n64_toolchain/lib/gcc/mips64-elf/14.2.0/../../../../mips64-elf/lib/libdragon.a(joypad.o)
 *fill*         0x80027dc4        0x4 
 .rodata.__func__.18
                0x80027dc8        0xc /n64_toolchain/lib/gcc/mips64-elf/14.2.0/../../../../mips64-elf/lib/libdragon.a(joypad.o)
 *fill*         0x80027dd4        0x4 
 .rodata.__func__.19
                0x80027dd8        0xc /n64_toolchain/lib/gcc/mips64-elf/14.2.0/../../../../mips64-elf/lib/libdragon.a(joypad.o)
 *fill*         0x80027de4        0x4 
 .rodata.__func__.20
                0x80027de8        0xd /n64_toolchain/lib/gcc/mips64-elf/14.2.0/../../../../mips64-elf/lib/libdragon.a(joypad.o)
 *fill*         0x80027df5        0x3 
 .rodata.__func__.22
                0x80027df8       0x17 /n64_toolchain/lib/gcc/mips64-elf/14.2.0/../../../../mips64-elf/lib/libdragon.a(joypad.o)
 .rodata.joypad_accessory_check_read_crc_error.str1.8
                0x80027e0f       0x4f /n64_toolchain/lib/gcc/mips64-elf/14.2.0/../../../../mips64-elf/lib/libdragon.a(joypad_accessory.o)
 *fill*         0x80027e0f        0x1 
 .rodata.joypad_accessory_detect_write_callback
                0x80027e10       0x34 /n64_toolchain/lib/gcc/mips64-elf/14.2.0/../../../../mips64-elf/lib/libdragon.a(joypad_accessory.o)
 .rodata.joypad_transfer_pak_enable_write_callback.str1.8
                0x80027e44       0x33 /n64_toolchain/lib/gcc/mips64-elf/14.2.0/../../../../mips64-elf/lib/libdragon.a(joypad_accessory.o)
 .rodata.joypad_accessory_detect_read_callback
                0x80027e44       0x2c /n64_toolchain/lib/gcc/mips64-elf/14.2.0/../../../../mips64-elf/lib/libdragon.a(joypad_accessory.o)
 .rodata.joypad_accessory_reset.str1.8
                0x80027e70       0x2a /n64_toolchain/lib/gcc/mips64-elf/14.2.0/../../../../mips64-elf/lib/libdragon.a(joypad_accessory.o)
 .rodata.__func__.8
                0x80027e70       0x1e /n64_toolchain/lib/gcc/mips64-elf/14.2.0/../../../../mips64-elf/lib/libdragon.a(joypad_accessory.o)
 *fill*         0x80027e8e        0x2 
 .rodata.__func__.9
                0x80027e90       0x27 /n64_toolchain/lib/gcc/mips64-elf/14.2.0/../../../../mips64-elf/lib/libdragon.a(joypad_accessory.o)
 *fill*         0x80027eb7        0x1 
 .rodata.__func__.10
                0x80027eb8       0x2a /n64_toolchain/lib/gcc/mips64-elf/14.2.0/../../../../mips64-elf/lib/libdragon.a(joypad_accessory.o)
 *fill*         0x80027ee2        0x6 
 .rodata.__func__.11
                0x80027ee8       0x26 /n64_toolchain/lib/gcc/mips64-elf/14.2.0/../../../../mips64-elf/lib/libdragon.a(joypad_accessory.o)
 *fill*         0x80027f0e        0x2 
 .rodata.__func__.12
                0x80027f10       0x24 /n64_toolchain/lib/gcc/mips64-elf/14.2.0/../../../../mips64-elf/lib/libdragon.a(joypad_accessory.o)
 *fill*         0x80027f34        0x4 
 .rodata.__func__.13
                0x80027f38       0x17 /n64_toolchain/lib/gcc/mips64-elf/14.2.0/../../../../mips64-elf/lib/libdragon.a(joypad_accessory.o)
 *fill*         0x80027f4f        0x1 
 .rodata.__font_data
                0x80027f50      0x800 /n64_toolchain/lib/gcc/mips64-elf/14.2.0/../../../../mips64-elf/lib/libdragon.a(graphics.o)
 .rodata.rsp_load_code.str1.8
                0x80028750       0x47 /n64_toolchain/lib/gcc/mips64-elf/14.2.0/../../../../mips64-elf/lib/libdragon.a(rsp.o)
 .rodata.rsp_load_data.str1.8
                0x80028750       0x17 /n64_toolchain/lib/gcc/mips64-elf/14.2.0/../../../../mips64-elf/lib/libdragon.a(rsp.o)
 .rodata.__rsp_crash.str1.8
                0x80028750      0x7ef /n64_toolchain/lib/gcc/mips64-elf/14.2.0/../../../../mips64-elf/lib/libdragon.a(rsp.o)
 .rodata.rsp_wait.str1.8
                0x80028750       0x1c /n64_toolchain/lib/gcc/mips64-elf/14.2.0/../../../../mips64-elf/lib/libdragon.a(rsp.o)
 .rodata.__func__.0
                0x80028750        0x9 /n64_toolchain/lib/gcc/mips64-elf/14.2.0/../../../../mips64-elf/lib/libdragon.a(rsp.o)
 *fill*         0x80028759        0x7 
 .rodata.__func__.1
                0x80028760        0xe /n64_toolchain/lib/gcc/mips64-elf/14.2.0/../../../../mips64-elf/lib/libdragon.a(rsp.o)
 *fill*         0x8002876e        0x2 
 .rodata.__func__.2
                0x80028770        0xe /n64_toolchain/lib/gcc/mips64-elf/14.2.0/../../../../mips64-elf/lib/libdragon.a(rsp.o)
 *fill*         0x8002877e        0x2 
 .rodata.__func__.3
                0x80028780        0xe /n64_toolchain/lib/gcc/mips64-elf/14.2.0/../../../../mips64-elf/lib/libdragon.a(rsp.o)
 *fill*         0x8002878e        0x2 
 .rodata.__func__.4
                0x80028790        0xe /n64_toolchain/lib/gcc/mips64-elf/14.2.0/../../../../mips64-elf/lib/libdragon.a(rsp.o)
 .rodata.str1.8
                0x8002879e        0xa /n64_toolchain/lib/gcc/mips64-elf/14.2.0/../../../../mips64-elf/lib/libdragon.a(rsp.o)
 .rodata.cb.2.str1.8
                0x8002879e       0x22 /n64_toolchain/lib/gcc/mips64-elf/14.2.0/../../../../mips64-elf/lib/libdragon.a(inspector.o)
 .rodata.cb.1.str1.8
                0x8002879e        0xc /n64_toolchain/lib/gcc/mips64-elf/14.2.0/../../../../mips64-elf/lib/libdragon.a(inspector.o)
 .rodata.inspector_print_backtrace.str1.8
                0x8002879e       0x1c /n64_toolchain/lib/gcc/mips64-elf/14.2.0/../../../../mips64-elf/lib/libdragon.a(inspector.o)
 .rodata.cb.0.str1.8
                0x8002879e       0x27 /n64_toolchain/lib/gcc/mips64-elf/14.2.0/../../../../mips64-elf/lib/libdragon.a(inspector.o)
 .rodata.cb.3.str1.8
                0x8002879e       0x2a /n64_toolchain/lib/gcc/mips64-elf/14.2.0/../../../../mips64-elf/lib/libdragon.a(inspector.o)
 *fill*         0x8002879e        0x2 
 .rodata.inspector_stdout
                0x800287a0       0x54 /n64_toolchain/lib/gcc/mips64-elf/14.2.0/../../../../mips64-elf/lib/libdragon.a(inspector.o)
 .rodata.mips_disasm.str1.8
                0x800287f4      0x1ce /n64_toolchain/lib/gcc/mips64-elf/14.2.0/../../../../mips64-elf/lib/libdragon.a(inspector.o)
 .rodata.mips_disasm
                0x800287f4       0xc0 /n64_toolchain/lib/gcc/mips64-elf/14.2.0/../../../../mips64-elf/lib/libdragon.a(inspector.o)
 .rodata.inspector.str1.8
                0x800288b4      0x33c /n64_toolchain/lib/gcc/mips64-elf/14.2.0/../../../../mips64-elf/lib/libdragon.a(inspector.o)
 .rodata.inspector
                0x800288b4       0x18 /n64_toolchain/lib/gcc/mips64-elf/14.2.0/../../../../mips64-elf/lib/libdragon.a(inspector.o)
 .rodata.str1.8
                0x800288cc      0x6cb /n64_toolchain/lib/gcc/mips64-elf/14.2.0/../../../../mips64-elf/lib/libdragon.a(inspector.o)
 *fill*         0x800288cc        0x4 
 .rodata.CSWTCH.159
                0x800288d0       0x14 /n64_toolchain/lib/gcc/mips64-elf/14.2.0/../../../../mips64-elf/lib/libdragon.a(inspector.o)
 *fill*         0x800288e4        0x4 
 .rodata.fpu_ops.7
                0x800288e8      0x100 /n64_toolchain/lib/gcc/mips64-elf/14.2.0/../../../../mips64-elf/lib/libdragon.a(inspector.o)
 .rodata.special.8
                0x800289e8      0x100 /n64_toolchain/lib/gcc/mips64-elf/14.2.0/../../../../mips64-elf/lib/libdragon.a(inspector.o)
 .rodata.ops.9  0x80028ae8      0x100 /n64_toolchain/lib/gcc/mips64-elf/14.2.0/../../../../mips64-elf/lib/libdragon.a(inspector.o)
 .rodata.RESOLUTION_640x240
                0x80028be8       0x18 /n64_toolchain/lib/gcc/mips64-elf/14.2.0/../../../../mips64-elf/lib/libdragon.a(inspector.o)
 .rodata.__sprite_upgrade.part.0.str1.8
                0x80028c00       0x85 /n64_toolchain/lib/gcc/mips64-elf/14.2.0/../../../../mips64-elf/lib/libdragon.a(sprite.o)
 .rodata.__func__.4
                0x80028c00       0x11 /n64_toolchain/lib/gcc/mips64-elf/14.2.0/../../../../mips64-elf/lib/libdragon.a(sprite.o)
 .rodata.dma_write_raw_async.part.0.str1.8
                0x80028c11       0x12 /n64_toolchain/lib/gcc/mips64-elf/14.2.0/../../../../mips64-elf/lib/libdragon.a(dma.o)
 .rodata.dma_read_async.str1.8
                0x80028c11       0x8d /n64_toolchain/lib/gcc/mips64-elf/14.2.0/../../../../mips64-elf/lib/libdragon.a(dma.o)
 *fill*         0x80028c11        0x7 
 .rodata.__func__.0
                0x80028c18        0xf /n64_toolchain/lib/gcc/mips64-elf/14.2.0/../../../../mips64-elf/lib/libdragon.a(dma.o)
 .rodata.timer_poll.str1.8
                0x80028c27       0x89 /n64_toolchain/lib/gcc/mips64-elf/14.2.0/../../../../mips64-elf/lib/libdragon.a(timer.o)
 .rodata.new_timer.str1.8
                0x80028c27       0x35 /n64_toolchain/lib/gcc/mips64-elf/14.2.0/../../../../mips64-elf/lib/libdragon.a(timer.o)
 *fill*         0x80028c27        0x1 
 .rodata.__func__.3
                0x80028c28        0xb /n64_toolchain/lib/gcc/mips64-elf/14.2.0/../../../../mips64-elf/lib/libdragon.a(timer.o)
 *fill*         0x80028c33        0x5 
 .rodata.__func__.6
                0x80028c38       0x12 /n64_toolchain/lib/gcc/mips64-elf/14.2.0/../../../../mips64-elf/lib/libdragon.a(timer.o)
 *fill*         0x80028c4a        0x6 
 .rodata.__func__.8
                0x80028c50        0xb /n64_toolchain/lib/gcc/mips64-elf/14.2.0/../../../../mips64-elf/lib/libdragon.a(timer.o)
 .rodata.cb.0.str1.8
                0x80028c5b       0x17 /n64_toolchain/lib/gcc/mips64-elf/14.2.0/../../../../mips64-elf/lib/libdragon.a(exception.o)
 .rodata.cb.1.str1.8
                0x80028c5b       0x19 /n64_toolchain/lib/gcc/mips64-elf/14.2.0/../../../../mips64-elf/lib/libdragon.a(exception.o)
 .rodata.__get_exception_name.isra.0.str1.8
                0x80028c5b      0x3ee /n64_toolchain/lib/gcc/mips64-elf/14.2.0/../../../../mips64-elf/lib/libdragon.a(exception.o)
 *fill*         0x80028c5b        0x1 
 .rodata.__get_exception_name.isra.0
                0x80028c5c       0x40 /n64_toolchain/lib/gcc/mips64-elf/14.2.0/../../../../mips64-elf/lib/libdragon.a(exception.o)
 .rodata.__exception_dump_header.str1.8
                0x80028c9c      0x1a5 /n64_toolchain/lib/gcc/mips64-elf/14.2.0/../../../../mips64-elf/lib/libdragon.a(exception.o)
 .rodata.__exception_dump_header
                0x80028c9c       0x60 /n64_toolchain/lib/gcc/mips64-elf/14.2.0/../../../../mips64-elf/lib/libdragon.a(exception.o)
 .rodata.__exception_dump_gpr.str1.8
                0x80028cfc       0x34 /n64_toolchain/lib/gcc/mips64-elf/14.2.0/../../../../mips64-elf/lib/libdragon.a(exception.o)
 .rodata.__exception_dump_fpr.str1.8
                0x80028cfc       0x3e /n64_toolchain/lib/gcc/mips64-elf/14.2.0/../../../../mips64-elf/lib/libdragon.a(exception.o)
 .rodata.exception_default_handler.str1.8
                0x80028cfc       0x3e /n64_toolchain/lib/gcc/mips64-elf/14.2.0/../../../../mips64-elf/lib/libdragon.a(exception.o)
 .rodata.register_syscall_handler.str1.8
                0x80028cfc      0x143 /n64_toolchain/lib/gcc/mips64-elf/14.2.0/../../../../mips64-elf/lib/libdragon.a(exception.o)
 *fill*         0x80028cfc        0x4 
 .rodata.__func__.2
                0x80028d00       0x19 /n64_toolchain/lib/gcc/mips64-elf/14.2.0/../../../../mips64-elf/lib/libdragon.a(exception.o)
 .rodata.str1.8
                0x80028d19      0x166 /n64_toolchain/lib/gcc/mips64-elf/14.2.0/../../../../mips64-elf/lib/libdragon.a(exception.o)
 *fill*         0x80028d19        0x7 
 .rodata.exceptionMap.3
                0x80028d20       0x80 /n64_toolchain/lib/gcc/mips64-elf/14.2.0/../../../../mips64-elf/lib/libdragon.a(exception.o)
 .rodata.__do_global_ctors.str1.8
                0x80028da0       0xa1 /n64_toolchain/lib/gcc/mips64-elf/14.2.0/../../../../mips64-elf/lib/libdragon.a(do_ctors.o)
 .rodata.__wrap___do_global_ctors.str1.8
                0x80028da0       0xbb /n64_toolchain/lib/gcc/mips64-elf/14.2.0/../../../../mips64-elf/lib/libdragon.a(do_ctors.o)
 .rodata.__func__.0
                0x80028da0       0x19 /n64_toolchain/lib/gcc/mips64-elf/14.2.0/../../../../mips64-elf/lib/libdragon.a(do_ctors.o)
 .rodata.__thlist_add.part.0.str1.8
                0x80028db9       0x34 /n64_toolchain/lib/gcc/mips64-elf/14.2.0/../../../../mips64-elf/lib/libdragon.a(kernel.o)
 .rodata.__kthread_check_overflow.str1.8
                0x80028db9       0xf2 /n64_toolchain/lib/gcc/mips64-elf/14.2.0/../../../../mips64-elf/lib/libdragon.a(kernel.o)
 .rodata.__thlist_pop.str1.8
                0x80028db9       0x3a /n64_toolchain/lib/gcc/mips64-elf/14.2.0/../../../../mips64-elf/lib/libdragon.a(kernel.o)
 .rodata.__kthread_syscall_schedule.str1.8
                0x80028db9      0x19f /n64_toolchain/lib/gcc/mips64-elf/14.2.0/../../../../mips64-elf/lib/libdragon.a(kernel.o)
 .rodata.__kthread_new_internal.str1.8
                0x80028db9       0x4b /n64_toolchain/lib/gcc/mips64-elf/14.2.0/../../../../mips64-elf/lib/libdragon.a(kernel.o)
 .rodata.kmutex_init.str1.8
                0x80028db9        0x6 /n64_toolchain/lib/gcc/mips64-elf/14.2.0/../../../../mips64-elf/lib/libdragon.a(kernel.o)
 .rodata.kmutex_destroy.str1.8
                0x80028db9       0x89 /n64_toolchain/lib/gcc/mips64-elf/14.2.0/../../../../mips64-elf/lib/libdragon.a(kernel.o)
 .rodata.kmutex_lock.str1.8
                0x80028db9       0x4d /n64_toolchain/lib/gcc/mips64-elf/14.2.0/../../../../mips64-elf/lib/libdragon.a(kernel.o)
 .rodata.kmutex_unlock.str1.8
                0x80028db9       0xaf /n64_toolchain/lib/gcc/mips64-elf/14.2.0/../../../../mips64-elf/lib/libdragon.a(kernel.o)
 .rodata.kcond_wait.str1.8
                0x80028db9       0x88 /n64_toolchain/lib/gcc/mips64-elf/14.2.0/../../../../mips64-elf/lib/libdragon.a(kernel.o)
 *fill*         0x80028db9        0x7 
 .rodata.__func__.4
                0x80028dc0        0xb /n64_toolchain/lib/gcc/mips64-elf/14.2.0/../../../../mips64-elf/lib/libdragon.a(kernel.o)
 *fill*         0x80028dcb        0x5 
 .rodata.__func__.6
                0x80028dd0        0xe /n64_toolchain/lib/gcc/mips64-elf/14.2.0/../../../../mips64-elf/lib/libdragon.a(kernel.o)
 *fill*         0x80028dde        0x2 
 .rodata.__func__.8
                0x80028de0        0xc /n64_toolchain/lib/gcc/mips64-elf/14.2.0/../../../../mips64-elf/lib/libdragon.a(kernel.o)
 *fill*         0x80028dec        0x4 
 .rodata.__func__.9
                0x80028df0        0xf /n64_toolchain/lib/gcc/mips64-elf/14.2.0/../../../../mips64-elf/lib/libdragon.a(kernel.o)
 *fill*         0x80028dff        0x1 
 .rodata.__func__.10
                0x80028e00        0xc /n64_toolchain/lib/gcc/mips64-elf/14.2.0/../../../../mips64-elf/lib/libdragon.a(kernel.o)
 *fill*         0x80028e0c        0x4 
 .rodata.__func__.18
                0x80028e10       0x1b /n64_toolchain/lib/gcc/mips64-elf/14.2.0/../../../../mips64-elf/lib/libdragon.a(kernel.o)
 *fill*         0x80028e2b        0x5 
 .rodata.__func__.19
                0x80028e30        0xd /n64_toolchain/lib/gcc/mips64-elf/14.2.0/../../../../mips64-elf/lib/libdragon.a(kernel.o)
 *fill*         0x80028e3d        0x3 
 .rodata.__func__.20
                0x80028e40        0xd /n64_toolchain/lib/gcc/mips64-elf/14.2.0/../../../../mips64-elf/lib/libdragon.a(kernel.o)
 *fill*         0x80028e4d        0x3 
 .rodata.__func__.21
                0x80028e50       0x19 /n64_toolchain/lib/gcc/mips64-elf/14.2.0/../../../../mips64-elf/lib/libdragon.a(kernel.o)
 .rodata.data_cache_hit_invalidate.str1.8
                0x80028e69       0x45 /n64_toolchain/lib/gcc/mips64-elf/14.2.0/../../../../mips64-elf/lib/libdragon.a(n64sys.o)
 *fill*         0x80028e69        0x7 
 .rodata.__func__.1
                0x80028e70       0x1a /n64_toolchain/lib/gcc/mips64-elf/14.2.0/../../../../mips64-elf/lib/libdragon.a(n64sys.o)
 .rodata.__MI_BB_handler.str1.8
                0x80028e8a      0x18e /n64_toolchain/lib/gcc/mips64-elf/14.2.0/../../../../mips64-elf/lib/libdragon.a(interrupt.o)
 .rodata.__CART_handler.str1.8
                0x80028e8a       0x7a /n64_toolchain/lib/gcc/mips64-elf/14.2.0/../../../../mips64-elf/lib/libdragon.a(interrupt.o)
 .rodata.register_RESET_handler.str1.8
                0x80028e8a       0x1b /n64_toolchain/lib/gcc/mips64-elf/14.2.0/../../../../mips64-elf/lib/libdragon.a(interrupt.o)
 .rodata.enable_interrupts.str1.8
                0x80028e8a       0x3c /n64_toolchain/lib/gcc/mips64-elf/14.2.0/../../../../mips64-elf/lib/libdragon.a(interrupt.o)
 *fill*         0x80028e8a        0x6 
 .rodata.__func__.0
                0x80028e90       0x12 /n64_toolchain/lib/gcc/mips64-elf/14.2.0/../../../../mips64-elf/lib/libdragon.a(interrupt.o)
 *fill*         0x80028ea2        0x6 
 .rodata.__func__.2
                0x80028ea8       0x17 /n64_toolchain/lib/gcc/mips64-elf/14.2.0/../../../../mips64-elf/lib/libdragon.a(interrupt.o)
 *fill*         0x80028ebf        0x1 
 .rodata.__func__.3
                0x80028ec0        0xf /n64_toolchain/lib/gcc/mips64-elf/14.2.0/../../../../mips64-elf/lib/libdragon.a(interrupt.o)
 *fill*         0x80028ecf        0x1 
 .rodata.__func__.5
                0x80028ed0       0x10 /n64_toolchain/lib/gcc/mips64-elf/14.2.0/../../../../mips64-elf/lib/libdragon.a(interrupt.o)
 .rodata.symt_open.str1.8
                0x80028ee0       0xc3 /n64_toolchain/lib/gcc/mips64-elf/14.2.0/../../../../mips64-elf/lib/libdragon.a(backtrace.o)
 .rodata.symt_addrtab_entry.isra.0.str1.8
                0x80028ee0       0x38 /n64_toolchain/lib/gcc/mips64-elf/14.2.0/../../../../mips64-elf/lib/libdragon.a(backtrace.o)
 .rodata.format_entry.str1.8
                0x80028ee0       0x14 /n64_toolchain/lib/gcc/mips64-elf/14.2.0/../../../../mips64-elf/lib/libdragon.a(backtrace.o)
 .rodata.__symbolize.str1.8
                0x80028ee0       0x13 /n64_toolchain/lib/gcc/mips64-elf/14.2.0/../../../../mips64-elf/lib/libdragon.a(backtrace.o)
 .rodata.__bt_analyze_func.str1.8
                0x80028ee0       0x42 /n64_toolchain/lib/gcc/mips64-elf/14.2.0/../../../../mips64-elf/lib/libdragon.a(backtrace.o)
 .rodata.backtrace_foreach.constprop.0.str1.8
                0x80028ee0       0x81 /n64_toolchain/lib/gcc/mips64-elf/14.2.0/../../../../mips64-elf/lib/libdragon.a(backtrace.o)
 .rodata.backtrace_symbols_cb.str1.8
                0x80028ee0       0x22 /n64_toolchain/lib/gcc/mips64-elf/14.2.0/../../../../mips64-elf/lib/libdragon.a(backtrace.o)
 .rodata.backtrace_frame_print.str1.8
                0x80028ee0       0x35 /n64_toolchain/lib/gcc/mips64-elf/14.2.0/../../../../mips64-elf/lib/libdragon.a(backtrace.o)
 .rodata.backtrace_frame_print_compact.str1.8
                0x80028ee0       0x2a /n64_toolchain/lib/gcc/mips64-elf/14.2.0/../../../../mips64-elf/lib/libdragon.a(backtrace.o)
 .rodata.__func__.3
                0x80028ee0       0x13 /n64_toolchain/lib/gcc/mips64-elf/14.2.0/../../../../mips64-elf/lib/libdragon.a(backtrace.o)
 .rodata.rompak_search_ext.str1.8
                0x80028ef3       0xb7 /n64_toolchain/lib/gcc/mips64-elf/14.2.0/../../../../mips64-elf/lib/libdragon.a(rompak.o)
 *fill*         0x80028ef3        0x5 
 .rodata.__func__.0
                0x80028ef8       0x12 /n64_toolchain/lib/gcc/mips64-elf/14.2.0/../../../../mips64-elf/lib/libdragon.a(rompak.o)
 .rodata.__vi_validate_config.str1.8
                0x80028f0a      0x33c /n64_toolchain/lib/gcc/mips64-elf/14.2.0/../../../../mips64-elf/lib/libdragon.a(vi.o)
 .rodata.vi_write_idx_masked.str1.8
                0x80028f0a       0x56 /n64_toolchain/lib/gcc/mips64-elf/14.2.0/../../../../mips64-elf/lib/libdragon.a(vi.o)
 .rodata.vi_write_end.str1.8
                0x80028f0a       0x3c /n64_toolchain/lib/gcc/mips64-elf/14.2.0/../../../../mips64-elf/lib/libdragon.a(vi.o)
 .rodata.vi_set_origin.str1.8
                0x80028f0a       0x85 /n64_toolchain/lib/gcc/mips64-elf/14.2.0/../../../../mips64-elf/lib/libdragon.a(vi.o)
 .rodata.vi_show.str1.8
                0x80028f0a       0x64 /n64_toolchain/lib/gcc/mips64-elf/14.2.0/../../../../mips64-elf/lib/libdragon.a(vi.o)
 .rodata.vi_install_vblank_handler.str1.8
                0x80028f0a       0x21 /n64_toolchain/lib/gcc/mips64-elf/14.2.0/../../../../mips64-elf/lib/libdragon.a(vi.o)
 .rodata.vi_uninstall_vblank_handler.str1.8
                0x80028f0a       0x19 /n64_toolchain/lib/gcc/mips64-elf/14.2.0/../../../../mips64-elf/lib/libdragon.a(vi.o)
 *fill*         0x80028f0a        0x6 
 .rodata.__func__.2
                0x80028f10       0x1c /n64_toolchain/lib/gcc/mips64-elf/14.2.0/../../../../mips64-elf/lib/libdragon.a(vi.o)
 *fill*         0x80028f2c        0x4 
 .rodata.__func__.3
                0x80028f30       0x1a /n64_toolchain/lib/gcc/mips64-elf/14.2.0/../../../../mips64-elf/lib/libdragon.a(vi.o)
 *fill*         0x80028f4a        0x6 
 .rodata.__func__.7
                0x80028f50        0xe /n64_toolchain/lib/gcc/mips64-elf/14.2.0/../../../../mips64-elf/lib/libdragon.a(vi.o)
 *fill*         0x80028f5e        0x2 
 .rodata.__func__.8
                0x80028f60       0x14 /n64_toolchain/lib/gcc/mips64-elf/14.2.0/../../../../mips64-elf/lib/libdragon.a(vi.o)
 *fill*         0x80028f74        0x4 
 .rodata.__func__.9
                0x80028f78        0xd /n64_toolchain/lib/gcc/mips64-elf/14.2.0/../../../../mips64-elf/lib/libdragon.a(vi.o)
 *fill*         0x80028f85        0x3 
 .rodata.vi_presets
                0x80028f88       0x78 /n64_toolchain/lib/gcc/mips64-elf/14.2.0/../../../../mips64-elf/lib/libdragon.a(vi.o)
 .rodata.RESOLUTION_640x240
                0x80029000       0x18 /n64_toolchain/lib/gcc/mips64-elf/14.2.0/../../../../mips64-elf/lib/libdragon.a(console.o)
 .rodata.joybus_msg_send.str1.8
                0x80029018       0x55 /n64_toolchain/lib/gcc/mips64-elf/14.2.0/../../../../mips64-elf/lib/libdragon.a(joybus.o)
 .rodata.si_interrupt.str1.8
                0x80029018       0x40 /n64_toolchain/lib/gcc/mips64-elf/14.2.0/../../../../mips64-elf/lib/libdragon.a(joybus.o)
 .rodata.joybus_exec_async.str1.8
                0x80029018       0x4a /n64_toolchain/lib/gcc/mips64-elf/14.2.0/../../../../mips64-elf/lib/libdragon.a(joybus.o)
 .rodata.__func__.1
                0x80029018       0x12 /n64_toolchain/lib/gcc/mips64-elf/14.2.0/../../../../mips64-elf/lib/libdragon.a(joybus.o)
 *fill*         0x8002902a        0x6 
 .rodata.__func__.2
                0x80029030       0x10 /n64_toolchain/lib/gcc/mips64-elf/14.2.0/../../../../mips64-elf/lib/libdragon.a(joybus.o)
 .rodata.__func__.3
                0x80029040       0x10 /n64_toolchain/lib/gcc/mips64-elf/14.2.0/../../../../mips64-elf/lib/libdragon.a(joybus.o)
 .rodata.__func__.4
                0x80029050        0xd /n64_toolchain/lib/gcc/mips64-elf/14.2.0/../../../../mips64-elf/lib/libdragon.a(joybus.o)
 *fill*         0x8002905d        0x3 
 .rodata.xor_table.1
                0x80029060       0x20 /n64_toolchain/lib/gcc/mips64-elf/14.2.0/../../../../mips64-elf/lib/libdragon.a(joybus_accessory.o)
 .rodata.__retarget_lock_init.str1.8
                0x80029080       0x22 /n64_toolchain/lib/gcc/mips64-elf/14.2.0/../../../../mips64-elf/lib/libdragonsys.a(system.o)
 .rodata.__func__.0
                0x80029080       0x13 /n64_toolchain/lib/gcc/mips64-elf/14.2.0/../../../../mips64-elf/lib/libdragonsys.a(system.o)
 .rodata.str1.8
                0x80029093       0x5a /n64_toolchain/lib/gcc/mips64-elf/14.2.0/../../../../mips64-elf/lib/libc.a(libc_a-vfprintf.o)
 .rodata.str1.8
                0x80029093       0x5a /n64_toolchain/lib/gcc/mips64-elf/14.2.0/../../../../mips64-elf/lib/libc.a(libc_a-svfprintf.o)
 .rodata.str1.8
                0x80029093       0x71 /n64_toolchain/lib/gcc/mips64-elf/14.2.0/../../../../mips64-elf/lib/libc.a(libc_a-dtoa.o)
 .rodata.str1.8
                0x80029093        0x2 /n64_toolchain/lib/gcc/mips64-elf/14.2.0/../../../../mips64-elf/lib/libc.a(libc_a-puts.o)
 .rodata.str1.8
                0x80029093       0x52 /n64_toolchain/lib/gcc/mips64-elf/14.2.0/../../../../mips64-elf/lib/libc.a(libc_a-mprec.o)
 .rodata.str1.8
                0x80029093       0x1a /n64_toolchain/lib/gcc/mips64-elf/14.2.0/../../../../mips64-elf/lib/libc.a(libc_a-locale.o)
 *(keep.rodata.*)
 *(.gnu.linkonce.r.*)
                0x80029104                        . = ALIGN (0x4)
 *fill*         0x80029093        0x1 
                0x80029094                        __tdata_align = .
                0x80029094        0x4 LONG 0x1 ALIGNOF (.tdata)
                0x80029098                        . = ALIGN (0x8)

.MIPS.abiflags  0x80029098       0x18
 .MIPS.abiflags
                0x80029098       0x18 /n64_toolchain/lib/gcc/mips64-elf/14.2.0/crti.o

.rel.dyn        0x800290b0        0x0
 .rel.dyn       0x800290b0        0x0 /n64_toolchain/lib/gcc/mips64-elf/14.2.0/../../../../mips64-elf/lib/libdragon.a(rsp.o)
                0x800290b0                        . = ALIGN (0x4)

.ctors          0x800290b0       0x1c
                0x800290b0                        __CTOR_LIST__ = .
 *(EXCLUDE_FILE(*crtend.o) .ctors)
 .ctors         0x800290b0        0x4 /n64_toolchain/lib/gcc/mips64-elf/14.2.0/crtbegin.o
 .ctors         0x800290b4        0x4 /n64_toolchain/lib/gcc/mips64-elf/14.2.0/../../../../mips64-elf/lib/libdragon.a(inspector.o)